<html>
<body>
<pre>
<h1>礦ision Build Log</h1>
<h2>Tool Versions:</h2>
IDE-Version: μVision V5.20.0.39
Copyright (C) 2016 ARM Ltd and ARM Germany GmbH. All rights reserved.
License Information: ADADA Administrator, FAFA, LIC=14HV2-93P5R-NNHAF-64RB5-7WGZ3-YF2MS
 
Tool Versions:
Toolchain:       MDK-ARM Plus  Version: 5.30.0.0
Toolchain Path:  D:\Keil_v5\ARM\ARMCC\Bin
C Compiler:      Armcc.exe V5.06 update 6 (build 750)
Assembler:       Armasm.exe V5.06 update 6 (build 750)
Linker/Locator:  ArmLink.exe V5.06 update 6 (build 750)
Library Manager: ArmAr.exe V5.06 update 6 (build 750)
Hex Converter:   FromElf.exe V5.06 update 6 (build 750)
CPU DLL:         SARMCM3.DLL V5.30.0.0
Dialog DLL:      DARMSTM.DLL V1.68.0.0
Target DLL:      STLink\ST-LINKIII-KEIL_SWO.dll V3.0.7.0
Dialog DLL:      TARMSTM.DLL V1.66.0.0
 
<h2>Project:</h2>
F:\成品资料\8智能浇花系统\6.智能浇花系统-第六版\1-程序源文件\硬件源码\Stm32Code\Project\template.uvprojx
Project File Date:  10/24/2024

<h2>Output:</h2>
*** Using Compiler 'V5.06 update 6 (build 750)', folder: 'D:\Keil_v5\ARM\ARMCC\Bin'
Build target 'template'
compiling main.c...
compiling time4.c...
compiling time3.c...
compiling time1.c...
compiling menu.c...
compiling key.c...
compiling time2.c...
compiling bsp_beep.c...
compiling sys.c...
compiling my_usart2.c...
compiling my_usart1.c...
compiling utils_hmac.c...
compiling relay.c...
compiling wifi.c...
compiling led.c...
compiling DHT11.c...
compiling adc.c...
compiling sgp30.c...
compiling mqtt.c...
compiling bsp_oled_iic.c...
compiling utils_md5.c...
compiling utils_sha1.c...
linking...
Program Size: Code=18080 RO-data=7540 RW-data=172 ZI-data=12180  
FromELF: creating hex file...
".\Objects\template.axf" - 0 Error(s), 0 Warning(s).

<h2>Collection of Component include folders:</h2>
  F:\成品资料\8智能浇花系统\6.智能浇花系统-第六版\1-程序源文件\硬件源码\Stm32Code\Project\RTE
  D:\Users\Administrator\AppData\Local\Arm\Packs\Keil\STM32F1xx_DFP\2.3.0\Device\Include

<h2>Collection of Component Files used:</h2>
Build Time Elapsed:  00:00:05
</pre>
</body>
</html>
