Component: Arm Compiler for Embedded 6.24 Tool: armlink [5f371500]

==============================================================================

Section Cross References

    main.o(.ARM.exidx.text.get_soil_moisture) refers to main.o(.text.get_soil_moisture) for [Anonymous Symbol]
    main.o(.text.main) refers to delay.o(.text.delay_init) for delay_init
    main.o(.text.main) refers to time4.o(.text.TIM4_Init) for TIM4_Init
    main.o(.text.main) refers to time2.o(.text.TIM2_Init) for TIM2_Init
    main.o(.text.main) refers to sys.o(.text.NVIC_Config) for NVIC_Config
    main.o(.text.main) refers to misc.o(.text.NVIC_PriorityGroupConfig) for NVIC_PriorityGroupConfig
    main.o(.text.main) refers to my_usart1.o(.text.My_USART1) for My_USART1
    main.o(.text.main) refers to my_usart2.o(.text.My_USART2) for My_USART2
    main.o(.text.main) refers to relay.o(.text.RELAY_GPIO_Config) for RELAY_GPIO_Config
    main.o(.text.main) refers to adc.o(.text.Adc_Init) for Adc_Init
    main.o(.text.main) refers to bsp_oled_iic.o(.text.oled_Init) for oled_Init
    main.o(.text.main) refers to led.o(.text.wifi_GPIO_Config) for wifi_GPIO_Config
    main.o(.text.main) refers to mqtt.o(.text.Ali_MsessageInit) for Ali_MsessageInit
    main.o(.text.main) refers to bsp_beep.o(.text.Beep_Init) for Beep_Init
    main.o(.text.main) refers to led.o(.text.LED_GPIO_Config) for LED_GPIO_Config
    main.o(.text.main) refers to dht11.o(.text.DHT11_Init) for DHT11_Init
    main.o(.text.main) refers to key.o(.text.KEY_Init) for KEY_Init
    main.o(.text.main) refers to main.o(.bss.Threshold) for Threshold
    main.o(.text.main) refers to main.o(.bss.System) for System
    main.o(.text.main) refers to bsp_oled_iic.o(.text.oled_Clear) for oled_Clear
    main.o(.text.main) refers to key.o(.bss.isKey4) for isKey4
    main.o(.text.main) refers to key.o(.bss.isKey3) for isKey3
    main.o(.text.main) refers to key.o(.bss.isKey2) for isKey2
    main.o(.text.main) refers to key.o(.bss.isKey1) for isKey1
    main.o(.text.main) refers to dht11.o(.bss.dht11Data) for dht11Data
    main.o(.text.main) refers to main.o(.bss.Read_Soil_Moisture_Stable.initialized) for Read_Soil_Moisture_Stable.initialized
    main.o(.text.main) refers to main.o(.bss.Read_Soil_Moisture_Stable.filtered_adc) for Read_Soil_Moisture_Stable.filtered_adc
    main.o(.text.main) refers to main.o(.bss.Read_Soil_Moisture_Stable.stable_percent) for Read_Soil_Moisture_Stable.stable_percent
    main.o(.text.main) refers to main.o(.bss.SensorData) for SensorData
    main.o(.text.main) refers to delay.o(.text.delay_ms) for delay_ms
    main.o(.text.main) refers to key.o(.text.KeyScan) for KeyScan
    main.o(.text.main) refers to dht11.o(.text.DHT11_Read_TempAndHumidity) for DHT11_Read_TempAndHumidity
    main.o(.text.main) refers to adc.o(.text.Get_Adc_Average) for Get_Adc_Average
    main.o(.text.main) refers to menu.o(.text.Mode_Decide) for Mode_Decide
    main.o(.text.main) refers to mqtt.o(.bss.Connect_flag) for Connect_flag
    main.o(.text.main) refers to mqtt.o(.text.mqtt_Content) for mqtt_Content
    main.o(.text.main) refers to main.o(.data.Network_Task.retry_delay) for Network_Task.retry_delay
    main.o(.text.main) refers to mqtt.o(.bss.ConnectPack_flag) for ConnectPack_flag
    main.o(.text.main) refers to mqtt.o(.bss.SubscribePack_flag) for SubscribePack_flag
    main.o(.text.main) refers to menu.o(.bss.OperateMode) for OperateMode
    main.o(.text.main) refers to main.o(.rodata.str1.1) for .L.str
    main.o(.text.main) refers to printfa.o(i.__0sprintf) for __2sprintf
    main.o(.text.main) refers to strlen.o(.text) for strlen
    main.o(.text.main) refers to mqtt.o(.text.mqtt_PublishQs0) for mqtt_PublishQs0
    main.o(.ARM.exidx.text.main) refers to main.o(.text.main) for [Anonymous Symbol]
    main.o(.text.Threshold_Init) refers to main.o(.bss.System) for System
    main.o(.ARM.exidx.text.Threshold_Init) refers to main.o(.text.Threshold_Init) for [Anonymous Symbol]
    main.o(.text.mqttPublic) refers to dht11.o(.bss.dht11Data) for dht11Data
    main.o(.text.mqttPublic) refers to main.o(.bss.SensorData) for SensorData
    main.o(.text.mqttPublic) refers to main.o(.bss.Threshold) for Threshold
    main.o(.text.mqttPublic) refers to menu.o(.bss.OperateMode) for OperateMode
    main.o(.text.mqttPublic) refers to main.o(.bss.System) for System
    main.o(.text.mqttPublic) refers to main.o(.rodata.str1.1) for .L.str
    main.o(.text.mqttPublic) refers to printfa.o(i.__0sprintf) for __2sprintf
    main.o(.text.mqttPublic) refers to strlen.o(.text) for strlen
    main.o(.text.mqttPublic) refers to mqtt.o(.text.mqtt_PublishQs0) for mqtt_PublishQs0
    main.o(.ARM.exidx.text.mqttPublic) refers to main.o(.text.mqttPublic) for [Anonymous Symbol]
    menu.o(.text.Mode_Decide) refers to key.o(.bss.isKey1) for isKey1
    menu.o(.text.Mode_Decide) refers to menu.o(.bss.OperateMode) for OperateMode
    menu.o(.text.Mode_Decide) refers to key.o(.bss.isKey4) for isKey4
[...]
    DHT11.c                                  0x00000000   Number         0  dht11.o ABSOLUTE
    adc.c                                    0x00000000   Number         0  adc.o ABSOLUTE
    bsp_beep.c                               0x00000000   Number         0  bsp_beep.o ABSOLUTE
    bsp_oled_iic.c                           0x00000000   Number         0  bsp_oled_iic.o ABSOLUTE
    cdrcmple.s                               0x00000000   Number         0  cdrcmple.o ABSOLUTE
    dc.s                                     0x00000000   Number         0  dc.o ABSOLUTE
    delay.c                                  0x00000000   Number         0  delay.o ABSOLUTE
    handlers.s                               0x00000000   Number         0  handlers.o ABSOLUTE
    init.s                                   0x00000000   Number         0  init.o ABSOLUTE
    key.c                                    0x00000000   Number         0  key.o ABSOLUTE
    led.c                                    0x00000000   Number         0  led.o ABSOLUTE
    main.c                                   0x00000000   Number         0  main.o ABSOLUTE
    menu.c                                   0x00000000   Number         0  menu.o ABSOLUTE
    misc.c                                   0x00000000   Number         0  misc.o ABSOLUTE
    mqtt.c                                   0x00000000   Number         0  mqtt.o ABSOLUTE
    my_usart1.c                              0x00000000   Number         0  my_usart1.o ABSOLUTE
    my_usart2.c                              0x00000000   Number         0  my_usart2.o ABSOLUTE
    relay.c                                  0x00000000   Number         0  relay.o ABSOLUTE
    stm32f10x_adc.c                          0x00000000   Number         0  stm32f10x_adc.o ABSOLUTE
    stm32f10x_bkp.c                          0x00000000   Number         0  stm32f10x_bkp.o ABSOLUTE
    stm32f10x_can.c                          0x00000000   Number         0  stm32f10x_can.o ABSOLUTE
    stm32f10x_cec.c                          0x00000000   Number         0  stm32f10x_cec.o ABSOLUTE
    stm32f10x_crc.c                          0x00000000   Number         0  stm32f10x_crc.o ABSOLUTE
    stm32f10x_dac.c                          0x00000000   Number         0  stm32f10x_dac.o ABSOLUTE
    stm32f10x_dbgmcu.c                       0x00000000   Number         0  stm32f10x_dbgmcu.o ABSOLUTE
    stm32f10x_dma.c                          0x00000000   Number         0  stm32f10x_dma.o ABSOLUTE
    stm32f10x_exti.c                         0x00000000   Number         0  stm32f10x_exti.o ABSOLUTE
    stm32f10x_flash.c                        0x00000000   Number         0  stm32f10x_flash.o ABSOLUTE
    stm32f10x_fsmc.c                         0x00000000   Number         0  stm32f10x_fsmc.o ABSOLUTE
    stm32f10x_gpio.c                         0x00000000   Number         0  stm32f10x_gpio.o ABSOLUTE
    stm32f10x_i2c.c                          0x00000000   Number         0  stm32f10x_i2c.o ABSOLUTE
    stm32f10x_it.c                           0x00000000   Number         0  stm32f10x_it.o ABSOLUTE
    stm32f10x_iwdg.c                         0x00000000   Number         0  stm32f10x_iwdg.o ABSOLUTE
    stm32f10x_pwr.c                          0x00000000   Number         0  stm32f10x_pwr.o ABSOLUTE
    stm32f10x_rcc.c                          0x00000000   Number         0  stm32f10x_rcc.o ABSOLUTE
    stm32f10x_rtc.c                          0x00000000   Number         0  stm32f10x_rtc.o ABSOLUTE
    stm32f10x_sdio.c                         0x00000000   Number         0  stm32f10x_sdio.o ABSOLUTE
    stm32f10x_spi.c                          0x00000000   Number         0  stm32f10x_spi.o ABSOLUTE
    stm32f10x_tim.c                          0x00000000   Number         0  stm32f10x_tim.o ABSOLUTE
    stm32f10x_usart.c                        0x00000000   Number         0  stm32f10x_usart.o ABSOLUTE
    stm32f10x_wwdg.c                         0x00000000   Number         0  stm32f10x_wwdg.o ABSOLUTE
    sys.c                                    0x00000000   Number         0  sys.o ABSOLUTE
    system_stm32f10x.c                       0x00000000   Number         0  system_stm32f10x.o ABSOLUTE
    time1.c                                  0x00000000   Number         0  time1.o ABSOLUTE
    time2.c                                  0x00000000   Number         0  time2.o ABSOLUTE
    time3.c                                  0x00000000   Number         0  time3.o ABSOLUTE
    time4.c                                  0x00000000   Number         0  time4.o ABSOLUTE
    utils_hmac.c                             0x00000000   Number         0  utils_hmac.o ABSOLUTE
    utils_md5.c                              0x00000000   Number         0  utils_md5.o ABSOLUTE
    utils_sha1.c                             0x00000000   Number         0  utils_sha1.o ABSOLUTE
    wifi.c                                   0x00000000   Number         0  wifi.o ABSOLUTE
    RESET                                    0x08000000   Section      236  startup_stm32f10x_md.o(RESET)
    .ARM.Collect$$$$00000000                 0x080000ec   Section        0  entry.o(.ARM.Collect$$$$00000000)
    .ARM.Collect$$$$00000001                 0x080000ec   Section        4  entry2.o(.ARM.Collect$$$$00000001)
    .ARM.Collect$$$$00000004                 0x080000f0   Section        4  entry5.o(.ARM.Collect$$$$00000004)
    .ARM.Collect$$$$00000008                 0x080000f4   Section        0  entry7b.o(.ARM.Collect$$$$00000008)
    .ARM.Collect$$$$0000000A                 0x080000f4   Section        0  entry8b.o(.ARM.Collect$$$$0000000A)
    .ARM.Collect$$$$0000000B                 0x080000f4   Section        8  entry9a.o(.ARM.Collect$$$$0000000B)
    __lit__00000000                          0x080000fc   Data           4  entry2.o(.ARM.Collect$$$$00002712)
    .ARM.Collect$$$$0000000D                 0x080000fc   Section        0  entry10a.o(.ARM.Collect$$$$0000000D)
    .ARM.Collect$$$$0000000F                 0x080000fc   Section        0  entry11a.o(.ARM.Collect$$$$0000000F)
    .ARM.Collect$$$$00002712                 0x080000fc   Section        4  entry2.o(.ARM.Collect$$$$00002712)
    .text                                    0x08000100   Section       36  startup_stm32f10x_md.o(.text)
    .text                                    0x08000124   Section        0  memmovea.o(.text)
    .text                                    0x08000164   Section        0  memseta.o(.text)
    .text                                    0x08000188   Section        0  strstr.o(.text)
    .text                                    0x080001ac   Section        0  strlen.o(.text)
    .text                                    0x080001ba   Section        0  uidiv.o(.text)
    .text                                    0x080001e6   Section        0  uldiv.o(.text)
    .text                                    0x08000248   Section        0  iusefp.o(.text)
    .text                                    0x08000248   Section        0  dadd.o(.text)
    .text                                    0x08000396   Section        0  dmul.o(.text)
    .text                                    0x0800047a   Section        0  ddiv.o(.text)
    .text                                    0x08000558   Section        0  dfixul.o(.text)
    .text                                    0x08000588   Section       48  cdrcmple.o(.text)
    .text                                    0x080005b8   Section       48  init.o(.text)
    .text                                    0x080005e8   Section        0  llshl.o(.text)
    .text                                    0x08000606   Section        0  llushr.o(.text)
    .text                                    0x08000626   Section        0  llsshr.o(.text)
    .text                                    0x0800064a   Section        0  depilogue.o(.text)
    [Anonymous Symbol]                       0x08000704   Section        0  stm32f10x_adc.o(.text.ADC_Cmd)
    [Anonymous Symbol]                       0x08000714   Section        0  stm32f10x_adc.o(.text.ADC_DeInit)
    [Anonymous Symbol]                       0x08000760   Section        0  stm32f10x_adc.o(.text.ADC_GetCalibrationStatus)
    [Anonymous Symbol]                       0x08000768   Section        0  stm32f10x_adc.o(.text.ADC_GetConversionValue)
    [Anonymous Symbol]                       0x08000770   Section        0  stm32f10x_adc.o(.text.ADC_GetFlagStatus)
    [Anonymous Symbol]                       0x0800077c   Section        0  stm32f10x_adc.o(.text.ADC_GetResetCalibrationStatus)
    [Anonymous Symbol]                       0x08000784   Section        0  stm32f10x_adc.o(.text.ADC_Init)
    [Anonymous Symbol]                       0x080007d8   Section        0  stm32f10x_adc.o(.text.ADC_RegularChannelConfig)
    [Anonymous Symbol]                       0x08000838   Section        0  stm32f10x_adc.o(.text.ADC_ResetCalibration)
    [Anonymous Symbol]                       0x08000844   Section        0  stm32f10x_adc.o(.text.ADC_SoftwareStartConvCmd)
    [Anonymous Symbol]                       0x08000858   Section        0  stm32f10x_adc.o(.text.ADC_StartCalibration)
    [Anonymous Symbol]                       0x08000864   Section        0  adc.o(.text.Adc_Init)
    [Anonymous Symbol]                       0x080008e8   Section        0  mqtt.o(.text.Ali_MsessageInit)
    [Anonymous Symbol]                       0x080009c8   Section        0  menu.o(.text.AutoContrl)
    [Anonymous Symbol]                       0x08000a50   Section        0  bsp_beep.o(.text.Beep_Init)
    [Anonymous Symbol]                       0x08000a8c   Section        0  stm32f10x_it.o(.text.BusFault_Handler)
    [Anonymous Symbol]                       0x08000a90   Section        0  dht11.o(.text.DHT11_Init)
    [Anonymous Symbol]                       0x08000ac0   Section        0  dht11.o(.text.DHT11_Read_TempAndHumidity)
    [Anonymous Symbol]                       0x08000d20   Section        0  stm32f10x_it.o(.text.DebugMon_Handler)
    [Anonymous Symbol]                       0x08000d24   Section        0  stm32f10x_gpio.o(.text.GPIO_Init)
    [Anonymous Symbol]                       0x08000de0   Section        0  stm32f10x_gpio.o(.text.GPIO_ReadInputDataBit)
    [Anonymous Symbol]                       0x08000dec   Section        0  stm32f10x_gpio.o(.text.GPIO_ResetBits)
    [Anonymous Symbol]                       0x08000df0   Section        0  stm32f10x_gpio.o(.text.GPIO_SetBits)
    [Anonymous Symbol]                       0x08000df4   Section        0  stm32f10x_gpio.o(.text.GPIO_WriteBit)
    [Anonymous Symbol]                       0x08000e00   Section        0  adc.o(.text.Get_Adc_Average)
    [Anonymous Symbol]                       0x08000e5c   Section        0  stm32f10x_it.o(.text.HardFault_Handler)
    [Anonymous Symbol]                       0x08000e60   Section        0  menu.o(.text.Inform_Show)
    [Anonymous Symbol]                       0x08000f64   Section        0  key.o(.text.KEY_Init)
    [Anonymous Symbol]                       0x08000fac   Section        0  key.o(.text.KeyScan)
    [Anonymous Symbol]                       0x080010ac   Section        0  led.o(.text.LED_GPIO_Config)
    MQTT_ResetState                          0x080010d5   Thumb Code   232  mqtt.o(.text.MQTT_ResetState)
    [Anonymous Symbol]                       0x080010d4   Section        0  mqtt.o(.text.MQTT_ResetState)
    [Anonymous Symbol]                       0x080011bc   Section        0  menu.o(.text.Manual_Contrl)
    [Anonymous Symbol]                       0x080013e4   Section        0  stm32f10x_it.o(.text.MemManage_Handler)
    [Anonymous Symbol]                       0x080013e8   Section        0  menu.o(.text.Mode_Decide)
    [Anonymous Symbol]                       0x080014a0   Section        0  mqtt.o(.text.Mqtt_ConnectMessege)
    [Anonymous Symbol]                       0x080015e8   Section        0  mqtt.o(.text.Mqtt_Subscribe)
    [Anonymous Symbol]                       0x080016b4   Section        0  my_usart1.o(.text.My_USART1)
    [Anonymous Symbol]                       0x08001734   Section        0  my_usart2.o(.text.My_USART2)
    [Anonymous Symbol]                       0x080017b0   Section        0  stm32f10x_it.o(.text.NMI_Handler)
    [Anonymous Symbol]                       0x080017b4   Section        0  sys.o(.text.NVIC_Config)
    [Anonymous Symbol]                       0x08001834   Section        0  misc.o(.text.NVIC_Init)
    [Anonymous Symbol]                       0x08001894   Section        0  misc.o(.text.NVIC_PriorityGroupConfig)
    [Anonymous Symbol]                       0x080018a8   Section        0  bsp_oled_iic.o(.text.OLED_ShowChar)
    [Anonymous Symbol]                       0x08001958   Section        0  stm32f10x_it.o(.text.PendSV_Handler)
    [Anonymous Symbol]                       0x0800195c   Section        0  stm32f10x_rcc.o(.text.RCC_ADCCLKConfig)
    [Anonymous Symbol]                       0x08001970   Section        0  stm32f10x_rcc.o(.text.RCC_APB1PeriphClockCmd)
    [Anonymous Symbol]                       0x08001988   Section        0  stm32f10x_rcc.o(.text.RCC_APB2PeriphClockCmd)
    [Anonymous Symbol]                       0x080019a0   Section        0  stm32f10x_rcc.o(.text.RCC_APB2PeriphResetCmd)
    [Anonymous Symbol]                       0x080019b8   Section        0  stm32f10x_rcc.o(.text.RCC_GetClocksFreq)
    [Anonymous Symbol]                       0x08001a44   Section        0  relay.o(.text.RELAY_GPIO_Config)
    [Anonymous Symbol]                       0x08001a8c   Section        0  stm32f10x_it.o(.text.SVC_Handler)
    [Anonymous Symbol]                       0x08001a90   Section        0  misc.o(.text.SysTick_CLKSourceConfig)
    [Anonymous Symbol]                       0x08001aa8   Section        0  stm32f10x_it.o(.text.SysTick_Handler)
    [Anonymous Symbol]                       0x08001aac   Section        0  system_stm32f10x.o(.text.SystemInit)
    [Anonymous Symbol]                       0x08001bb8   Section        0  time1.o(.text.TIM1_UP_IRQHandler)
    [Anonymous Symbol]                       0x08001bdc   Section        0  time2.o(.text.TIM2_IRQHandler)
    [Anonymous Symbol]                       0x08001c28   Section        0  time2.o(.text.TIM2_Init)
    [Anonymous Symbol]                       0x08001c70   Section        0  time3.o(.text.TIM3_IRQHandler)
    [Anonymous Symbol]                       0x08001cf4   Section        0  time3.o(.text.TIM3_Init)
    [Anonymous Symbol]                       0x08001d40   Section        0  time4.o(.text.TIM4_IRQHandler)
    [Anonymous Symbol]                       0x08001dcc   Section        0  time4.o(.text.TIM4_Init)
    [Anonymous Symbol]                       0x08001e20   Section        0  stm32f10x_tim.o(.text.TIM_ClearITPendingBit)
    [Anonymous Symbol]                       0x08001e28   Section        0  stm32f10x_tim.o(.text.TIM_Cmd)
    [Anonymous Symbol]                       0x08001e3c   Section        0  stm32f10x_tim.o(.text.TIM_GetITStatus)
    [Anonymous Symbol]                       0x08001e54   Section        0  stm32f10x_tim.o(.text.TIM_ITConfig)
    [Anonymous Symbol]                       0x08001e64   Section        0  stm32f10x_tim.o(.text.TIM_SetCounter)
    [Anonymous Symbol]                       0x08001e68   Section        0  stm32f10x_tim.o(.text.TIM_TimeBaseInit)
    [Anonymous Symbol]                       0x08001f14   Section        0  menu.o(.text.ThresholdSet)
    [Anonymous Symbol]                       0x080021a0   Section        0  my_usart1.o(.text.USART1_IRQHandler)
    [Anonymous Symbol]                       0x080021d8   Section        0  my_usart2.o(.text.USART2_IRQHandler)
    [Anonymous Symbol]                       0x08002254   Section        0  stm32f10x_usart.o(.text.USART_ClearITPendingBit)
    [Anonymous Symbol]                       0x08002264   Section        0  stm32f10x_usart.o(.text.USART_Cmd)
    [Anonymous Symbol]                       0x08002278   Section        0  stm32f10x_usart.o(.text.USART_GetFlagStatus)
    [Anonymous Symbol]                       0x08002284   Section        0  stm32f10x_usart.o(.text.USART_GetITStatus)
    [Anonymous Symbol]                       0x080022b8   Section        0  stm32f10x_usart.o(.text.USART_ITConfig)
    [Anonymous Symbol]                       0x080022e8   Section        0  stm32f10x_usart.o(.text.USART_Init)
    [Anonymous Symbol]                       0x080023a0   Section        0  stm32f10x_usart.o(.text.USART_ReceiveData)
    [Anonymous Symbol]                       0x080023a8   Section        0  my_usart1.o(.text.USART_SendByte)
    [Anonymous Symbol]                       0x080023c4   Section        0  stm32f10x_usart.o(.text.USART_SendData)
    [Anonymous Symbol]                       0x080023cc   Section        0  stm32f10x_it.o(.text.UsageFault_Handler)
    [Anonymous Symbol]                       0x080023d0   Section        0  wifi.o(.text.WIFI_Config)
    [Anonymous Symbol]                       0x0800244c   Section        0  wifi.o(.text.WIFI_Connect)
    [Anonymous Symbol]                       0x08002838   Section        0  wifi.o(.text.WIFI_ConnectTCP)
    [Anonymous Symbol]                       0x080028dc   Section        0  bsp_oled_iic.o(.text.Write_IIC_Command)
    [Anonymous Symbol]                       0x08002a3c   Section        0  bsp_oled_iic.o(.text.Write_IIC_Data)
    [Anonymous Symbol]                       0x08002bb8   Section        0  delay.o(.text.delay_init)
    [Anonymous Symbol]                       0x08002bfc   Section        0  delay.o(.text.delay_ms)
    [Anonymous Symbol]                       0x08002c38   Section        0  delay.o(.text.delay_us)
    [Anonymous Symbol]                       0x08002c74   Section        0  main.o(.text.main)
    mqtt_ApplySwitch                         0x08002f15   Thumb Code   120  mqtt.o(.text.mqtt_ApplySwitch)
    [Anonymous Symbol]                       0x08002f14   Section        0  mqtt.o(.text.mqtt_ApplySwitch)
    [Anonymous Symbol]                       0x08002fac   Section        0  mqtt.o(.text.mqtt_Content)
    [Anonymous Symbol]                       0x0800386c   Section        0  mqtt.o(.text.mqtt_Ping)
    [Anonymous Symbol]                       0x080038b4   Section        0  mqtt.o(.text.mqtt_PublishQs0)
    mqtt_TryReadValue                        0x08003985   Thumb Code   124  mqtt.o(.text.mqtt_TryReadValue)
    [Anonymous Symbol]                       0x08003984   Section        0  mqtt.o(.text.mqtt_TryReadValue)
    [Anonymous Symbol]                       0x08003a00   Section        0  bsp_oled_iic.o(.text.oled_Clear)
    [Anonymous Symbol]                       0x08003a38   Section        0  bsp_oled_iic.o(.text.oled_Init)
    [Anonymous Symbol]                       0x08003b5c   Section        0  bsp_oled_iic.o(.text.oled_ShowCHinese)
    [Anonymous Symbol]                       0x08003bd4   Section        0  bsp_oled_iic.o(.text.oled_ShowNum)
    [Anonymous Symbol]                       0x08003c70   Section        0  bsp_oled_iic.o(.text.oled_ShowString)
    [Anonymous Symbol]                       0x08003cb0   Section        0  my_usart1.o(.text.u1_printf)
    [Anonymous Symbol]                       0x08003d14   Section        0  my_usart2.o(.text.u2_TxData)
    [Anonymous Symbol]                       0x08003d68   Section        0  my_usart2.o(.text.u2_printf)
    [Anonymous Symbol]                       0x08003dc4   Section        0  led.o(.text.wifi_GPIO_Config)
    i.__0sprintf                             0x08003e14   Section        0  printfa.o(i.__0sprintf)
    i.__0vsprintf                            0x08003e3c   Section        0  printfa.o(i.__0vsprintf)
    i.__scatterload_copy                     0x08003e60   Section       14  handlers.o(i.__scatterload_copy)
    i.__scatterload_null                     0x08003e6e   Section        2  handlers.o(i.__scatterload_null)
    i.__scatterload_zeroinit                 0x08003e70   Section       14  handlers.o(i.__scatterload_zeroinit)
    _fp_digits                               0x08003e81   Thumb Code   366  printfa.o(i._fp_digits)
    i._fp_digits                             0x08003e80   Section        0  printfa.o(i._fp_digits)
    _printf_core                             0x08004005   Thumb Code  1744  printfa.o(i._printf_core)
    i._printf_core                           0x08004004   Section        0  printfa.o(i._printf_core)
    _printf_post_padding                     0x080046e1   Thumb Code    36  printfa.o(i._printf_post_padding)
    i._printf_post_padding                   0x080046e0   Section        0  printfa.o(i._printf_post_padding)
    _printf_pre_padding                      0x08004705   Thumb Code    46  printfa.o(i._printf_pre_padding)
    i._printf_pre_padding                    0x08004704   Section        0  printfa.o(i._printf_pre_padding)
    _sputc                                   0x08004733   Thumb Code    10  printfa.o(i._sputc)
    i._sputc                                 0x08004732   Section        0  printfa.o(i._sputc)
    .Lswitch.table.Manual_Contrl.2           0x0800473c   Data          12  menu.o(.rodata..Lswitch.table.Manual_Contrl.2)
    ADCPrescTable                            0x08004748   Data           4  stm32f10x_rcc.o(.rodata.ADCPrescTable)
    [Anonymous Symbol]                       0x08004748   Section        0  stm32f10x_rcc.o(.rodata.ADCPrescTable)
    APBAHBPrescTable                         0x0800474c   Data          16  stm32f10x_rcc.o(.rodata.APBAHBPrescTable)
    [Anonymous Symbol]                       0x0800474c   Section        0  stm32f10x_rcc.o(.rodata.APBAHBPrescTable)
    F6x8                                     0x0800475c   Data         552  bsp_oled_iic.o(.rodata.F6x8)
    [Anonymous Symbol]                       0x0800475c   Section        0  bsp_oled_iic.o(.rodata.F6x8)
    F8X16                                    0x08004984   Data        1520  bsp_oled_iic.o(.rodata.F8X16)
    [Anonymous Symbol]                       0x08004984   Section        0  bsp_oled_iic.o(.rodata.F8X16)
    Hzk                                      0x08004f74   Data        5120  bsp_oled_iic.o(.rodata.Hzk)
    [Anonymous Symbol]                       0x08004f74   Section        0  bsp_oled_iic.o(.rodata.Hzk)
    .L.str.1                                 0x08006374   Data          14  main.o(.rodata.str1.1)
    [Anonymous Symbol]                       0x08006374   Section        0  main.o(.rodata.str1.1)
    .L.str                                   0x08006382   Data         120  main.o(.rodata.str1.1)
    .L.str                                   0x080063fa   Data           4  menu.o(.rodata.str1.1)
    [Anonymous Symbol]                       0x080063fa   Section        0  menu.o(.rodata.str1.1)
    .L.str.1                                 0x080063fe   Data           4  menu.o(.rodata.str1.1)
    .L.str.8                                 0x08006402   Data          30  mqtt.o(.rodata.str1.1)
    [Anonymous Symbol]                       0x08006402   Section        0  mqtt.o(.rodata.str1.1)
    .L.str.6                                 0x08006420   Data          27  mqtt.o(.rodata.str1.1)
    .L.str.20                                0x0800643b   Data          12  mqtt.o(.rodata.str1.1)
    .L.str.3                                 0x08006442   Data           5  mqtt.o(.rodata.str1.1)
    .L.str.5                                 0x08006447   Data          28  mqtt.o(.rodata.str1.1)
    .L.str.12                                0x08006463   Data          68  mqtt.o(.rodata.str1.1)
    .L.str.13                                0x080064a7   Data          49  mqtt.o(.rodata.str1.1)
    .L.str.14                                0x080064d8   Data          33  mqtt.o(.rodata.str1.1)
    .L.str.10                                0x080064f9   Data          71  mqtt.o(.rodata.str1.1)
    .L.str.11                                0x08006540   Data          58  mqtt.o(.rodata.str1.1)
    .L.str.9                                 0x0800657a   Data          64  mqtt.o(.rodata.str1.1)
    .L.str.13                                0x080065b7   Data           3  mqtt.o(.rodata.str1.1)
    .L.str.46                                0x080065ba   Data          11  mqtt.o(.rodata.str1.1)
    .L.str.28                                0x080065c5   Data           8  mqtt.o(.rodata.str1.1)
    .L.str.48                                0x080065cd   Data          11  mqtt.o(.rodata.str1.1)
    .L.str.30                                0x080065d8   Data           8  mqtt.o(.rodata.str1.1)
    .L.str.51                                0x080065e0   Data          11  mqtt.o(.rodata.str1.1)
    .L.str.34                                0x080065eb   Data           8  mqtt.o(.rodata.str1.1)
    .L.str.53                                0x080065f3   Data          11  mqtt.o(.rodata.str1.1)
    .L.str.35                                0x080065fe   Data           8  mqtt.o(.rodata.str1.1)
    .L.str.55                                0x08006606   Data          11  mqtt.o(.rodata.str1.1)
    .L.str.36                                0x08006611   Data           8  mqtt.o(.rodata.str1.1)
    .L.str.23                                0x08006619   Data          10  mqtt.o(.rodata.str1.1)
    .L.str.38                                0x08006623   Data          14  mqtt.o(.rodata.str1.1)
    .L.str.40                                0x08006631   Data          14  mqtt.o(.rodata.str1.1)
    .L.str.42                                0x0800663f   Data          14  mqtt.o(.rodata.str1.1)
    .L.str.44                                0x0800664d   Data          14  mqtt.o(.rodata.str1.1)
    .L.str                                   0x0800665b   Data          21  mqtt.o(.rodata.str1.1)
    .L.str.26                                0x08006670   Data          14  mqtt.o(.rodata.str1.1)
    .L.str.27                                0x0800667e   Data           5  mqtt.o(.rodata.str1.1)
    .L.str.22                                0x08006683   Data           7  mqtt.o(.rodata.str1.1)
    .L.str.33                                0x0800668a   Data           9  mqtt.o(.rodata.str1.1)
    .L.str.21                                0x08006693   Data           7  mqtt.o(.rodata.str1.1)
    .L.str.25                                0x0800669a   Data          12  mqtt.o(.rodata.str1.1)
    .L.str.49                                0x080066a6   Data           8  mqtt.o(.rodata.str1.1)
    .L.str.47                                0x080066ae   Data           8  mqtt.o(.rodata.str1.1)
    .L.str.50                                0x080066b6   Data           8  mqtt.o(.rodata.str1.1)
    .L.str.52                                0x080066be   Data           9  mqtt.o(.rodata.str1.1)
    .L.str.32                                0x080066c7   Data           8  mqtt.o(.rodata.str1.1)
    .L.str.37                                0x080066cf   Data          15  mqtt.o(.rodata.str1.1)
    .L.str.39                                0x080066de   Data          15  mqtt.o(.rodata.str1.1)
    .L.str.41                                0x080066ed   Data          15  mqtt.o(.rodata.str1.1)
    .L.str.43                                0x080066fc   Data          15  mqtt.o(.rodata.str1.1)
    .L.str.24                                0x0800670b   Data           5  mqtt.o(.rodata.str1.1)
    .L.str.31                                0x08006710   Data           5  mqtt.o(.rodata.str1.1)
    .L.str.54                                0x08006715   Data           9  mqtt.o(.rodata.str1.1)
    .L.str.45                                0x0800671e   Data           8  mqtt.o(.rodata.str1.1)
    .L.str.34                                0x08006726   Data          22  wifi.o(.rodata.str1.1)
    [Anonymous Symbol]                       0x08006726   Section        0  wifi.o(.rodata.str1.1)
    .L.str.27                                0x0800673c   Data          37  wifi.o(.rodata.str1.1)
    .L.str.31                                0x08006761   Data          34  wifi.o(.rodata.str1.1)
    .L.str.39                                0x08006783   Data          33  wifi.o(.rodata.str1.1)
    .L.str.23                                0x080067a4   Data          25  wifi.o(.rodata.str1.1)
    .L.str.20                                0x080067bd   Data          31  wifi.o(.rodata.str1.1)
    .L.str.35                                0x080067dc   Data          18  wifi.o(.rodata.str1.1)
    .L.str.28                                0x080067ee   Data          33  wifi.o(.rodata.str1.1)
    .L.str.32                                0x0800680f   Data          30  wifi.o(.rodata.str1.1)
    .L.str.40                                0x0800682d   Data          29  wifi.o(.rodata.str1.1)
    .L.str.24                                0x0800684a   Data          21  wifi.o(.rodata.str1.1)
    .L.str.21                                0x0800685f   Data          27  wifi.o(.rodata.str1.1)
    .L.str.17                                0x0800687a   Data          12  wifi.o(.rodata.str1.1)
    .L.str.4                                 0x08006886   Data          21  wifi.o(.rodata.str1.1)
    .L.str.33                                0x0800689b   Data          20  wifi.o(.rodata.str1.1)
    .L.str.25                                0x080068af   Data          35  wifi.o(.rodata.str1.1)
    .L.str.29                                0x080068d2   Data          32  wifi.o(.rodata.str1.1)
    .L.str.36                                0x080068f2   Data          31  wifi.o(.rodata.str1.1)
    .L.str.22                                0x08006911   Data          23  wifi.o(.rodata.str1.1)
    .L.str.18                                0x08006928   Data          29  wifi.o(.rodata.str1.1)
    .L.str.26                                0x08006945   Data          14  wifi.o(.rodata.str1.1)
    .L.str.30                                0x08006953   Data          15  wifi.o(.rodata.str1.1)
    .L.str.37                                0x08006962   Data          13  wifi.o(.rodata.str1.1)
    .L.str.2                                 0x0800696f   Data           4  wifi.o(.rodata.str1.1)
    .L.str.6                                 0x08006973   Data           9  wifi.o(.rodata.str1.1)
    .L.str.38                                0x0800697c   Data          10  wifi.o(.rodata.str1.1)
    .L.str.7                                 0x08006986   Data           3  wifi.o(.rodata.str1.1)
    .L.str.5                                 0x08006989   Data           5  wifi.o(.rodata.str1.1)
    .L.str.1                                 0x0800698e   Data           6  wifi.o(.rodata.str1.1)
    Manual_Contrl.CursorFlag                 0x20000000   Data           1  menu.o(.data.Manual_Contrl.CursorFlag)
    [Anonymous Symbol]                       0x20000000   Section        0  menu.o(.data.Manual_Contrl.CursorFlag)
    Manual_Contrl.IndexFlag                  0x20000001   Data           1  menu.o(.data.Manual_Contrl.IndexFlag)
    [Anonymous Symbol]                       0x20000001   Section        0  menu.o(.data.Manual_Contrl.IndexFlag)
    Network_Task.retry_delay                 0x20000002   Data           2  main.o(.data.Network_Task.retry_delay)
    [Anonymous Symbol]                       0x20000002   Section        0  main.o(.data.Network_Task.retry_delay)
    ThresholdSet.CursorFlag1                 0x20000008   Data           1  menu.o(.data.ThresholdSet.CursorFlag1)
    [Anonymous Symbol]                       0x20000008   Section        0  menu.o(.data.ThresholdSet.CursorFlag1)
    ThresholdSet.IndexFlag1                  0x20000009   Data           1  menu.o(.data.ThresholdSet.IndexFlag1)
    [Anonymous Symbol]                       0x20000009   Section        0  menu.o(.data.ThresholdSet.IndexFlag1)
    KeyScan.key_up                           0x20000012   Data           1  key.o(.bss.KeyScan.key_up)
    [Anonymous Symbol]                       0x20000012   Section        0  key.o(.bss.KeyScan.key_up)
    Read_Soil_Moisture_Stable.filtered_adc   0x20000016   Data           2  main.o(.bss.Read_Soil_Moisture_Stable.filtered_adc)
    [Anonymous Symbol]                       0x20000016   Section        0  main.o(.bss.Read_Soil_Moisture_Stable.filtered_adc)
    Read_Soil_Moisture_Stable.initialized    0x20000018   Data           1  main.o(.bss.Read_Soil_Moisture_Stable.initialized)
    [Anonymous Symbol]                       0x20000018   Section        0  main.o(.bss.Read_Soil_Moisture_Stable.initialized)
    Read_Soil_Moisture_Stable.stable_percent 0x20000019   Data           1  main.o(.bss.Read_Soil_Moisture_Stable.stable_percent)
    [Anonymous Symbol]                       0x20000019   Section        0  main.o(.bss.Read_Soil_Moisture_Stable.stable_percent)
    fac_ms                                   0x2000075a   Data           2  delay.o(.bss.fac_ms)
    [Anonymous Symbol]                       0x2000075a   Section        0  delay.o(.bss.fac_ms)
    fac_us                                   0x2000075c   Data           1  delay.o(.bss.fac_us)
    [Anonymous Symbol]                       0x2000075c   Section        0  delay.o(.bss.fac_us)
    STACK                                    0x20002bf0   Section     1024  startup_stm32f10x_md.o(STACK)

    Global Symbols

    Symbol Name                              Value     Ov Type        Size  Object(Section)

    BuildAttributes$$THM_ISAv4$P$D$K$B$S$PE$A:L22UL41UL21$X:L11$S22US41US21$IEEE1$IW$~IW$USESV6$~STKCKD$USESV7$~SHL$OTIME$ROPI$EBA8$MICROLIB$REQ8$PRES8$EABIv2 0x00000000   Number         0  anon$$obj.o ABSOLUTE
    _printf_a                                0x00000000   Number         0  printfstubs.o ABSOLUTE
    _printf_c                                0x00000000   Number         0  printfstubs.o ABSOLUTE
    _printf_charcount                        0x00000000   Number         0  printfstubs.o ABSOLUTE
    _printf_d                                0x00000000   Number         0  printfstubs.o ABSOLUTE
    _printf_e                                0x00000000   Number         0  printfstubs.o ABSOLUTE
    _printf_f                                0x00000000   Number         0  printfstubs.o ABSOLUTE
    _printf_flags                            0x00000000   Number         0  printfstubs.o ABSOLUTE
    _printf_fp_dec                           0x00000000   Number         0  printfstubs.o ABSOLUTE
    _printf_fp_hex                           0x00000000   Number         0  printfstubs.o ABSOLUTE
    _printf_g                                0x00000000   Number         0  printfstubs.o ABSOLUTE
    _printf_i                                0x00000000   Number         0  printfstubs.o ABSOLUTE
    _printf_int_dec                          0x00000000   Number         0  printfstubs.o ABSOLUTE
    _printf_l                                0x00000000   Number         0  printfstubs.o ABSOLUTE
    _printf_lc                               0x00000000   Number         0  printfstubs.o ABSOLUTE
    _printf_ll                               0x00000000   Number         0  printfstubs.o ABSOLUTE
    _printf_lld                              0x00000000   Number         0  printfstubs.o ABSOLUTE
    _printf_lli                              0x00000000   Number         0  printfstubs.o ABSOLUTE
    _printf_llo                              0x00000000   Number         0  printfstubs.o ABSOLUTE
    _printf_llu                              0x00000000   Number         0  printfstubs.o ABSOLUTE
    _printf_llx                              0x00000000   Number         0  printfstubs.o ABSOLUTE
    _printf_longlong_dec                     0x00000000   Number         0  printfstubs.o ABSOLUTE
    _printf_longlong_hex                     0x00000000   Number         0  printfstubs.o ABSOLUTE
    _printf_longlong_oct                     0x00000000   Number         0  printfstubs.o ABSOLUTE
    _printf_ls                               0x00000000   Number         0  printfstubs.o ABSOLUTE
    _printf_mbtowc                           0x00000000   Number         0  printfstubs.o ABSOLUTE
    _printf_n                                0x00000000   Number         0  printfstubs.o ABSOLUTE
    _printf_o                                0x00000000   Number         0  printfstubs.o ABSOLUTE
    _printf_p                                0x00000000   Number         0  printfstubs.o ABSOLUTE
    _printf_percent                          0x00000000   Number         0  printfstubs.o ABSOLUTE
    _printf_pre_padding                      0x00000000   Number         0  printfstubs.o ABSOLUTE
    _printf_return_value                     0x00000000   Number         0  printfstubs.o ABSOLUTE
    _printf_s                                0x00000000   Number         0  printfstubs.o ABSOLUTE
    _printf_sizespec                         0x00000000   Number         0  printfstubs.o ABSOLUTE
    _printf_str                              0x00000000   Number         0  printfstubs.o ABSOLUTE
    _printf_truncate_signed                  0x00000000   Number         0  printfstubs.o ABSOLUTE
    _printf_truncate_unsigned                0x00000000   Number         0  printfstubs.o ABSOLUTE
    _printf_u                                0x00000000   Number         0  printfstubs.o ABSOLUTE
    _printf_wc                               0x00000000   Number         0  printfstubs.o ABSOLUTE
    _printf_wctomb                           0x00000000   Number         0  printfstubs.o ABSOLUTE
    _printf_widthprec                        0x00000000   Number         0  printfstubs.o ABSOLUTE
    _printf_x                                0x00000000   Number         0  printfstubs.o ABSOLUTE
    __cpp_initialize__aeabi_                  - Undefined Weak Reference
    __cxa_finalize                            - Undefined Weak Reference
    __decompress                              - Undefined Weak Reference
    _clock_init                               - Undefined Weak Reference
    _microlib_exit                            - Undefined Weak Reference
    __Vectors_Size                           0x000000ec   Number         0  startup_stm32f10x_md.o ABSOLUTE
    __Vectors                                0x08000000   Data           4  startup_stm32f10x_md.o(RESET)
    __Vectors_End                            0x080000ec   Data           0  startup_stm32f10x_md.o(RESET)
    __main                                   0x080000ed   Thumb Code     0  entry.o(.ARM.Collect$$$$00000000)
    _main_stk                                0x080000ed   Thumb Code     0  entry2.o(.ARM.Collect$$$$00000001)
    _main_scatterload                        0x080000f1   Thumb Code     0  entry5.o(.ARM.Collect$$$$00000004)
    __main_after_scatterload                 0x080000f5   Thumb Code     0  entry5.o(.ARM.Collect$$$$00000004)
    _main_clock                              0x080000f5   Thumb Code     0  entry7b.o(.ARM.Collect$$$$00000008)
    _main_cpp_init                           0x080000f5   Thumb Code     0  entry8b.o(.ARM.Collect$$$$0000000A)
    _main_init                               0x080000f5   Thumb Code     0  entry9a.o(.ARM.Collect$$$$0000000B)
    __rt_final_cpp                           0x080000fd   Thumb Code     0  entry10a.o(.ARM.Collect$$$$0000000D)
    __rt_final_exit                          0x080000fd   Thumb Code     0  entry11a.o(.ARM.Collect$$$$0000000F)
    Reset_Handler                            0x08000101   Thumb Code     8  startup_stm32f10x_md.o(.text)
    ADC1_2_IRQHandler                        0x0800011b   Thumb Code     0  startup_stm32f10x_md.o(.text)
    CAN1_RX1_IRQHandler                      0x0800011b   Thumb Code     0  startup_stm32f10x_md.o(.text)
    CAN1_SCE_IRQHandler                      0x0800011b   Thumb Code     0  startup_stm32f10x_md.o(.text)
    DMA1_Channel1_IRQHandler                 0x0800011b   Thumb Code     0  startup_stm32f10x_md.o(.text)
    DMA1_Channel2_IRQHandler                 0x0800011b   Thumb Code     0  startup_stm32f10x_md.o(.text)
    DMA1_Channel3_IRQHandler                 0x0800011b   Thumb Code     0  startup_stm32f10x_md.o(.text)
    DMA1_Channel4_IRQHandler                 0x0800011b   Thumb Code     0  startup_stm32f10x_md.o(.text)
    DMA1_Channel5_IRQHandler                 0x0800011b   Thumb Code     0  startup_stm32f10x_md.o(.text)
    DMA1_Channel6_IRQHandler                 0x0800011b   Thumb Code     0  startup_stm32f10x_md.o(.text)
    DMA1_Channel7_IRQHandler                 0x0800011b   Thumb Code     0  startup_stm32f10x_md.o(.text)
    EXTI0_IRQHandler                         0x0800011b   Thumb Code     0  startup_stm32f10x_md.o(.text)
    EXTI15_10_IRQHandler                     0x0800011b   Thumb Code     0  startup_stm32f10x_md.o(.text)
    EXTI1_IRQHandler                         0x0800011b   Thumb Code     0  startup_stm32f10x_md.o(.text)
    EXTI2_IRQHandler                         0x0800011b   Thumb Code     0  startup_stm32f10x_md.o(.text)
    EXTI3_IRQHandler                         0x0800011b   Thumb Code     0  startup_stm32f10x_md.o(.text)
    EXTI4_IRQHandler                         0x0800011b   Thumb Code     0  startup_stm32f10x_md.o(.text)
    EXTI9_5_IRQHandler                       0x0800011b   Thumb Code     0  startup_stm32f10x_md.o(.text)
    FLASH_IRQHandler                         0x0800011b   Thumb Code     0  startup_stm32f10x_md.o(.text)
    I2C1_ER_IRQHandler                       0x0800011b   Thumb Code     0  startup_stm32f10x_md.o(.text)
    I2C1_EV_IRQHandler                       0x0800011b   Thumb Code     0  startup_stm32f10x_md.o(.text)
    I2C2_ER_IRQHandler                       0x0800011b   Thumb Code     0  startup_stm32f10x_md.o(.text)
    I2C2_EV_IRQHandler                       0x0800011b   Thumb Code     0  startup_stm32f10x_md.o(.text)
    PVD_IRQHandler                           0x0800011b   Thumb Code     0  startup_stm32f10x_md.o(.text)
    RCC_IRQHandler                           0x0800011b   Thumb Code     0  startup_stm32f10x_md.o(.text)
    RTCAlarm_IRQHandler                      0x0800011b   Thumb Code     0  startup_stm32f10x_md.o(.text)
    RTC_IRQHandler                           0x0800011b   Thumb Code     0  startup_stm32f10x_md.o(.text)
    SPI1_IRQHandler                          0x0800011b   Thumb Code     0  startup_stm32f10x_md.o(.text)
    SPI2_IRQHandler                          0x0800011b   Thumb Code     0  startup_stm32f10x_md.o(.text)
    TAMPER_IRQHandler                        0x0800011b   Thumb Code     0  startup_stm32f10x_md.o(.text)
    TIM1_BRK_IRQHandler                      0x0800011b   Thumb Code     0  startup_stm32f10x_md.o(.text)
    TIM1_CC_IRQHandler                       0x0800011b   Thumb Code     0  startup_stm32f10x_md.o(.text)
    TIM1_TRG_COM_IRQHandler                  0x0800011b   Thumb Code     0  startup_stm32f10x_md.o(.text)
    USART3_IRQHandler                        0x0800011b   Thumb Code     0  startup_stm32f10x_md.o(.text)
    USBWakeUp_IRQHandler                     0x0800011b   Thumb Code     0  startup_stm32f10x_md.o(.text)
    USB_HP_CAN1_TX_IRQHandler                0x0800011b   Thumb Code     0  startup_stm32f10x_md.o(.text)
    USB_LP_CAN1_RX0_IRQHandler               0x0800011b   Thumb Code     0  startup_stm32f10x_md.o(.text)
    WWDG_IRQHandler                          0x0800011b   Thumb Code     0  startup_stm32f10x_md.o(.text)
    ___aeabi_memcpy8$move                    0x08000125   Thumb Code     0  memmovea.o(.text)
    __aeabi_memcpy                           0x08000125   Thumb Code    64  memmovea.o(.text)
    __aeabi_memcpy4                          0x08000125   Thumb Code     0  memmovea.o(.text)
    __aeabi_memmove                          0x08000125   Thumb Code     0  memmovea.o(.text)
    __aeabi_memmove4                         0x08000125   Thumb Code     0  memmovea.o(.text)
    __aeabi_memmove8                         0x08000125   Thumb Code     0  memmovea.o(.text)
    __aeabi_memset                           0x08000165   Thumb Code    14  memseta.o(.text)
    __aeabi_memset4                          0x08000165   Thumb Code     0  memseta.o(.text)
    __aeabi_memset8                          0x08000165   Thumb Code     0  memseta.o(.text)
    __aeabi_memclr                           0x08000173   Thumb Code     4  memseta.o(.text)
    __aeabi_memclr4                          0x08000173   Thumb Code     0  memseta.o(.text)
    __aeabi_memclr8                          0x08000173   Thumb Code     0  memseta.o(.text)
    _memset$wrapper                          0x08000177   Thumb Code    18  memseta.o(.text)
    strstr                                   0x08000189   Thumb Code    36  strstr.o(.text)
    strlen                                   0x080001ad   Thumb Code    14  strlen.o(.text)
    __aeabi_uidiv                            0x080001bb   Thumb Code     0  uidiv.o(.text)
    __aeabi_uidivmod                         0x080001bb   Thumb Code    44  uidiv.o(.text)
    __aeabi_uldivmod                         0x080001e7   Thumb Code    98  uldiv.o(.text)
    __I$use$fp                               0x08000249   Thumb Code     0  iusefp.o(.text)
    __aeabi_dadd                             0x08000249   Thumb Code   322  dadd.o(.text)
    __aeabi_dsub                             0x0800038b   Thumb Code     6  dadd.o(.text)
    __aeabi_drsub                            0x08000391   Thumb Code     6  dadd.o(.text)
    __aeabi_dmul                             0x08000397   Thumb Code   228  dmul.o(.text)
    __aeabi_ddiv                             0x0800047b   Thumb Code   222  ddiv.o(.text)
    __aeabi_d2ulz                            0x08000559   Thumb Code    48  dfixul.o(.text)
    __aeabi_cdrcmple                         0x08000589   Thumb Code    48  cdrcmple.o(.text)
    __scatterload                            0x080005b9   Thumb Code    38  init.o(.text)
    __scatterload_rt2                        0x080005b9   Thumb Code     0  init.o(.text)
    __aeabi_llsl                             0x080005e9   Thumb Code    30  llshl.o(.text)
    _ll_shift_l                              0x080005e9   Thumb Code     0  llshl.o(.text)
    __aeabi_llsr                             0x08000607   Thumb Code    32  llushr.o(.text)
    _ll_ushift_r                             0x08000607   Thumb Code     0  llushr.o(.text)
    __aeabi_lasr                             0x08000627   Thumb Code    36  llsshr.o(.text)
    _ll_sshift_r                             0x08000627   Thumb Code     0  llsshr.o(.text)
    _double_round                            0x0800064b   Thumb Code    30  depilogue.o(.text)
    _double_epilogue                         0x08000669   Thumb Code   156  depilogue.o(.text)
    ADC_Cmd                                  0x08000705   Thumb Code    16  stm32f10x_adc.o(.text.ADC_Cmd)
    ADC_DeInit                               0x08000715   Thumb Code    76  stm32f10x_adc.o(.text.ADC_DeInit)
    ADC_GetCalibrationStatus                 0x08000761   Thumb Code     8  stm32f10x_adc.o(.text.ADC_GetCalibrationStatus)
    ADC_GetConversionValue                   0x08000769   Thumb Code     6  stm32f10x_adc.o(.text.ADC_GetConversionValue)
    ADC_GetFlagStatus                        0x08000771   Thumb Code    10  stm32f10x_adc.o(.text.ADC_GetFlagStatus)
    ADC_GetResetCalibrationStatus            0x0800077d   Thumb Code     8  stm32f10x_adc.o(.text.ADC_GetResetCalibrationStatus)
    ADC_Init                                 0x08000785   Thumb Code    82  stm32f10x_adc.o(.text.ADC_Init)
    ADC_RegularChannelConfig                 0x080007d9   Thumb Code    96  stm32f10x_adc.o(.text.ADC_RegularChannelConfig)
    ADC_ResetCalibration                     0x08000839   Thumb Code    10  stm32f10x_adc.o(.text.ADC_ResetCalibration)
    ADC_SoftwareStartConvCmd                 0x08000845   Thumb Code    18  stm32f10x_adc.o(.text.ADC_SoftwareStartConvCmd)
    ADC_StartCalibration                     0x08000859   Thumb Code    10  stm32f10x_adc.o(.text.ADC_StartCalibration)
    Adc_Init                                 0x08000865   Thumb Code   130  adc.o(.text.Adc_Init)
    Ali_MsessageInit                         0x080008e9   Thumb Code   184  mqtt.o(.text.Ali_MsessageInit)
    AutoContrl                               0x080009c9   Thumb Code   134  menu.o(.text.AutoContrl)
    Beep_Init                                0x08000a51   Thumb Code    60  bsp_beep.o(.text.Beep_Init)
    BusFault_Handler                         0x08000a8d   Thumb Code     2  stm32f10x_it.o(.text.BusFault_Handler)
    DHT11_Init                               0x08000a91   Thumb Code    48  dht11.o(.text.DHT11_Init)
    DHT11_Read_TempAndHumidity               0x08000ac1   Thumb Code   608  dht11.o(.text.DHT11_Read_TempAndHumidity)
    DebugMon_Handler                         0x08000d21   Thumb Code     2  stm32f10x_it.o(.text.DebugMon_Handler)
    GPIO_Init                                0x08000d25   Thumb Code   188  stm32f10x_gpio.o(.text.GPIO_Init)
    GPIO_ReadInputDataBit                    0x08000de1   Thumb Code    10  stm32f10x_gpio.o(.text.GPIO_ReadInputDataBit)
    GPIO_ResetBits                           0x08000ded   Thumb Code     4  stm32f10x_gpio.o(.text.GPIO_ResetBits)
    GPIO_SetBits                             0x08000df1   Thumb Code     4  stm32f10x_gpio.o(.text.GPIO_SetBits)
    GPIO_WriteBit                            0x08000df5   Thumb Code    12  stm32f10x_gpio.o(.text.GPIO_WriteBit)
    Get_Adc_Average                          0x08000e01   Thumb Code    90  adc.o(.text.Get_Adc_Average)
    HardFault_Handler                        0x08000e5d   Thumb Code     2  stm32f10x_it.o(.text.HardFault_Handler)
    Inform_Show                              0x08000e61   Thumb Code   260  menu.o(.text.Inform_Show)
    KEY_Init                                 0x08000f65   Thumb Code    72  key.o(.text.KEY_Init)
    KeyScan                                  0x08000fad   Thumb Code   254  key.o(.text.KeyScan)
    LED_GPIO_Config                          0x080010ad   Thumb Code    40  led.o(.text.LED_GPIO_Config)
    Manual_Contrl                            0x080011bd   Thumb Code   550  menu.o(.text.Manual_Contrl)
    MemManage_Handler                        0x080013e5   Thumb Code     2  stm32f10x_it.o(.text.MemManage_Handler)
    Mode_Decide                              0x080013e9   Thumb Code   184  menu.o(.text.Mode_Decide)
    Mqtt_ConnectMessege                      0x080014a1   Thumb Code   328  mqtt.o(.text.Mqtt_ConnectMessege)
    Mqtt_Subscribe                           0x080015e9   Thumb Code   202  mqtt.o(.text.Mqtt_Subscribe)
    My_USART1                                0x080016b5   Thumb Code   128  my_usart1.o(.text.My_USART1)
    My_USART2                                0x08001735   Thumb Code   124  my_usart2.o(.text.My_USART2)
    NMI_Handler                              0x080017b1   Thumb Code     2  stm32f10x_it.o(.text.NMI_Handler)
    NVIC_Config                              0x080017b5   Thumb Code   126  sys.o(.text.NVIC_Config)
    NVIC_Init                                0x08001835   Thumb Code    94  misc.o(.text.NVIC_Init)
    NVIC_PriorityGroupConfig                 0x08001895   Thumb Code    20  misc.o(.text.NVIC_PriorityGroupConfig)
    OLED_ShowChar                            0x080018a9   Thumb Code   174  bsp_oled_iic.o(.text.OLED_ShowChar)
    PendSV_Handler                           0x08001959   Thumb Code     2  stm32f10x_it.o(.text.PendSV_Handler)
    RCC_ADCCLKConfig                         0x0800195d   Thumb Code    20  stm32f10x_rcc.o(.text.RCC_ADCCLKConfig)
    RCC_APB1PeriphClockCmd                   0x08001971   Thumb Code    24  stm32f10x_rcc.o(.text.RCC_APB1PeriphClockCmd)
    RCC_APB2PeriphClockCmd                   0x08001989   Thumb Code    24  stm32f10x_rcc.o(.text.RCC_APB2PeriphClockCmd)
    RCC_APB2PeriphResetCmd                   0x080019a1   Thumb Code    24  stm32f10x_rcc.o(.text.RCC_APB2PeriphResetCmd)
    RCC_GetClocksFreq                        0x080019b9   Thumb Code   140  stm32f10x_rcc.o(.text.RCC_GetClocksFreq)
    RELAY_GPIO_Config                        0x08001a45   Thumb Code    70  relay.o(.text.RELAY_GPIO_Config)
    SVC_Handler                              0x08001a8d   Thumb Code     2  stm32f10x_it.o(.text.SVC_Handler)
    SysTick_CLKSourceConfig                  0x08001a91   Thumb Code    24  misc.o(.text.SysTick_CLKSourceConfig)
    SysTick_Handler                          0x08001aa9   Thumb Code     2  stm32f10x_it.o(.text.SysTick_Handler)
    SystemInit                               0x08001aad   Thumb Code   268  system_stm32f10x.o(.text.SystemInit)
    TIM1_UP_IRQHandler                       0x08001bb9   Thumb Code    36  time1.o(.text.TIM1_UP_IRQHandler)
    TIM2_IRQHandler                          0x08001bdd   Thumb Code    76  time2.o(.text.TIM2_IRQHandler)
    TIM2_Init                                0x08001c29   Thumb Code    72  time2.o(.text.TIM2_Init)
    TIM3_IRQHandler                          0x08001c71   Thumb Code   132  time3.o(.text.TIM3_IRQHandler)
    TIM3_Init                                0x08001cf5   Thumb Code    74  time3.o(.text.TIM3_Init)
    TIM4_IRQHandler                          0x08001d41   Thumb Code   140  time4.o(.text.TIM4_IRQHandler)
    TIM4_Init                                0x08001dcd   Thumb Code    82  time4.o(.text.TIM4_Init)
    TIM_ClearITPendingBit                    0x08001e21   Thumb Code     6  stm32f10x_tim.o(.text.TIM_ClearITPendingBit)
    TIM_Cmd                                  0x08001e29   Thumb Code    18  stm32f10x_tim.o(.text.TIM_Cmd)
    TIM_GetITStatus                          0x08001e3d   Thumb Code    24  stm32f10x_tim.o(.text.TIM_GetITStatus)
    TIM_ITConfig                             0x08001e55   Thumb Code    16  stm32f10x_tim.o(.text.TIM_ITConfig)
    TIM_SetCounter                           0x08001e65   Thumb Code     4  stm32f10x_tim.o(.text.TIM_SetCounter)
    TIM_TimeBaseInit                         0x08001e69   Thumb Code   170  stm32f10x_tim.o(.text.TIM_TimeBaseInit)
    ThresholdSet                             0x08001f15   Thumb Code   650  menu.o(.text.ThresholdSet)
    USART1_IRQHandler                        0x080021a1   Thumb Code    54  my_usart1.o(.text.USART1_IRQHandler)
    USART2_IRQHandler                        0x080021d9   Thumb Code   124  my_usart2.o(.text.USART2_IRQHandler)
    USART_ClearITPendingBit                  0x08002255   Thumb Code    14  stm32f10x_usart.o(.text.USART_ClearITPendingBit)
    USART_Cmd                                0x08002265   Thumb Code    20  stm32f10x_usart.o(.text.USART_Cmd)
    USART_GetFlagStatus                      0x08002279   Thumb Code    10  stm32f10x_usart.o(.text.USART_GetFlagStatus)
    USART_GetITStatus                        0x08002285   Thumb Code    50  stm32f10x_usart.o(.text.USART_GetITStatus)
    USART_ITConfig                           0x080022b9   Thumb Code    46  stm32f10x_usart.o(.text.USART_ITConfig)
    USART_Init                               0x080022e9   Thumb Code   182  stm32f10x_usart.o(.text.USART_Init)
    USART_ReceiveData                        0x080023a1   Thumb Code     8  stm32f10x_usart.o(.text.USART_ReceiveData)
    USART_SendByte                           0x080023a9   Thumb Code    26  my_usart1.o(.text.USART_SendByte)
    USART_SendData                           0x080023c5   Thumb Code     8  stm32f10x_usart.o(.text.USART_SendData)
    UsageFault_Handler                       0x080023cd   Thumb Code     2  stm32f10x_it.o(.text.UsageFault_Handler)
    WIFI_Config                              0x080023d1   Thumb Code   122  wifi.o(.text.WIFI_Config)
    WIFI_Connect                             0x0800244d   Thumb Code   848  wifi.o(.text.WIFI_Connect)
    WIFI_ConnectTCP                          0x08002839   Thumb Code   136  wifi.o(.text.WIFI_ConnectTCP)
    Write_IIC_Command                        0x080028dd   Thumb Code   352  bsp_oled_iic.o(.text.Write_IIC_Command)
    Write_IIC_Data                           0x08002a3d   Thumb Code   380  bsp_oled_iic.o(.text.Write_IIC_Data)
    delay_init                               0x08002bb9   Thumb Code    66  delay.o(.text.delay_init)
    delay_ms                                 0x08002bfd   Thumb Code    60  delay.o(.text.delay_ms)
    delay_us                                 0x08002c39   Thumb Code    60  delay.o(.text.delay_us)
    main                                     0x08002c75   Thumb Code   670  main.o(.text.main)
    mqtt_Content                             0x08002fad   Thumb Code  2088  mqtt.o(.text.mqtt_Content)
    mqtt_Ping                                0x0800386d   Thumb Code    72  mqtt.o(.text.mqtt_Ping)
    mqtt_PublishQs0                          0x080038b5   Thumb Code   208  mqtt.o(.text.mqtt_PublishQs0)
    oled_Clear                               0x08003a01   Thumb Code    56  bsp_oled_iic.o(.text.oled_Clear)
    oled_Init                                0x08003a39   Thumb Code   292  bsp_oled_iic.o(.text.oled_Init)
    oled_ShowCHinese                         0x08003b5d   Thumb Code   118  bsp_oled_iic.o(.text.oled_ShowCHinese)
    oled_ShowNum                             0x08003bd5   Thumb Code   154  bsp_oled_iic.o(.text.oled_ShowNum)
    oled_ShowString                          0x08003c71   Thumb Code    64  bsp_oled_iic.o(.text.oled_ShowString)
    u1_printf                                0x08003cb1   Thumb Code    98  my_usart1.o(.text.u1_printf)
    u2_TxData                                0x08003d15   Thumb Code    84  my_usart2.o(.text.u2_TxData)
    u2_printf                                0x08003d69   Thumb Code    90  my_usart2.o(.text.u2_printf)
    wifi_GPIO_Config                         0x08003dc5   Thumb Code    80  led.o(.text.wifi_GPIO_Config)
    __0sprintf                               0x08003e15   Thumb Code    34  printfa.o(i.__0sprintf)
    __1sprintf                               0x08003e15   Thumb Code     0  printfa.o(i.__0sprintf)
    __2sprintf                               0x08003e15   Thumb Code     0  printfa.o(i.__0sprintf)
    __c89sprintf                             0x08003e15   Thumb Code     0  printfa.o(i.__0sprintf)
    sprintf                                  0x08003e15   Thumb Code     0  printfa.o(i.__0sprintf)
    __0vsprintf                              0x08003e3d   Thumb Code    30  printfa.o(i.__0vsprintf)
    __1vsprintf                              0x08003e3d   Thumb Code     0  printfa.o(i.__0vsprintf)
    __2vsprintf                              0x08003e3d   Thumb Code     0  printfa.o(i.__0vsprintf)
    __c89vsprintf                            0x08003e3d   Thumb Code     0  printfa.o(i.__0vsprintf)
    vsprintf                                 0x08003e3d   Thumb Code     0  printfa.o(i.__0vsprintf)
    __scatterload_copy                       0x08003e61   Thumb Code    14  handlers.o(i.__scatterload_copy)
    __scatterload_null                       0x08003e6f   Thumb Code     2  handlers.o(i.__scatterload_null)
    __scatterload_zeroinit                   0x08003e71   Thumb Code    14  handlers.o(i.__scatterload_zeroinit)
    Region$$Table$$Base                      0x08006994   Number         0  anon$$obj.o(Region$$Table)
    Region$$Table$$Limit                     0x080069b4   Number         0  anon$$obj.o(Region$$Table)
    SystemCoreClock                          0x20000004   Data           4  system_stm32f10x.o(.data.SystemCoreClock)
    ConnectPack_flag                         0x20000010   Data           1  mqtt.o(.bss.ConnectPack_flag)
    Connect_flag                             0x20000011   Data           1  mqtt.o(.bss.Connect_flag)
    OperateMode                              0x20000013   Data           1  menu.o(.bss.OperateMode)
    PingCount                                0x20000014   Data           1  time3.o(.bss.PingCount)
    Ping_flag                                0x20000015   Data           1  mqtt.o(.bss.Ping_flag)
    SensorData                               0x2000001c   Data          16  main.o(.bss.SensorData)
    ServerIP                                 0x2000002c   Data         128  mqtt.o(.bss.ServerIP)
    ServerPort                               0x200000ac   Data           4  mqtt.o(.bss.ServerPort)
    SubscribePack_flag                       0x200000b0   Data           1  mqtt.o(.bss.SubscribePack_flag)
    System                                   0x200000b1   Data           9  main.o(.bss.System)
    Threshold                                0x200000ba   Data           6  main.o(.bss.Threshold)
    Tim2Count                                0x200000c0   Data           1  time2.o(.bss.Tim2Count)
    Tim3Count                                0x200000c1   Data           1  time3.o(.bss.Tim3Count)
    USART1_TxBuff                            0x200000c8   Data         256  my_usart1.o(.bss.USART1_TxBuff)
    USART2_RxBuff                            0x200001c8   Data        1024  my_usart2.o(.bss.USART2_RxBuff)
    USART2_RxCounter                         0x200005c8   Data           2  my_usart2.o(.bss.USART2_RxCounter)
    USART2_TxBuff                            0x200005d0   Data         256  my_usart2.o(.bss.USART2_TxBuff)
    clientid                                 0x200006d0   Data         128  mqtt.o(.bss.clientid)
    clientid_size                            0x20000750   Data           4  mqtt.o(.bss.clientid_size)
    dht11Data                                0x20000754   Data           5  dht11.o(.bss.dht11Data)
    isKey1                                   0x2000075d   Data           1  key.o(.bss.isKey1)
    isKey2                                   0x2000075e   Data           1  key.o(.bss.isKey2)
    isKey3                                   0x2000075f   Data           1  key.o(.bss.isKey3)
    isKey4                                   0x20000760   Data           1  key.o(.bss.isKey4)
    lex                                      0x20000761   Data         256  mqtt.o(.bss.lex)
    mqtt_CMDBuf                              0x20000864   Data        2800  mqtt.o(.bss.mqtt_CMDBuf)
    mqtt_CMDEndPtr                           0x20001354   Data           4  mqtt.o(.bss.mqtt_CMDEndPtr)
    mqtt_CMDInPtr                            0x20001358   Data           4  mqtt.o(.bss.mqtt_CMDInPtr)
    mqtt_CMDOutPtr                           0x2000135c   Data           4  mqtt.o(.bss.mqtt_CMDOutPtr)
    mqtt_RxBuf                               0x20001360   Data        2800  mqtt.o(.bss.mqtt_RxBuf)
    mqtt_RxEndPtr                            0x20001e50   Data           4  mqtt.o(.bss.mqtt_RxEndPtr)
    mqtt_RxInPtr                             0x20001e54   Data           4  mqtt.o(.bss.mqtt_RxInPtr)
    mqtt_RxOutPtr                            0x20001e58   Data           4  mqtt.o(.bss.mqtt_RxOutPtr)
    mqtt_TxBuf                               0x20001e5c   Data        2800  mqtt.o(.bss.mqtt_TxBuf)
    mqtt_TxEndPtr                            0x2000294c   Data           4  mqtt.o(.bss.mqtt_TxEndPtr)
    mqtt_TxInPtr                             0x20002950   Data           4  mqtt.o(.bss.mqtt_TxInPtr)
    mqtt_TxOutPtr                            0x20002954   Data           4  mqtt.o(.bss.mqtt_TxOutPtr)
    mqtt_buff                                0x20002958   Data         400  mqtt.o(.bss.mqtt_buff)
    passward                                 0x20002ae8   Data         128  mqtt.o(.bss.passward)
    passward_size                            0x20002b68   Data           4  mqtt.o(.bss.passward_size)
    username                                 0x20002b6c   Data         128  mqtt.o(.bss.username)
    username_size                            0x20002bec   Data           4  mqtt.o(.bss.username_size)
    __initial_sp                             0x20002ff0   Data           0  startup_stm32f10x_md.o(STACK)



==============================================================================

Memory Map of the image

  Image Entry point : 0x080000ed

  Load Region LR_IROM1 (Base: 0x08000000, Size: 0x000069c8, Max: 0x00010000, ABSOLUTE)

    Execution Region ER_IROM1 (Exec base: 0x08000000, Load base: 0x08000000, Size: 0x000069b4, Max: 0x00010000, ABSOLUTE)

    Exec Addr    Load Addr    Size         Type   Attr      Idx    E Section Name        Object

    0x08000000   0x08000000   0x000000ec   Data   RO          514    RESET               startup_stm32f10x_md.o
    0x080000ec   0x080000ec   0x00000000   Code   RO         1656  * .ARM.Collect$$$$00000000  mc_w.l(entry.o)
    0x080000ec   0x080000ec   0x00000004   Code   RO         1936    .ARM.Collect$$$$00000001  mc_w.l(entry2.o)
    0x080000f0   0x080000f0   0x00000004   Code   RO         1939    .ARM.Collect$$$$00000004  mc_w.l(entry5.o)
    0x080000f4   0x080000f4   0x00000000   Code   RO         1941    .ARM.Collect$$$$00000008  mc_w.l(entry7b.o)
    0x080000f4   0x080000f4   0x00000000   Code   RO         1943    .ARM.Collect$$$$0000000A  mc_w.l(entry8b.o)
    0x080000f4   0x080000f4   0x00000008   Code   RO         1944    .ARM.Collect$$$$0000000B  mc_w.l(entry9a.o)
    0x080000fc   0x080000fc   0x00000000   Code   RO         1946    .ARM.Collect$$$$0000000D  mc_w.l(entry10a.o)
    0x080000fc   0x080000fc   0x00000000   Code   RO         1948    .ARM.Collect$$$$0000000F  mc_w.l(entry11a.o)
    0x080000fc   0x080000fc   0x00000004   Code   RO         1937    .ARM.Collect$$$$00002712  mc_w.l(entry2.o)
    0x08000100   0x08000100   0x00000024   Code   RO          515    .text               startup_stm32f10x_md.o
    0x08000124   0x08000124   0x00000040   Code   RO         1661    .text               mc_w.l(memmovea.o)
    0x08000164   0x08000164   0x00000024   Code   RO         1663    .text               mc_w.l(memseta.o)
    0x08000188   0x08000188   0x00000024   Code   RO         1665    .text               mc_w.l(strstr.o)
    0x080001ac   0x080001ac   0x0000000e   Code   RO         1667    .text               mc_w.l(strlen.o)
    0x080001ba   0x080001ba   0x0000002c   Code   RO         1964    .text               mc_w.l(uidiv.o)
    0x080001e6   0x080001e6   0x00000062   Code   RO         1966    .text               mc_w.l(uldiv.o)
    0x08000248   0x08000248   0x00000000   Code   RO         1968    .text               mc_w.l(iusefp.o)
    0x08000248   0x08000248   0x0000014e   Code   RO         1969    .text               mf_w.l(dadd.o)
    0x08000396   0x08000396   0x000000e4   Code   RO         1971    .text               mf_w.l(dmul.o)
    0x0800047a   0x0800047a   0x000000de   Code   RO         1973    .text               mf_w.l(ddiv.o)
    0x08000558   0x08000558   0x00000030   Code   RO         1975    .text               mf_w.l(dfixul.o)
    0x08000588   0x08000588   0x00000030   Code   RO         1977    .text               mf_w.l(cdrcmple.o)
    0x080005b8   0x080005b8   0x00000030   Code   RO         1979    .text               mc_w.l(init.o)
    0x080005e8   0x080005e8   0x0000001e   Code   RO         1982    .text               mc_w.l(llshl.o)
    0x08000606   0x08000606   0x00000020   Code   RO         1984    .text               mc_w.l(llushr.o)
    0x08000626   0x08000626   0x00000024   Code   RO         1986    .text               mc_w.l(llsshr.o)
    0x0800064a   0x0800064a   0x000000ba   Code   RO         1989    .text               mf_w.l(depilogue.o)
    0x08000704   0x08000704   0x00000010   Code   RO          560    .text.ADC_Cmd       stm32f10x_adc.o
    0x08000714   0x08000714   0x0000004c   Code   RO          554    .text.ADC_DeInit    stm32f10x_adc.o
    0x08000760   0x08000760   0x00000008   Code   RO          572    .text.ADC_GetCalibrationStatus  stm32f10x_adc.o
    0x08000768   0x08000768   0x00000006   Code   RO          586    .text.ADC_GetConversionValue  stm32f10x_adc.o
    0x0800076e   0x0800076e   0x00000002   PAD
    0x08000770   0x08000770   0x0000000a   Code   RO          618    .text.ADC_GetFlagStatus  stm32f10x_adc.o
    0x0800077a   0x0800077a   0x00000002   PAD
    0x0800077c   0x0800077c   0x00000008   Code   RO          568    .text.ADC_GetResetCalibrationStatus  stm32f10x_adc.o
    0x08000784   0x08000784   0x00000052   Code   RO          556    .text.ADC_Init      stm32f10x_adc.o
    0x080007d6   0x080007d6   0x00000002   PAD
    0x080007d8   0x080007d8   0x00000060   Code   RO          582    .text.ADC_RegularChannelConfig  stm32f10x_adc.o
    0x08000838   0x08000838   0x0000000a   Code   RO          566    .text.ADC_ResetCalibration  stm32f10x_adc.o
    0x08000842   0x08000842   0x00000002   PAD
    0x08000844   0x08000844   0x00000012   Code   RO          574    .text.ADC_SoftwareStartConvCmd  stm32f10x_adc.o
    0x08000856   0x08000856   0x00000002   PAD
    0x08000858   0x08000858   0x0000000a   Code   RO          570    .text.ADC_StartCalibration  stm32f10x_adc.o
    0x08000862   0x08000862   0x00000002   PAD
    0x08000864   0x08000864   0x00000082   Code   RO          499    .text.Adc_Init      adc.o
    0x080008e6   0x080008e6   0x00000002   PAD
    0x080008e8   0x080008e8   0x000000e0   Code   RO          243    .text.Ali_MsessageInit  mqtt.o
    0x080009c8   0x080009c8   0x00000086   Code   RO           31    .text.AutoContrl    menu.o
    0x08000a4e   0x08000a4e   0x00000002   PAD
    0x08000a50   0x08000a50   0x0000003c   Code   RO          166    .text.Beep_Init     bsp_beep.o
    0x08000a8c   0x08000a8c   0x00000002   Code   RO          390    .text.BusFault_Handler  stm32f10x_it.o
    0x08000a8e   0x08000a8e   0x00000002   PAD
    0x08000a90   0x08000a90   0x00000030   Code   RO          409    .text.DHT11_Init    dht11.o
    0x08000ac0   0x08000ac0   0x00000260   Code   RO          411    .text.DHT11_Read_TempAndHumidity  dht11.o
    0x08000d20   0x08000d20   0x00000002   Code   RO          396    .text.DebugMon_Handler  stm32f10x_it.o
    0x08000d22   0x08000d22   0x00000002   PAD
    0x08000d24   0x08000d24   0x000000bc   Code   RO          992    .text.GPIO_Init     stm32f10x_gpio.o
    0x08000de0   0x08000de0   0x0000000a   Code   RO          996    .text.GPIO_ReadInputDataBit  stm32f10x_gpio.o
    0x08000dea   0x08000dea   0x00000002   PAD
    0x08000dec   0x08000dec   0x00000004   Code   RO         1006    .text.GPIO_ResetBits  stm32f10x_gpio.o
    0x08000df0   0x08000df0   0x00000004   Code   RO         1004    .text.GPIO_SetBits  stm32f10x_gpio.o
    0x08000df4   0x08000df4   0x0000000c   Code   RO         1008    .text.GPIO_WriteBit  stm32f10x_gpio.o
    0x08000e00   0x08000e00   0x0000005a   Code   RO          503    .text.Get_Adc_Average  adc.o
    0x08000e5a   0x08000e5a   0x00000002   PAD
    0x08000e5c   0x08000e5c   0x00000002   Code   RO          386    .text.HardFault_Handler  stm32f10x_it.o
    0x08000e5e   0x08000e5e   0x00000002   PAD
    0x08000e60   0x08000e60   0x00000104   Code   RO           29    .text.Inform_Show   menu.o
    0x08000f64   0x08000f64   0x00000048   Code   RO          180    .text.KEY_Init      key.o
    0x08000fac   0x08000fac   0x000000fe   Code   RO          190    .text.KeyScan       key.o
    0x080010aa   0x080010aa   0x00000002   PAD
    0x080010ac   0x080010ac   0x00000028   Code   RO          208    .text.LED_GPIO_Config  led.o
    0x080010d4   0x080010d4   0x000000e8   Code   RO          249    .text.MQTT_ResetState  mqtt.o
    0x080011bc   0x080011bc   0x00000226   Code   RO           33    .text.Manual_Contrl  menu.o
    0x080013e2   0x080013e2   0x00000002   PAD
    0x080013e4   0x080013e4   0x00000002   Code   RO          388    .text.MemManage_Handler  stm32f10x_it.o
    0x080013e6   0x080013e6   0x00000002   PAD
    0x080013e8   0x080013e8   0x000000b8   Code   RO           27    .text.Mode_Decide   menu.o
    0x080014a0   0x080014a0   0x00000148   Code   RO          229    .text.Mqtt_ConnectMessege  mqtt.o
    0x080015e8   0x080015e8   0x000000ca   Code   RO          231    .text.Mqtt_Subscribe  mqtt.o
    0x080016b2   0x080016b2   0x00000002   PAD
    0x080016b4   0x080016b4   0x00000080   Code   RO          106    .text.My_USART1     my_usart1.o
    0x08001734   0x08001734   0x0000007c   Code   RO          123    .text.My_USART2     my_usart2.o
    0x080017b0   0x080017b0   0x00000002   Code   RO          384    .text.NMI_Handler   stm32f10x_it.o
    0x080017b2   0x080017b2   0x00000002   PAD
    0x080017b4   0x080017b4   0x0000007e   Code   RO          142    .text.NVIC_Config   sys.o
    0x08001832   0x08001832   0x00000002   PAD
    0x08001834   0x08001834   0x0000005e   Code   RO          538    .text.NVIC_Init     misc.o
    0x08001892   0x08001892   0x00000002   PAD
    0x08001894   0x08001894   0x00000014   Code   RO          536    .text.NVIC_PriorityGroupConfig  misc.o
    0x080018a8   0x080018a8   0x000000ae   Code   RO          468    .text.OLED_ShowChar  bsp_oled_iic.o
    0x08001956   0x08001956   0x00000002   PAD
    0x08001958   0x08001958   0x00000002   Code   RO          398    .text.PendSV_Handler  stm32f10x_it.o
    0x0800195a   0x0800195a   0x00000002   PAD
    0x0800195c   0x0800195c   0x00000014   Code   RO         1183    .text.RCC_ADCCLKConfig  stm32f10x_rcc.o
    0x08001970   0x08001970   0x00000018   Code   RO         1199    .text.RCC_APB1PeriphClockCmd  stm32f10x_rcc.o
    0x08001988   0x08001988   0x00000018   Code   RO         1197    .text.RCC_APB2PeriphClockCmd  stm32f10x_rcc.o
    0x080019a0   0x080019a0   0x00000018   Code   RO         1201    .text.RCC_APB2PeriphResetCmd  stm32f10x_rcc.o
    0x080019b8   0x080019b8   0x0000008c   Code   RO         1193    .text.RCC_GetClocksFreq  stm32f10x_rcc.o
    0x08001a44   0x08001a44   0x00000046   Code   RO          430    .text.RELAY_GPIO_Config  relay.o
    0x08001a8a   0x08001a8a   0x00000002   PAD
    0x08001a8c   0x08001a8c   0x00000002   Code   RO          394    .text.SVC_Handler   stm32f10x_it.o
    0x08001a8e   0x08001a8e   0x00000002   PAD
    0x08001a90   0x08001a90   0x00000018   Code   RO          544    .text.SysTick_CLKSourceConfig  misc.o
    0x08001aa8   0x08001aa8   0x00000002   Code   RO          400    .text.SysTick_Handler  stm32f10x_it.o
    0x08001aaa   0x08001aaa   0x00000002   PAD
    0x08001aac   0x08001aac   0x0000010c   Code   RO          522    .text.SystemInit    system_stm32f10x.o
    0x08001bb8   0x08001bb8   0x00000024   Code   RO           53    .text.TIM1_UP_IRQHandler  time1.o
    0x08001bdc   0x08001bdc   0x0000004c   Code   RO           67    .text.TIM2_IRQHandler  time2.o
    0x08001c28   0x08001c28   0x00000048   Code   RO           65    .text.TIM2_Init     time2.o
    0x08001c70   0x08001c70   0x00000084   Code   RO           82    .text.TIM3_IRQHandler  time3.o
    0x08001cf4   0x08001cf4   0x0000004a   Code   RO           80    .text.TIM3_Init     time3.o
    0x08001d3e   0x08001d3e   0x00000002   PAD
    0x08001d40   0x08001d40   0x0000008c   Code   RO           96    .text.TIM4_IRQHandler  time4.o
    0x08001dcc   0x08001dcc   0x00000052   Code   RO           94    .text.TIM4_Init     time4.o
    0x08001e1e   0x08001e1e   0x00000002   PAD
    0x08001e20   0x08001e20   0x00000006   Code   RO         1557    .text.TIM_ClearITPendingBit  stm32f10x_tim.o
    0x08001e26   0x08001e26   0x00000002   PAD
    0x08001e28   0x08001e28   0x00000012   Code   RO         1419    .text.TIM_Cmd       stm32f10x_tim.o
    0x08001e3a   0x08001e3a   0x00000002   PAD
    0x08001e3c   0x08001e3c   0x00000018   Code   RO         1555    .text.TIM_GetITStatus  stm32f10x_tim.o
    0x08001e54   0x08001e54   0x00000010   Code   RO         1423    .text.TIM_ITConfig  stm32f10x_tim.o
    0x08001e64   0x08001e64   0x00000004   Code   RO         1525    .text.TIM_SetCounter  stm32f10x_tim.o
    0x08001e68   0x08001e68   0x000000aa   Code   RO         1387    .text.TIM_TimeBaseInit  stm32f10x_tim.o
    0x08001f12   0x08001f12   0x00000002   PAD
    0x08001f14   0x08001f14   0x0000028a   Code   RO           35    .text.ThresholdSet  menu.o
    0x0800219e   0x0800219e   0x00000002   PAD
    0x080021a0   0x080021a0   0x00000036   Code   RO          112    .text.USART1_IRQHandler  my_usart1.o
    0x080021d6   0x080021d6   0x00000002   PAD
    0x080021d8   0x080021d8   0x0000007c   Code   RO          127    .text.USART2_IRQHandler  my_usart2.o
    0x08002254   0x08002254   0x0000000e   Code   RO         1623    .text.USART_ClearITPendingBit  stm32f10x_usart.o
    0x08002262   0x08002262   0x00000002   PAD
    0x08002264   0x08002264   0x00000014   Code   RO         1577    .text.USART_Cmd     stm32f10x_usart.o
    0x08002278   0x08002278   0x0000000a   Code   RO         1617    .text.USART_GetFlagStatus  stm32f10x_usart.o
    0x08002282   0x08002282   0x00000002   PAD
    0x08002284   0x08002284   0x00000032   Code   RO         1621    .text.USART_GetITStatus  stm32f10x_usart.o
    0x080022b6   0x080022b6   0x00000002   PAD
    0x080022b8   0x080022b8   0x0000002e   Code   RO         1579    .text.USART_ITConfig  stm32f10x_usart.o
    0x080022e6   0x080022e6   0x00000002   PAD
    0x080022e8   0x080022e8   0x000000b6   Code   RO         1569    .text.USART_Init    stm32f10x_usart.o
    0x0800239e   0x0800239e   0x00000002   PAD
    0x080023a0   0x080023a0   0x00000008   Code   RO         1595    .text.USART_ReceiveData  stm32f10x_usart.o
    0x080023a8   0x080023a8   0x0000001a   Code   RO          108    .text.USART_SendByte  my_usart1.o
    0x080023c2   0x080023c2   0x00000002   PAD
    0x080023c4   0x080023c4   0x00000008   Code   RO         1593    .text.USART_SendData  stm32f10x_usart.o
    0x080023cc   0x080023cc   0x00000002   Code   RO          392    .text.UsageFault_Handler  stm32f10x_it.o
    0x080023ce   0x080023ce   0x00000002   PAD
    0x080023d0   0x080023d0   0x0000007a   Code   RO          367    .text.WIFI_Config   wifi.o
    0x0800244a   0x0800244a   0x00000002   PAD
    0x0800244c   0x0800244c   0x000003ec   Code   RO          373    .text.WIFI_Connect  wifi.o
    0x08002838   0x08002838   0x000000a4   Code   RO          371    .text.WIFI_ConnectTCP  wifi.o
    0x080028dc   0x080028dc   0x00000160   Code   RO          450    .text.Write_IIC_Command  bsp_oled_iic.o
    0x08002a3c   0x08002a3c   0x0000017c   Code   RO          452    .text.Write_IIC_Data  bsp_oled_iic.o
    0x08002bb8   0x08002bb8   0x00000042   Code   RO          150    .text.delay_init    delay.o
    0x08002bfa   0x08002bfa   0x00000002   PAD
    0x08002bfc   0x08002bfc   0x0000003c   Code   RO          154    .text.delay_ms      delay.o
    0x08002c38   0x08002c38   0x0000003c   Code   RO          152    .text.delay_us      delay.o
    0x08002c74   0x08002c74   0x0000029e   Code   RO            4    .text.main          main.o
    0x08002f12   0x08002f12   0x00000002   PAD
    0x08002f14   0x08002f14   0x00000098   Code   RO          253    .text.mqtt_ApplySwitch  mqtt.o
    0x08002fac   0x08002fac   0x000008c0   Code   RO          247    .text.mqtt_Content  mqtt.o
    0x0800386c   0x0800386c   0x00000048   Code   RO          241    .text.mqtt_Ping     mqtt.o
    0x080038b4   0x080038b4   0x000000d0   Code   RO          235    .text.mqtt_PublishQs0  mqtt.o
    0x08003984   0x08003984   0x0000007c   Code   RO          251    .text.mqtt_TryReadValue  mqtt.o
    0x08003a00   0x08003a00   0x00000038   Code   RO          464    .text.oled_Clear    bsp_oled_iic.o
    0x08003a38   0x08003a38   0x00000124   Code   RO          482    .text.oled_Init     bsp_oled_iic.o
    0x08003b5c   0x08003b5c   0x00000076   Code   RO          476    .text.oled_ShowCHinese  bsp_oled_iic.o
    0x08003bd2   0x08003bd2   0x00000002   PAD
    0x08003bd4   0x08003bd4   0x0000009a   Code   RO          472    .text.oled_ShowNum  bsp_oled_iic.o
    0x08003c6e   0x08003c6e   0x00000002   PAD
    0x08003c70   0x08003c70   0x00000040   Code   RO          474    .text.oled_ShowString  bsp_oled_iic.o
    0x08003cb0   0x08003cb0   0x00000062   Code   RO          110    .text.u1_printf     my_usart1.o
    0x08003d12   0x08003d12   0x00000002   PAD
    0x08003d14   0x08003d14   0x00000054   Code   RO          129    .text.u2_TxData     my_usart2.o
    0x08003d68   0x08003d68   0x0000005a   Code   RO          125    .text.u2_printf     my_usart2.o
    0x08003dc2   0x08003dc2   0x00000002   PAD
    0x08003dc4   0x08003dc4   0x00000050   Code   RO          210    .text.wifi_GPIO_Config  led.o
    0x08003e14   0x08003e14   0x00000028   Code   RO         1908    i.__0sprintf        mc_w.l(printfa.o)
    0x08003e3c   0x08003e3c   0x00000024   Code   RO         1912    i.__0vsprintf       mc_w.l(printfa.o)
    0x08003e60   0x08003e60   0x0000000e   Code   RO         1993    i.__scatterload_copy  mc_w.l(handlers.o)
    0x08003e6e   0x08003e6e   0x00000002   Code   RO         1994    i.__scatterload_null  mc_w.l(handlers.o)
    0x08003e70   0x08003e70   0x0000000e   Code   RO         1995    i.__scatterload_zeroinit  mc_w.l(handlers.o)
    0x08003e7e   0x08003e7e   0x00000002   PAD
    0x08003e80   0x08003e80   0x00000184   Code   RO         1913    i._fp_digits        mc_w.l(printfa.o)
    0x08004004   0x08004004   0x000006dc   Code   RO         1914    i._printf_core      mc_w.l(printfa.o)
    0x080046e0   0x080046e0   0x00000024   Code   RO         1915    i._printf_post_padding  mc_w.l(printfa.o)
    0x08004704   0x08004704   0x0000002e   Code   RO         1916    i._printf_pre_padding  mc_w.l(printfa.o)
    0x08004732   0x08004732   0x0000000a   Code   RO         1918    i._sputc            mc_w.l(printfa.o)
    0x0800473c   0x0800473c   0x0000000c   Data   RO           43    .rodata..Lswitch.table.Manual_Contrl.2  menu.o
    0x08004748   0x08004748   0x00000004   Data   RO         1218    .rodata.ADCPrescTable  stm32f10x_rcc.o
    0x0800474c   0x0800474c   0x00000010   Data   RO         1217    .rodata.APBAHBPrescTable  stm32f10x_rcc.o
    0x0800475c   0x0800475c   0x00000228   Data   RO          488    .rodata.F6x8        bsp_oled_iic.o
    0x08004984   0x08004984   0x000005f0   Data   RO          489    .rodata.F8X16       bsp_oled_iic.o
    0x08004f74   0x08004f74   0x00001400   Data   RO          490    .rodata.Hzk         bsp_oled_iic.o
    0x08006374   0x08006374   0x00000086   Data   RO           13    .rodata.str1.1      main.o
    0x080063fa   0x080063fa   0x00000008   Data   RO           40    .rodata.str1.1      menu.o
    0x08006402   0x08006402   0x00000324   Data   RO          275    .rodata.str1.1      mqtt.o
    0x08006726   0x08006726   0x0000026e   Data   RO          375    .rodata.str1.1      wifi.o
    0x08006994   0x08006994   0x00000020   Data   RO         1992    Region$$Table       anon$$obj.o


    Execution Region RW_IRAM1 (Exec base: 0x20000000, Load base: 0x080069b8, Size: 0x00002ff0, Max: 0x00005000, ABSOLUTE)

    Exec Addr    Load Addr    Size         Type   Attr      Idx    E Section Name        Object

    0x20000000   0x080069b8   0x00000001   Data   RW           39    .data.Manual_Contrl.CursorFlag  menu.o
    0x20000001   0x080069b9   0x00000001   Data   RW           38    .data.Manual_Contrl.IndexFlag  menu.o
    0x20000002   0x080069ba   0x00000002   Data   RW           17    .data.Network_Task.retry_delay  main.o
    0x20000004   0x080069bc   0x00000004   Data   RW          526    .data.SystemCoreClock  system_stm32f10x.o
    0x20000008   0x080069c0   0x00000001   Data   RW           42    .data.ThresholdSet.CursorFlag1  menu.o
    0x20000009   0x080069c1   0x00000001   Data   RW           41    .data.ThresholdSet.IndexFlag1  menu.o
    0x2000000a   0x080069c2   0x00000006   PAD
    0x20000010        -       0x00000001   Zero   RW          256    .bss.ConnectPack_flag  mqtt.o
    0x20000011        -       0x00000001   Zero   RW          255    .bss.Connect_flag   mqtt.o
    0x20000012        -       0x00000001   Zero   RW          200    .bss.KeyScan.key_up  key.o
    0x20000013        -       0x00000001   Zero   RW           37    .bss.OperateMode    menu.o
    0x20000014        -       0x00000001   Zero   RW           85    .bss.PingCount      time3.o
    0x20000015        -       0x00000001   Zero   RW          258    .bss.Ping_flag      mqtt.o
    0x20000016        -       0x00000002   Zero   RW           14    .bss.Read_Soil_Moisture_Stable.filtered_adc  main.o
    0x20000018        -       0x00000001   Zero   RW           16    .bss.Read_Soil_Moisture_Stable.initialized  main.o
    0x20000019        -       0x00000001   Zero   RW           15    .bss.Read_Soil_Moisture_Stable.stable_percent  main.o
    0x2000001a   0x080069c2   0x00000002   PAD
    0x2000001c        -       0x00000010   Zero   RW           11    .bss.SensorData     main.o
    0x2000002c        -       0x00000080   Zero   RW          283    .bss.ServerIP       mqtt.o
    0x200000ac        -       0x00000004   Zero   RW          284    .bss.ServerPort     mqtt.o
    0x200000b0        -       0x00000001   Zero   RW          257    .bss.SubscribePack_flag  mqtt.o
    0x200000b1        -       0x00000009   Zero   RW           12    .bss.System         main.o
    0x200000ba        -       0x00000006   Zero   RW           10    .bss.Threshold      main.o
    0x200000c0        -       0x00000001   Zero   RW           71    .bss.Tim2Count      time2.o
    0x200000c1        -       0x00000001   Zero   RW           84    .bss.Tim3Count      time3.o
    0x200000c2   0x080069c2   0x00000006   PAD
    0x200000c8        -       0x00000100   Zero   RW          114    .bss.USART1_TxBuff  my_usart1.o
    0x200001c8        -       0x00000400   Zero   RW          133    .bss.USART2_RxBuff  my_usart2.o
    0x200005c8        -       0x00000002   Zero   RW          131    .bss.USART2_RxCounter  my_usart2.o
    0x200005ca   0x080069c2   0x00000006   PAD
    0x200005d0        -       0x00000100   Zero   RW          132    .bss.USART2_TxBuff  my_usart2.o
    0x200006d0        -       0x00000080   Zero   RW          280    .bss.clientid       mqtt.o
    0x20000750        -       0x00000004   Zero   RW          277    .bss.clientid_size  mqtt.o
    0x20000754        -       0x00000005   Zero   RW          415    .bss.dht11Data      dht11.o
    0x20000759   0x080069c2   0x00000001   PAD
    0x2000075a        -       0x00000002   Zero   RW          157    .bss.fac_ms         delay.o
    0x2000075c        -       0x00000001   Zero   RW          156    .bss.fac_us         delay.o
    0x2000075d        -       0x00000001   Zero   RW          192    .bss.isKey1         key.o
    0x2000075e        -       0x00000001   Zero   RW          193    .bss.isKey2         key.o
    0x2000075f        -       0x00000001   Zero   RW          194    .bss.isKey3         key.o
    0x20000760        -       0x00000001   Zero   RW          195    .bss.isKey4         key.o
    0x20000761        -       0x00000100   Zero   RW          285    .bss.lex            mqtt.o
    0x20000861   0x080069c2   0x00000003   PAD
    0x20000864        -       0x00000af0   Zero   RW          271    .bss.mqtt_CMDBuf    mqtt.o
    0x20001354        -       0x00000004   Zero   RW          274    .bss.mqtt_CMDEndPtr  mqtt.o
    0x20001358        -       0x00000004   Zero   RW          272    .bss.mqtt_CMDInPtr  mqtt.o
    0x2000135c        -       0x00000004   Zero   RW          273    .bss.mqtt_CMDOutPtr  mqtt.o
    0x20001360        -       0x00000af0   Zero   RW          267    .bss.mqtt_RxBuf     mqtt.o
    0x20001e50        -       0x00000004   Zero   RW          270    .bss.mqtt_RxEndPtr  mqtt.o
    0x20001e54        -       0x00000004   Zero   RW          268    .bss.mqtt_RxInPtr   mqtt.o
    0x20001e58        -       0x00000004   Zero   RW          269    .bss.mqtt_RxOutPtr  mqtt.o
    0x20001e5c        -       0x00000af0   Zero   RW          263    .bss.mqtt_TxBuf     mqtt.o
    0x2000294c        -       0x00000004   Zero   RW          266    .bss.mqtt_TxEndPtr  mqtt.o
    0x20002950        -       0x00000004   Zero   RW          264    .bss.mqtt_TxInPtr   mqtt.o
    0x20002954        -       0x00000004   Zero   RW          265    .bss.mqtt_TxOutPtr  mqtt.o
    0x20002958        -       0x00000190   Zero   RW          276    .bss.mqtt_buff      mqtt.o
    0x20002ae8        -       0x00000080   Zero   RW          282    .bss.passward       mqtt.o
    0x20002b68        -       0x00000004   Zero   RW          279    .bss.passward_size  mqtt.o
    0x20002b6c        -       0x00000080   Zero   RW          281    .bss.username       mqtt.o
    0x20002bec        -       0x00000004   Zero   RW          278    .bss.username_size  mqtt.o
    0x20002bf0        -       0x00000400   Zero   RW          512    STACK               startup_stm32f10x_md.o


==============================================================================

Image component sizes


      Code (inc. data)   RO Data    RW Data    ZI Data      Debug   Object Name

       220          0          0          0          0       3166   adc.o
        60          0          0          0          0       1862   bsp_beep.o
      1590          0       7192          0          0      13851   bsp_oled_iic.o
       186          0          0          0          3       1447   delay.o
       656          0          0          0          5       3487   dht11.o
       326          0          0          0          5       2491   key.o
       120          0          0          0          0       2294   led.o
       670          0        134          2         35       3269   main.o
      1778         12         20          4          1       2730   menu.o
       138          0          0          0          0       3279   misc.o
      3782        230        804          0       9624      12591   mqtt.o
       306          0          0          0        256       3483   my_usart1.o
       422          0          0          0       1282       4248   my_usart2.o
        70          0          0          0          0       1477   relay.o
        36          8        236          0       1024        868   startup_stm32f10x_md.o
       340          0          0          0          0       9429   stm32f10x_adc.o
       218          0          0          0          0       5948   stm32f10x_gpio.o
        18          0          0          0          0       1030   stm32f10x_it.o
       232          0         20          0          0       8340   stm32f10x_rcc.o
       238          0          0          0          0      29812   stm32f10x_tim.o
       338          0          0          0          0       8709   stm32f10x_usart.o
       126          0          0          0          0       2150   sys.o
       268          0          0          4          0       2582   system_stm32f10x.o
        36          0          0          0          0       5271   time1.o
       148          0          0          0          1       4034   time2.o
       206          0          0          0          2       2496   time3.o
       222          0          0          0          0       2439   time4.o
      1290        184        622          0          0       3780   wifi.o

    ----------------------------------------------------------------------
     14132        434       9060         12      12260     146563   Object Totals
         0          0         32          0          0          0   (incl. Generated)
        92          0          0          2         22          0   (incl. Padding)

    ----------------------------------------------------------------------

      Code (inc. data)   RO Data    RW Data    ZI Data      Debug   Library Member Name

         0          0          0          0          0          0   entry.o
         0          0          0          0          0          0   entry10a.o
         0          0          0          0          0          0   entry11a.o
         8          4          0          0          0          0   entry2.o
         4          0          0          0          0          0   entry5.o
         0          0          0          0          0          0   entry7b.o
         0          0          0          0          0          0   entry8b.o
         8          4          0          0          0          0   entry9a.o
        30          0          0          0          0          0   handlers.o
        48         10          0          0          0         68   init.o
         0          0          0          0          0          0   iusefp.o
        30          0          0          0          0         68   llshl.o
        36          0          0          0          0         68   llsshr.o
        32          0          0          0          0         68   llushr.o
        64          0          0          0          0         76   memmovea.o
        36          0          0          0          0        108   memseta.o
      2312         92          0          0          0        600   printfa.o
        14          0          0          0          0         68   strlen.o
        36          0          0          0          0         80   strstr.o
        44          0          0          0          0         80   uidiv.o
        98          0          0          0          0         92   uldiv.o
        48          0          0          0          0         68   cdrcmple.o
       334          0          0          0          0        148   dadd.o
       222          0          0          0          0        100   ddiv.o
       186          0          0          0          0        176   depilogue.o
        48          0          0          0          0         68   dfixul.o
       228          0          0          0          0         96   dmul.o

    ----------------------------------------------------------------------
      3868        110          0          0          0       2032   Library Totals
         2          0          0          0          0          0   (incl. Padding)

    ----------------------------------------------------------------------

      Code (inc. data)   RO Data    RW Data    ZI Data      Debug   Library Name

      2800        110          0          0          0       1376   mc_w.l
      1066          0          0          0          0        656   mf_w.l

    ----------------------------------------------------------------------
      3868        110          0          0          0       2032   Library Totals

    ----------------------------------------------------------------------

==============================================================================


      Code (inc. data)   RO Data    RW Data    ZI Data      Debug   

     18000        544       9060         12      12260     147187   Grand Totals
     18000        544       9060         12      12260     147187   ELF Image Totals
     18000        544       9060         12          0          0   ROM Totals

==============================================================================

    Total RO  Size (Code + RO Data)                27060 (  26.43kB)
    Total RW  Size (RW Data + ZI Data)             12272 (  11.98kB)
    Total ROM Size (Code + RO Data + RW Data)      27072 (  26.44kB)

==============================================================================

