Component: ARM Compiler 5.06 update 6 (build 750) Tool: armlink [4d35ed]

==============================================================================

Section Cross References

    main.o(i.Threshold_Init) refers to main.o(.bss) for System
    main.o(i.main) refers to delay.o(i.delay_init) for delay_init
    main.o(i.main) refers to time4.o(i.TIM4_Init) for TIM4_Init
    main.o(i.main) refers to time2.o(i.TIM2_Init) for TIM2_Init
    main.o(i.main) refers to sys.o(i.NVIC_Config) for NVIC_Config
    main.o(i.main) refers to misc.o(i.NVIC_PriorityGroupConfig) for NVIC_PriorityGroupConfig
    main.o(i.main) refers to my_usart1.o(i.My_USART1) for My_USART1
    main.o(i.main) refers to my_usart2.o(i.My_USART2) for My_USART2
    main.o(i.main) refers to relay.o(i.RELAY_GPIO_Config) for RELAY_GPIO_Config
    main.o(i.main) refers to adc.o(i.Adc_Init) for Adc_Init
    main.o(i.main) refers to bsp_oled_iic.o(i.oled_Init) for oled_Init
    main.o(i.main) refers to led.o(i.wifi_GPIO_Config) for wifi_GPIO_Config
    main.o(i.main) refers to mqtt.o(i.Ali_MsessageInit) for Ali_MsessageInit
    main.o(i.main) refers to bsp_beep.o(i.Beep_Init) for Beep_Init
    main.o(i.main) refers to led.o(i.LED_GPIO_Config) for LED_GPIO_Config
    main.o(i.main) refers to dht11.o(i.DHT11_Init) for DHT11_Init
    main.o(i.main) refers to key.o(i.KEY_Init) for KEY_Init
    main.o(i.main) refers to main.o(i.Threshold_Init) for Threshold_Init
    main.o(i.main) refers to bsp_oled_iic.o(i.oled_Clear) for oled_Clear
    main.o(i.main) refers to key.o(i.KeyScan) for KeyScan
    main.o(i.main) refers to mqtt.o(i.mqtt_Content) for mqtt_Content
    main.o(i.main) refers to dht11.o(i.DHT11_Read_TempAndHumidity) for DHT11_Read_TempAndHumidity
    main.o(i.main) refers to adc.o(i.Get_Adc_Average) for Get_Adc_Average
    main.o(i.main) refers to menu.o(i.Mode_Decide) for Mode_Decide
    main.o(i.main) refers to main.o(i.mqttPublic) for mqttPublic
    main.o(i.main) refers to main.o(.data) for Threshold
    main.o(i.main) refers to key.o(.data) for isKey4
    main.o(i.main) refers to dht11.o(.data) for dht11Data
    main.o(i.main) refers to main.o(.bss) for SensorData
    main.o(i.mqttPublic) refers to printfa.o(i.__0sprintf) for __2sprintf
    main.o(i.mqttPublic) refers to strlen.o(.text) for strlen
    main.o(i.mqttPublic) refers to mqtt.o(i.mqtt_PublishQs0) for mqtt_PublishQs0
    main.o(i.mqttPublic) refers to main.o(.data) for Threshold
    main.o(i.mqttPublic) refers to main.o(.bss) for SensorData
    main.o(i.mqttPublic) refers to dht11.o(.data) for dht11Data
    main.o(i.mqttPublic) refers to main.o(.conststring) for .conststring
    menu.o(i.AutoContrl) refers to stm32f10x_gpio.o(i.GPIO_SetBits) for GPIO_SetBits
    menu.o(i.AutoContrl) refers to stm32f10x_gpio.o(i.GPIO_ResetBits) for GPIO_ResetBits
    menu.o(i.AutoContrl) refers to dht11.o(.data) for dht11Data
    menu.o(i.AutoContrl) refers to main.o(.data) for Threshold
    menu.o(i.AutoContrl) refers to main.o(.bss) for SensorData
    menu.o(i.Inform_Show) refers to bsp_oled_iic.o(i.oled_ShowCHinese) for oled_ShowCHinese
    menu.o(i.Inform_Show) refers to bsp_oled_iic.o(i.OLED_ShowChar) for OLED_ShowChar
    menu.o(i.Inform_Show) refers to bsp_oled_iic.o(i.oled_ShowNum) for oled_ShowNum
    menu.o(i.Inform_Show) refers to bsp_oled_iic.o(i.oled_ShowString) for oled_ShowString
    menu.o(i.Inform_Show) refers to menu.o(.data) for InterFace
    menu.o(i.Inform_Show) refers to dht11.o(.data) for dht11Data
    menu.o(i.Inform_Show) refers to main.o(.bss) for SensorData
    menu.o(i.Manual_Contrl) refers to bsp_oled_iic.o(i.oled_ShowCHinese) for oled_ShowCHinese
    menu.o(i.Manual_Contrl) refers to bsp_oled_iic.o(i.oled_Clear) for oled_Clear
    menu.o(i.Manual_Contrl) refers to bsp_oled_iic.o(i.OLED_ShowChar) for OLED_ShowChar
    menu.o(i.Manual_Contrl) refers to bsp_oled_iic.o(i.oled_ShowString) for oled_ShowString
    menu.o(i.Manual_Contrl) refers to stm32f10x_gpio.o(i.GPIO_SetBits) for GPIO_SetBits
    menu.o(i.Manual_Contrl) refers to stm32f10x_gpio.o(i.GPIO_ResetBits) for GPIO_ResetBits
    menu.o(i.Manual_Contrl) refers to key.o(.data) for isKey2
    menu.o(i.Manual_Contrl) refers to menu.o(.data) for IndexFlag
    menu.o(i.Manual_Contrl) refers to main.o(.bss) for System
    menu.o(i.Mode_Decide) refers to bsp_oled_iic.o(i.oled_Clear) for oled_Clear
    menu.o(i.Mode_Decide) refers to menu.o(i.Inform_Show) for Inform_Show
    menu.o(i.Mode_Decide) refers to menu.o(i.AutoContrl) for AutoContrl
    menu.o(i.Mode_Decide) refers to menu.o(i.Manual_Contrl) for Manual_Contrl
    menu.o(i.Mode_Decide) refers to menu.o(i.ThresholdSet) for ThresholdSet
    menu.o(i.Mode_Decide) refers to key.o(.data) for isKey1
    menu.o(i.Mode_Decide) refers to menu.o(.data) for OperateMode
    menu.o(i.Mode_Decide) refers to main.o(.bss) for System
    menu.o(i.ThresholdSet) refers to bsp_oled_iic.o(i.oled_ShowCHinese) for oled_ShowCHinese
[...]
    Removing stm32f10x_tim.o(i.TIM_ETRConfig), (28 bytes).
    Removing stm32f10x_tim.o(i.TIM_EncoderInterfaceConfig), (66 bytes).
    Removing stm32f10x_tim.o(i.TIM_ForcedOC1Config), (18 bytes).
    Removing stm32f10x_tim.o(i.TIM_ForcedOC2Config), (26 bytes).
    Removing stm32f10x_tim.o(i.TIM_ForcedOC3Config), (18 bytes).
    Removing stm32f10x_tim.o(i.TIM_ForcedOC4Config), (26 bytes).
    Removing stm32f10x_tim.o(i.TIM_GenerateEvent), (4 bytes).
    Removing stm32f10x_tim.o(i.TIM_GetCapture1), (6 bytes).
    Removing stm32f10x_tim.o(i.TIM_GetCapture2), (6 bytes).
    Removing stm32f10x_tim.o(i.TIM_GetCapture3), (6 bytes).
    Removing stm32f10x_tim.o(i.TIM_GetCapture4), (8 bytes).
    Removing stm32f10x_tim.o(i.TIM_GetCounter), (6 bytes).
    Removing stm32f10x_tim.o(i.TIM_GetFlagStatus), (18 bytes).
    Removing stm32f10x_tim.o(i.TIM_GetPrescaler), (6 bytes).
    Removing stm32f10x_tim.o(i.TIM_ICInit), (172 bytes).
    Removing stm32f10x_tim.o(i.TIM_ICStructInit), (18 bytes).
    Removing stm32f10x_tim.o(i.TIM_ITRxExternalClockConfig), (24 bytes).
    Removing stm32f10x_tim.o(i.TIM_InternalClockConfig), (12 bytes).
    Removing stm32f10x_tim.o(i.TIM_OC1FastConfig), (18 bytes).
    Removing stm32f10x_tim.o(i.TIM_OC1Init), (152 bytes).
    Removing stm32f10x_tim.o(i.TIM_OC1NPolarityConfig), (18 bytes).
    Removing stm32f10x_tim.o(i.TIM_OC1PolarityConfig), (18 bytes).
    Removing stm32f10x_tim.o(i.TIM_OC1PreloadConfig), (18 bytes).
    Removing stm32f10x_tim.o(i.TIM_OC2FastConfig), (26 bytes).
    Removing stm32f10x_tim.o(i.TIM_OC2Init), (164 bytes).
    Removing stm32f10x_tim.o(i.TIM_OC2NPolarityConfig), (26 bytes).
    Removing stm32f10x_tim.o(i.TIM_OC2PolarityConfig), (26 bytes).
    Removing stm32f10x_tim.o(i.TIM_OC2PreloadConfig), (26 bytes).
    Removing stm32f10x_tim.o(i.TIM_OC3FastConfig), (18 bytes).
    Removing stm32f10x_tim.o(i.TIM_OC3Init), (160 bytes).
    Removing stm32f10x_tim.o(i.TIM_OC3NPolarityConfig), (26 bytes).
    Removing stm32f10x_tim.o(i.TIM_OC3PolarityConfig), (26 bytes).
    Removing stm32f10x_tim.o(i.TIM_OC3PreloadConfig), (18 bytes).
    Removing stm32f10x_tim.o(i.TIM_OC4FastConfig), (26 bytes).
    Removing stm32f10x_tim.o(i.TIM_OC4Init), (124 bytes).
    Removing stm32f10x_tim.o(i.TIM_OC4PolarityConfig), (26 bytes).
    Removing stm32f10x_tim.o(i.TIM_OC4PreloadConfig), (26 bytes).
    Removing stm32f10x_tim.o(i.TIM_OCStructInit), (20 bytes).
    Removing stm32f10x_tim.o(i.TIM_PWMIConfig), (124 bytes).
    Removing stm32f10x_tim.o(i.TIM_PrescalerConfig), (6 bytes).
    Removing stm32f10x_tim.o(i.TIM_SelectCCDMA), (24 bytes).
    Removing stm32f10x_tim.o(i.TIM_SelectCOM), (24 bytes).
    Removing stm32f10x_tim.o(i.TIM_SelectHallSensor), (24 bytes).
    Removing stm32f10x_tim.o(i.TIM_SelectInputTrigger), (18 bytes).
    Removing stm32f10x_tim.o(i.TIM_SelectMasterSlaveMode), (18 bytes).
    Removing stm32f10x_tim.o(i.TIM_SelectOCxM), (82 bytes).
    Removing stm32f10x_tim.o(i.TIM_SelectOnePulseMode), (18 bytes).
    Removing stm32f10x_tim.o(i.TIM_SelectOutputTrigger), (18 bytes).
    Removing stm32f10x_tim.o(i.TIM_SelectSlaveMode), (18 bytes).
    Removing stm32f10x_tim.o(i.TIM_SetAutoreload), (4 bytes).
    Removing stm32f10x_tim.o(i.TIM_SetClockDivision), (18 bytes).
    Removing stm32f10x_tim.o(i.TIM_SetCompare1), (4 bytes).
    Removing stm32f10x_tim.o(i.TIM_SetCompare2), (4 bytes).
    Removing stm32f10x_tim.o(i.TIM_SetCompare3), (4 bytes).
    Removing stm32f10x_tim.o(i.TIM_SetCompare4), (6 bytes).
    Removing stm32f10x_tim.o(i.TIM_SetIC1Prescaler), (18 bytes).
    Removing stm32f10x_tim.o(i.TIM_SetIC2Prescaler), (26 bytes).
    Removing stm32f10x_tim.o(i.TIM_SetIC3Prescaler), (18 bytes).
    Removing stm32f10x_tim.o(i.TIM_SetIC4Prescaler), (26 bytes).
    Removing stm32f10x_tim.o(i.TIM_TIxExternalClockConfig), (62 bytes).
    Removing stm32f10x_tim.o(i.TIM_TimeBaseStructInit), (18 bytes).
    Removing stm32f10x_tim.o(i.TIM_UpdateDisableConfig), (24 bytes).
    Removing stm32f10x_tim.o(i.TIM_UpdateRequestConfig), (24 bytes).
    Removing stm32f10x_usart.o(i.USART_ClearFlag), (18 bytes).
    Removing stm32f10x_usart.o(i.USART_ClockInit), (34 bytes).
    Removing stm32f10x_usart.o(i.USART_ClockStructInit), (12 bytes).
    Removing stm32f10x_usart.o(i.USART_DMACmd), (18 bytes).
    Removing stm32f10x_usart.o(i.USART_DeInit), (156 bytes).
    Removing stm32f10x_usart.o(i.USART_HalfDuplexCmd), (24 bytes).
    Removing stm32f10x_usart.o(i.USART_IrDACmd), (24 bytes).
    Removing stm32f10x_usart.o(i.USART_IrDAConfig), (18 bytes).
    Removing stm32f10x_usart.o(i.USART_LINBreakDetectLengthConfig), (18 bytes).
    Removing stm32f10x_usart.o(i.USART_LINCmd), (24 bytes).
    Removing stm32f10x_usart.o(i.USART_OneBitMethodCmd), (24 bytes).
    Removing stm32f10x_usart.o(i.USART_OverSampling8Cmd), (22 bytes).
    Removing stm32f10x_usart.o(i.USART_ReceiverWakeUpCmd), (24 bytes).
    Removing stm32f10x_usart.o(i.USART_SendBreak), (10 bytes).
    Removing stm32f10x_usart.o(i.USART_SetAddress), (18 bytes).
    Removing stm32f10x_usart.o(i.USART_SetGuardTime), (16 bytes).
    Removing stm32f10x_usart.o(i.USART_SetPrescaler), (16 bytes).
    Removing stm32f10x_usart.o(i.USART_SmartCardCmd), (24 bytes).
    Removing stm32f10x_usart.o(i.USART_SmartCardNACKCmd), (24 bytes).
    Removing stm32f10x_usart.o(i.USART_StructInit), (24 bytes).
    Removing stm32f10x_usart.o(i.USART_WakeUpConfig), (18 bytes).
    Removing stm32f10x_wwdg.o(i.WWDG_ClearFlag), (12 bytes).
    Removing stm32f10x_wwdg.o(i.WWDG_DeInit), (22 bytes).
    Removing stm32f10x_wwdg.o(i.WWDG_Enable), (16 bytes).
    Removing stm32f10x_wwdg.o(i.WWDG_EnableIT), (12 bytes).
    Removing stm32f10x_wwdg.o(i.WWDG_GetFlagStatus), (12 bytes).
    Removing stm32f10x_wwdg.o(i.WWDG_SetCounter), (16 bytes).
    Removing stm32f10x_wwdg.o(i.WWDG_SetPrescaler), (24 bytes).
    Removing stm32f10x_wwdg.o(i.WWDG_SetWindowValue), (40 bytes).
    Removing f2d.o(.text), (38 bytes).

520 unused section(s) (total 182093 bytes) removed from the image.

==============================================================================

Image Symbol Table

    Local Symbols

    Symbol Name                              Value     Ov Type        Size  Object(Section)

    ../clib/microlib/division.c              0x00000000   Number         0  uldiv.o ABSOLUTE
    ../clib/microlib/division.c              0x00000000   Number         0  uidiv.o ABSOLUTE
    ../clib/microlib/init/entry.s            0x00000000   Number         0  entry9a.o ABSOLUTE
    ../clib/microlib/init/entry.s            0x00000000   Number         0  entry7a.o ABSOLUTE
    ../clib/microlib/init/entry.s            0x00000000   Number         0  entry11b.o ABSOLUTE
    ../clib/microlib/init/entry.s            0x00000000   Number         0  entry.o ABSOLUTE
    ../clib/microlib/init/entry.s            0x00000000   Number         0  entry11a.o ABSOLUTE
    ../clib/microlib/init/entry.s            0x00000000   Number         0  entry10b.o ABSOLUTE
    ../clib/microlib/init/entry.s            0x00000000   Number         0  entry8a.o ABSOLUTE
    ../clib/microlib/init/entry.s            0x00000000   Number         0  entry5.o ABSOLUTE
    ../clib/microlib/init/entry.s            0x00000000   Number         0  entry2.o ABSOLUTE
    ../clib/microlib/init/entry.s            0x00000000   Number         0  entry7b.o ABSOLUTE
    ../clib/microlib/init/entry.s            0x00000000   Number         0  entry10a.o ABSOLUTE
    ../clib/microlib/init/entry.s            0x00000000   Number         0  entry8b.o ABSOLUTE
    ../clib/microlib/init/entry.s            0x00000000   Number         0  entry9b.o ABSOLUTE
    ../clib/microlib/longlong.c              0x00000000   Number         0  llsshr.o ABSOLUTE
    ../clib/microlib/longlong.c              0x00000000   Number         0  llushr.o ABSOLUTE
    ../clib/microlib/longlong.c              0x00000000   Number         0  llshl.o ABSOLUTE
    ../clib/microlib/printf/printf.c         0x00000000   Number         0  printf3.o ABSOLUTE
    ../clib/microlib/printf/printf.c         0x00000000   Number         0  printf2.o ABSOLUTE
    ../clib/microlib/printf/printf.c         0x00000000   Number         0  printfb.o ABSOLUTE
    ../clib/microlib/printf/printf.c         0x00000000   Number         0  printf1.o ABSOLUTE
    ../clib/microlib/printf/printf.c         0x00000000   Number         0  printfa.o ABSOLUTE
    ../clib/microlib/printf/printf.c         0x00000000   Number         0  printf8.o ABSOLUTE
    ../clib/microlib/printf/printf.c         0x00000000   Number         0  printf7.o ABSOLUTE
    ../clib/microlib/printf/printf.c         0x00000000   Number         0  printf0.o ABSOLUTE
    ../clib/microlib/printf/printf.c         0x00000000   Number         0  printf6.o ABSOLUTE
    ../clib/microlib/printf/printf.c         0x00000000   Number         0  printf5.o ABSOLUTE
    ../clib/microlib/printf/printf.c         0x00000000   Number         0  printf4.o ABSOLUTE
    ../clib/microlib/printf/stubs.s          0x00000000   Number         0  stubs.o ABSOLUTE
    ../clib/microlib/stdio/fputc.c           0x00000000   Number         0  fputc.o ABSOLUTE
    ../clib/microlib/stdio/semi.s            0x00000000   Number         0  semi.o ABSOLUTE
    ../clib/microlib/stdio/streams.c         0x00000000   Number         0  stdout.o ABSOLUTE
    ../clib/microlib/string/memcpy.c         0x00000000   Number         0  memcpyb.o ABSOLUTE
    ../clib/microlib/string/memcpy.c         0x00000000   Number         0  memcpya.o ABSOLUTE
    ../clib/microlib/string/memset.c         0x00000000   Number         0  memseta.o ABSOLUTE
    ../clib/microlib/string/strlen.c         0x00000000   Number         0  strlen.o ABSOLUTE
    ../clib/microlib/string/strstr.c         0x00000000   Number         0  strstr.o ABSOLUTE
    ../clib/microlib/stubs.s                 0x00000000   Number         0  iusefp.o ABSOLUTE
    ../clib/microlib/stubs.s                 0x00000000   Number         0  iusesemip.o ABSOLUTE
    ../fplib/microlib/f2d.c                  0x00000000   Number         0  f2d.o ABSOLUTE
    ../fplib/microlib/fpadd.c                0x00000000   Number         0  dadd.o ABSOLUTE
    ../fplib/microlib/fpdiv.c                0x00000000   Number         0  ddiv.o ABSOLUTE
    ../fplib/microlib/fpepilogue.c           0x00000000   Number         0  depilogue.o ABSOLUTE
    ../fplib/microlib/fpfix.c                0x00000000   Number         0  dfixul.o ABSOLUTE
    ../fplib/microlib/fpmul.c                0x00000000   Number         0  dmul.o ABSOLUTE
    ..\Libraries\CMSIS\core_cm3.c            0x00000000   Number         0  core_cm3.o ABSOLUTE
    ..\Libraries\CMSIS\startup\arm\startup_stm32f10x_md.s 0x00000000   Number         0  startup_stm32f10x_md.o ABSOLUTE
    ..\Libraries\CMSIS\system_stm32f10x.c    0x00000000   Number         0  system_stm32f10x.o ABSOLUTE
    ..\Libraries\STM32F10x_StdPeriph_Driver\src\misc.c 0x00000000   Number         0  misc.o ABSOLUTE
    ..\Libraries\STM32F10x_StdPeriph_Driver\src\stm32f10x_adc.c 0x00000000   Number         0  stm32f10x_adc.o ABSOLUTE
    ..\Libraries\STM32F10x_StdPeriph_Driver\src\stm32f10x_bkp.c 0x00000000   Number         0  stm32f10x_bkp.o ABSOLUTE
    ..\Libraries\STM32F10x_StdPeriph_Driver\src\stm32f10x_can.c 0x00000000   Number         0  stm32f10x_can.o ABSOLUTE
    ..\Libraries\STM32F10x_StdPeriph_Driver\src\stm32f10x_cec.c 0x00000000   Number         0  stm32f10x_cec.o ABSOLUTE
    ..\Libraries\STM32F10x_StdPeriph_Driver\src\stm32f10x_crc.c 0x00000000   Number         0  stm32f10x_crc.o ABSOLUTE
    ..\Libraries\STM32F10x_StdPeriph_Driver\src\stm32f10x_dac.c 0x00000000   Number         0  stm32f10x_dac.o ABSOLUTE
    ..\Libraries\STM32F10x_StdPeriph_Driver\src\stm32f10x_dbgmcu.c 0x00000000   Number         0  stm32f10x_dbgmcu.o ABSOLUTE
    ..\Libraries\STM32F10x_StdPeriph_Driver\src\stm32f10x_dma.c 0x00000000   Number         0  stm32f10x_dma.o ABSOLUTE
    ..\Libraries\STM32F10x_StdPeriph_Driver\src\stm32f10x_exti.c 0x00000000   Number         0  stm32f10x_exti.o ABSOLUTE
    ..\Libraries\STM32F10x_StdPeriph_Driver\src\stm32f10x_flash.c 0x00000000   Number         0  stm32f10x_flash.o ABSOLUTE
    ..\Libraries\STM32F10x_StdPeriph_Driver\src\stm32f10x_fsmc.c 0x00000000   Number         0  stm32f10x_fsmc.o ABSOLUTE
    ..\Libraries\STM32F10x_StdPeriph_Driver\src\stm32f10x_gpio.c 0x00000000   Number         0  stm32f10x_gpio.o ABSOLUTE
    ..\Libraries\STM32F10x_StdPeriph_Driver\src\stm32f10x_i2c.c 0x00000000   Number         0  stm32f10x_i2c.o ABSOLUTE
    ..\Libraries\STM32F10x_StdPeriph_Driver\src\stm32f10x_iwdg.c 0x00000000   Number         0  stm32f10x_iwdg.o ABSOLUTE
    ..\Libraries\STM32F10x_StdPeriph_Driver\src\stm32f10x_pwr.c 0x00000000   Number         0  stm32f10x_pwr.o ABSOLUTE
    ..\Libraries\STM32F10x_StdPeriph_Driver\src\stm32f10x_rcc.c 0x00000000   Number         0  stm32f10x_rcc.o ABSOLUTE
    ..\Libraries\STM32F10x_StdPeriph_Driver\src\stm32f10x_rtc.c 0x00000000   Number         0  stm32f10x_rtc.o ABSOLUTE
    ..\Libraries\STM32F10x_StdPeriph_Driver\src\stm32f10x_sdio.c 0x00000000   Number         0  stm32f10x_sdio.o ABSOLUTE
    ..\Libraries\STM32F10x_StdPeriph_Driver\src\stm32f10x_spi.c 0x00000000   Number         0  stm32f10x_spi.o ABSOLUTE
    ..\Libraries\STM32F10x_StdPeriph_Driver\src\stm32f10x_tim.c 0x00000000   Number         0  stm32f10x_tim.o ABSOLUTE
    ..\Libraries\STM32F10x_StdPeriph_Driver\src\stm32f10x_usart.c 0x00000000   Number         0  stm32f10x_usart.o ABSOLUTE
    ..\Libraries\STM32F10x_StdPeriph_Driver\src\stm32f10x_wwdg.c 0x00000000   Number         0  stm32f10x_wwdg.o ABSOLUTE
    ..\SYS\main.c                            0x00000000   Number         0  main.o ABSOLUTE
    ..\SYS\menu\menu.c                       0x00000000   Number         0  menu.o ABSOLUTE
    ..\SYS\my_usart\my_usart1.c              0x00000000   Number         0  my_usart1.o ABSOLUTE
    ..\SYS\my_usart\my_usart2.c              0x00000000   Number         0  my_usart2.o ABSOLUTE
    ..\SYS\sys.c                             0x00000000   Number         0  sys.o ABSOLUTE
    ..\SYS\time\time1.c                      0x00000000   Number         0  time1.o ABSOLUTE
    ..\SYS\time\time2.c                      0x00000000   Number         0  time2.o ABSOLUTE
    ..\SYS\time\time3.c                      0x00000000   Number         0  time3.o ABSOLUTE
    ..\SYS\time\time4.c                      0x00000000   Number         0  time4.o ABSOLUTE
    ..\User\SGP30\sgp30.c                    0x00000000   Number         0  sgp30.o ABSOLUTE
    ..\User\adc\adc.c                        0x00000000   Number         0  adc.o ABSOLUTE
    ..\User\beep\bsp_beep.c                  0x00000000   Number         0  bsp_beep.o ABSOLUTE
    ..\User\delay\delay.c                    0x00000000   Number         0  delay.o ABSOLUTE
    ..\User\dht11\DHT11.c                    0x00000000   Number         0  dht11.o ABSOLUTE
    ..\User\key\key.c                        0x00000000   Number         0  key.o ABSOLUTE
    ..\User\led\led.c                        0x00000000   Number         0  led.o ABSOLUTE
    ..\User\mqtt\mqtt.c                      0x00000000   Number         0  mqtt.o ABSOLUTE
    ..\User\mqtt\utils_hmac.c                0x00000000   Number         0  utils_hmac.o ABSOLUTE
    ..\User\mqtt\utils_md5.c                 0x00000000   Number         0  utils_md5.o ABSOLUTE
    ..\User\mqtt\utils_sha1.c                0x00000000   Number         0  utils_sha1.o ABSOLUTE
    ..\User\oled\bsp_oled_iic.c              0x00000000   Number         0  bsp_oled_iic.o ABSOLUTE
    ..\User\relay\relay.c                    0x00000000   Number         0  relay.o ABSOLUTE
    ..\User\stm32f10x_it.c                   0x00000000   Number         0  stm32f10x_it.o ABSOLUTE
    ..\User\wifi\wifi.c                      0x00000000   Number         0  wifi.o ABSOLUTE
    ..\\Libraries\\CMSIS\\core_cm3.c         0x00000000   Number         0  core_cm3.o ABSOLUTE
    cdrcmple.s                               0x00000000   Number         0  cdrcmple.o ABSOLUTE
    dc.s                                     0x00000000   Number         0  dc.o ABSOLUTE
    handlers.s                               0x00000000   Number         0  handlers.o ABSOLUTE
    init.s                                   0x00000000   Number         0  init.o ABSOLUTE
    RESET                                    0x08000000   Section      236  startup_stm32f10x_md.o(RESET)
    .ARM.Collect$$$$00000000                 0x080000ec   Section        0  entry.o(.ARM.Collect$$$$00000000)
    .ARM.Collect$$$$00000001                 0x080000ec   Section        4  entry2.o(.ARM.Collect$$$$00000001)
    .ARM.Collect$$$$00000004                 0x080000f0   Section        4  entry5.o(.ARM.Collect$$$$00000004)
    .ARM.Collect$$$$00000008                 0x080000f4   Section        0  entry7b.o(.ARM.Collect$$$$00000008)
    .ARM.Collect$$$$0000000A                 0x080000f4   Section        0  entry8b.o(.ARM.Collect$$$$0000000A)
    .ARM.Collect$$$$0000000B                 0x080000f4   Section        8  entry9a.o(.ARM.Collect$$$$0000000B)
    .ARM.Collect$$$$0000000D                 0x080000fc   Section        0  entry10a.o(.ARM.Collect$$$$0000000D)
    .ARM.Collect$$$$0000000F                 0x080000fc   Section        0  entry11a.o(.ARM.Collect$$$$0000000F)
    .ARM.Collect$$$$00002712                 0x080000fc   Section        4  entry2.o(.ARM.Collect$$$$00002712)
    __lit__00000000                          0x080000fc   Data           4  entry2.o(.ARM.Collect$$$$00002712)
    .text                                    0x08000100   Section       36  startup_stm32f10x_md.o(.text)
    .text                                    0x08000124   Section        0  memcpya.o(.text)
    .text                                    0x08000148   Section        0  memseta.o(.text)
    .text                                    0x0800016c   Section        0  strstr.o(.text)
    .text                                    0x08000190   Section        0  strlen.o(.text)
    .text                                    0x0800019e   Section        0  uidiv.o(.text)
    .text                                    0x080001ca   Section        0  uldiv.o(.text)
    .text                                    0x0800022c   Section        0  dadd.o(.text)
    .text                                    0x0800022c   Section        0  iusefp.o(.text)
    .text                                    0x0800037a   Section        0  dmul.o(.text)
    .text                                    0x0800045e   Section        0  ddiv.o(.text)
    .text                                    0x0800053c   Section        0  dfixul.o(.text)
    .text                                    0x0800056c   Section       48  cdrcmple.o(.text)
    .text                                    0x0800059c   Section       36  init.o(.text)
    .text                                    0x080005c0   Section        0  llshl.o(.text)
    .text                                    0x080005de   Section        0  llushr.o(.text)
    .text                                    0x080005fe   Section        0  llsshr.o(.text)
    .text                                    0x08000622   Section        0  depilogue.o(.text)
    i.ADC_Cmd                                0x080006dc   Section        0  stm32f10x_adc.o(i.ADC_Cmd)
    i.ADC_DeInit                             0x080006f4   Section        0  stm32f10x_adc.o(i.ADC_DeInit)
    i.ADC_GetCalibrationStatus               0x08000750   Section        0  stm32f10x_adc.o(i.ADC_GetCalibrationStatus)
    i.ADC_GetConversionValue                 0x08000764   Section        0  stm32f10x_adc.o(i.ADC_GetConversionValue)
    i.ADC_GetFlagStatus                      0x0800076c   Section        0  stm32f10x_adc.o(i.ADC_GetFlagStatus)
    i.ADC_GetResetCalibrationStatus          0x0800077e   Section        0  stm32f10x_adc.o(i.ADC_GetResetCalibrationStatus)
    i.ADC_Init                               0x08000794   Section        0  stm32f10x_adc.o(i.ADC_Init)
    i.ADC_RegularChannelConfig               0x080007e4   Section        0  stm32f10x_adc.o(i.ADC_RegularChannelConfig)
    i.ADC_ResetCalibration                   0x0800089c   Section        0  stm32f10x_adc.o(i.ADC_ResetCalibration)
    i.ADC_SoftwareStartConvCmd               0x080008a6   Section        0  stm32f10x_adc.o(i.ADC_SoftwareStartConvCmd)
    i.ADC_StartCalibration                   0x080008bc   Section        0  stm32f10x_adc.o(i.ADC_StartCalibration)
    i.Adc_Init                               0x080008c8   Section        0  adc.o(i.Adc_Init)
    i.Ali_MsessageInit                       0x08000954   Section        0  mqtt.o(i.Ali_MsessageInit)
    i.AutoContrl                             0x08000a18   Section        0  menu.o(i.AutoContrl)
    i.Beep_Init                              0x08000aa0   Section        0  bsp_beep.o(i.Beep_Init)
    i.BusFault_Handler                       0x08000ae0   Section        0  stm32f10x_it.o(i.BusFault_Handler)
    i.DHT11_GPIO_Config                      0x08000ae4   Section        0  dht11.o(i.DHT11_GPIO_Config)
    DHT11_GPIO_Config                        0x08000ae5   Thumb Code    36  dht11.o(i.DHT11_GPIO_Config)
    i.DHT11_Init                             0x08000b0c   Section        0  dht11.o(i.DHT11_Init)
    i.DHT11_Mode_IPU                         0x08000b20   Section        0  dht11.o(i.DHT11_Mode_IPU)
    DHT11_Mode_IPU                           0x08000b21   Thumb Code    24  dht11.o(i.DHT11_Mode_IPU)
    i.DHT11_Mode_Out_PP                      0x08000b3c   Section        0  dht11.o(i.DHT11_Mode_Out_PP)
    DHT11_Mode_Out_PP                        0x08000b3d   Thumb Code    28  dht11.o(i.DHT11_Mode_Out_PP)
    i.DHT11_ReadByte                         0x08000b5c   Section        0  dht11.o(i.DHT11_ReadByte)
    DHT11_ReadByte                           0x08000b5d   Thumb Code    90  dht11.o(i.DHT11_ReadByte)
    i.DHT11_Read_TempAndHumidity             0x08000bbc   Section        0  dht11.o(i.DHT11_Read_TempAndHumidity)
    i.DebugMon_Handler                       0x08000c5c   Section        0  stm32f10x_it.o(i.DebugMon_Handler)
    i.Delay_1ms                              0x08000c5e   Section        0  bsp_oled_iic.o(i.Delay_1ms)
    i.GPIO_Init                              0x08000c78   Section        0  stm32f10x_gpio.o(i.GPIO_Init)
    i.GPIO_ReadInputDataBit                  0x08000d8e   Section        0  stm32f10x_gpio.o(i.GPIO_ReadInputDataBit)
    i.GPIO_ResetBits                         0x08000da0   Section        0  stm32f10x_gpio.o(i.GPIO_ResetBits)
    i.GPIO_SetBits                           0x08000da4   Section        0  stm32f10x_gpio.o(i.GPIO_SetBits)
    i.GPIO_WriteBit                          0x08000da8   Section        0  stm32f10x_gpio.o(i.GPIO_WriteBit)
    i.Get_Adc                                0x08000db4   Section        0  adc.o(i.Get_Adc)
    i.Get_Adc_Average                        0x08000de8   Section        0  adc.o(i.Get_Adc_Average)
    i.HardFault_Handler                      0x08000e16   Section        0  stm32f10x_it.o(i.HardFault_Handler)
    i.IIC_Start                              0x08000e1c   Section        0  bsp_oled_iic.o(i.IIC_Start)
    IIC_Start                                0x08000e1d   Thumb Code    44  bsp_oled_iic.o(i.IIC_Start)
    i.IIC_Stop                               0x08000e4c   Section        0  bsp_oled_iic.o(i.IIC_Stop)
    IIC_Stop                                 0x08000e4d   Thumb Code    34  bsp_oled_iic.o(i.IIC_Stop)
    i.IIC_Wait_Ack                           0x08000e74   Section        0  bsp_oled_iic.o(i.IIC_Wait_Ack)
    IIC_Wait_Ack                             0x08000e75   Thumb Code    24  bsp_oled_iic.o(i.IIC_Wait_Ack)
    i.Inform_Show                            0x08000e90   Section        0  menu.o(i.Inform_Show)
    i.KEY_Init                               0x08000fb4   Section        0  key.o(i.KEY_Init)
    i.Key1Press                              0x08000ffc   Section        0  key.o(i.Key1Press)
    i.Key2Press                              0x08001010   Section        0  key.o(i.Key2Press)
    i.Key3Press                              0x08001024   Section        0  key.o(i.Key3Press)
    i.Key4Press                              0x08001038   Section        0  key.o(i.Key4Press)
    i.KeyScan                                0x0800104c   Section        0  key.o(i.KeyScan)
    i.LED_GPIO_Config                        0x080011b4   Section        0  led.o(i.LED_GPIO_Config)
    i.MQTT_Buff_Init                         0x080011e0   Section        0  mqtt.o(i.MQTT_Buff_Init)
    i.Manual_Contrl                          0x08001278   Section        0  menu.o(i.Manual_Contrl)
    i.MemManage_Handler                      0x08001530   Section        0  stm32f10x_it.o(i.MemManage_Handler)
    i.Mode_Decide                            0x08001534   Section        0  menu.o(i.Mode_Decide)
    i.Mqtt_ConnectMessege                    0x080015dc   Section        0  mqtt.o(i.Mqtt_ConnectMessege)
    i.Mqtt_Subscribe                         0x08001790   Section        0  mqtt.o(i.Mqtt_Subscribe)
    i.My_USART1                              0x08001848   Section        0  my_usart1.o(i.My_USART1)
    i.My_USART2                              0x080018d4   Section        0  my_usart2.o(i.My_USART2)
    i.NMI_Handler                            0x08001960   Section        0  stm32f10x_it.o(i.NMI_Handler)
    i.NVIC_Config                            0x08001962   Section        0  sys.o(i.NVIC_Config)
    i.NVIC_Init                              0x08001a34   Section        0  misc.o(i.NVIC_Init)
    i.NVIC_PriorityGroupConfig               0x08001aa4   Section        0  misc.o(i.NVIC_PriorityGroupConfig)
    i.OLED_Set_Pos                           0x08001ab8   Section        0  bsp_oled_iic.o(i.OLED_Set_Pos)
    i.OLED_ShowChar                          0x08001ae0   Section        0  bsp_oled_iic.o(i.OLED_ShowChar)
    i.OLED_WR_Byte                           0x08001b84   Section        0  bsp_oled_iic.o(i.OLED_WR_Byte)
    i.PendSV_Handler                         0x08001b9c   Section        0  stm32f10x_it.o(i.PendSV_Handler)
    i.RCC_ADCCLKConfig                       0x08001ba0   Section        0  stm32f10x_rcc.o(i.RCC_ADCCLKConfig)
    i.RCC_APB1PeriphClockCmd                 0x08001bb8   Section        0  stm32f10x_rcc.o(i.RCC_APB1PeriphClockCmd)
    i.RCC_APB2PeriphClockCmd                 0x08001bd8   Section        0  stm32f10x_rcc.o(i.RCC_APB2PeriphClockCmd)
    i.RCC_APB2PeriphResetCmd                 0x08001bf8   Section        0  stm32f10x_rcc.o(i.RCC_APB2PeriphResetCmd)
    i.RCC_GetClocksFreq                      0x08001c18   Section        0  stm32f10x_rcc.o(i.RCC_GetClocksFreq)
    i.RELAY_GPIO_Config                      0x08001cec   Section        0  relay.o(i.RELAY_GPIO_Config)
    i.SVC_Handler                            0x08001d34   Section        0  stm32f10x_it.o(i.SVC_Handler)
    i.SetSysClock                            0x08001d36   Section        0  system_stm32f10x.o(i.SetSysClock)
    SetSysClock                              0x08001d37   Thumb Code     8  system_stm32f10x.o(i.SetSysClock)
    i.SetSysClockTo72                        0x08001d40   Section        0  system_stm32f10x.o(i.SetSysClockTo72)
    SetSysClockTo72                          0x08001d41   Thumb Code   214  system_stm32f10x.o(i.SetSysClockTo72)
    i.SysTick_CLKSourceConfig                0x08001e20   Section        0  misc.o(i.SysTick_CLKSourceConfig)
    i.SysTick_Handler                        0x08001e48   Section        0  stm32f10x_it.o(i.SysTick_Handler)
    i.SystemInit                             0x08001e4c   Section        0  system_stm32f10x.o(i.SystemInit)
    i.TIM1_UP_IRQHandler                     0x08001eac   Section        0  time1.o(i.TIM1_UP_IRQHandler)
    i.TIM2_IRQHandler                        0x08001ec8   Section        0  time2.o(i.TIM2_IRQHandler)
    i.TIM2_Init                              0x08001f0c   Section        0  time2.o(i.TIM2_Init)
    i.TIM3_IRQHandler                        0x08001f50   Section        0  time3.o(i.TIM3_IRQHandler)
    i.TIM3_Init                              0x08001fc8   Section        0  time3.o(i.TIM3_Init)
    i.TIM4_IRQHandler                        0x0800200c   Section        0  time4.o(i.TIM4_IRQHandler)
    i.TIM4_Init                              0x080020a8   Section        0  time4.o(i.TIM4_Init)
    i.TIM_ClearITPendingBit                  0x080020f0   Section        0  stm32f10x_tim.o(i.TIM_ClearITPendingBit)
    i.TIM_Cmd                                0x080020f6   Section        0  stm32f10x_tim.o(i.TIM_Cmd)
    i.TIM_GetITStatus                        0x0800210e   Section        0  stm32f10x_tim.o(i.TIM_GetITStatus)
    i.TIM_ITConfig                           0x08002130   Section        0  stm32f10x_tim.o(i.TIM_ITConfig)
    i.TIM_SetCounter                         0x08002142   Section        0  stm32f10x_tim.o(i.TIM_SetCounter)
    i.TIM_TimeBaseInit                       0x08002148   Section        0  stm32f10x_tim.o(i.TIM_TimeBaseInit)
    i.ThresholdSet                           0x080021ec   Section        0  menu.o(i.ThresholdSet)
    i.Threshold_Init                         0x080024f0   Section        0  main.o(i.Threshold_Init)
    i.USART1_IRQHandler                      0x0800251c   Section        0  my_usart1.o(i.USART1_IRQHandler)
    i.USART2_IRQHandler                      0x0800254c   Section        0  my_usart2.o(i.USART2_IRQHandler)
    i.USART_ClearITPendingBit                0x080025c8   Section        0  stm32f10x_usart.o(i.USART_ClearITPendingBit)
    i.USART_Cmd                              0x080025e6   Section        0  stm32f10x_usart.o(i.USART_Cmd)
    i.USART_GetFlagStatus                    0x080025fe   Section        0  stm32f10x_usart.o(i.USART_GetFlagStatus)
    i.USART_GetITStatus                      0x08002618   Section        0  stm32f10x_usart.o(i.USART_GetITStatus)
    i.USART_ITConfig                         0x0800266c   Section        0  stm32f10x_usart.o(i.USART_ITConfig)
    i.USART_Init                             0x080026b8   Section        0  stm32f10x_usart.o(i.USART_Init)
    i.USART_ReceiveData                      0x08002790   Section        0  stm32f10x_usart.o(i.USART_ReceiveData)
    i.USART_SendByte                         0x0800279a   Section        0  my_usart1.o(i.USART_SendByte)
    i.USART_SendData                         0x080027b6   Section        0  stm32f10x_usart.o(i.USART_SendData)
    i.UsageFault_Handler                     0x080027be   Section        0  stm32f10x_it.o(i.UsageFault_Handler)
    i.WIFI_Config                            0x080027c4   Section        0  wifi.o(i.WIFI_Config)
    i.WIFI_Connect                           0x0800282c   Section        0  wifi.o(i.WIFI_Connect)
    i.WIFI_ConnectTCP                        0x08002c7c   Section        0  wifi.o(i.WIFI_ConnectTCP)
    i.WIFI_Router                            0x08002d04   Section        0  wifi.o(i.WIFI_Router)
    i.Write_IIC_Byte                         0x08002d94   Section        0  bsp_oled_iic.o(i.Write_IIC_Byte)
    Write_IIC_Byte                           0x08002d95   Thumb Code    88  bsp_oled_iic.o(i.Write_IIC_Byte)
    i.Write_IIC_Command                      0x08002df0   Section        0  bsp_oled_iic.o(i.Write_IIC_Command)
    Write_IIC_Command                        0x08002df1   Thumb Code    44  bsp_oled_iic.o(i.Write_IIC_Command)
    i.Write_IIC_Data                         0x08002e1c   Section        0  bsp_oled_iic.o(i.Write_IIC_Data)
    Write_IIC_Data                           0x08002e1d   Thumb Code    44  bsp_oled_iic.o(i.Write_IIC_Data)
    i.__0sprintf                             0x08002e48   Section        0  printfa.o(i.__0sprintf)
    i.__0vsprintf                            0x08002e70   Section        0  printfa.o(i.__0vsprintf)
    i.__scatterload_copy                     0x08002e94   Section       14  handlers.o(i.__scatterload_copy)
    i.__scatterload_null                     0x08002ea2   Section        2  handlers.o(i.__scatterload_null)
    i.__scatterload_zeroinit                 0x08002ea4   Section       14  handlers.o(i.__scatterload_zeroinit)
    i._fp_digits                             0x08002eb4   Section        0  printfa.o(i._fp_digits)
    _fp_digits                               0x08002eb5   Thumb Code   366  printfa.o(i._fp_digits)
    i._printf_core                           0x08003038   Section        0  printfa.o(i._printf_core)
    _printf_core                             0x08003039   Thumb Code  1744  printfa.o(i._printf_core)
    i._printf_post_padding                   0x08003714   Section        0  printfa.o(i._printf_post_padding)
    _printf_post_padding                     0x08003715   Thumb Code    36  printfa.o(i._printf_post_padding)
    i._printf_pre_padding                    0x08003738   Section        0  printfa.o(i._printf_pre_padding)
    _printf_pre_padding                      0x08003739   Thumb Code    46  printfa.o(i._printf_pre_padding)
    i._sputc                                 0x08003766   Section        0  printfa.o(i._sputc)
    _sputc                                   0x08003767   Thumb Code    10  printfa.o(i._sputc)
    i.delay_init                             0x08003770   Section        0  delay.o(i.delay_init)
    i.delay_ms                               0x080037b4   Section        0  delay.o(i.delay_ms)
    i.delay_us                               0x08003800   Section        0  delay.o(i.delay_us)
    i.main                                   0x0800384c   Section        0  main.o(i.main)
    i.mqttPublic                             0x08003928   Section        0  main.o(i.mqttPublic)
    i.mqtt_Content                           0x08003994   Section        0  mqtt.o(i.mqtt_Content)
    i.mqtt_DealCmdSet                        0x080041a8   Section        0  mqtt.o(i.mqtt_DealCmdSet)
    i.mqtt_DealTxData                        0x08004214   Section        0  mqtt.o(i.mqtt_DealTxData)
    i.mqtt_Dealsetdata_Qs0                   0x08004278   Section        0  mqtt.o(i.mqtt_Dealsetdata_Qs0)
    i.mqtt_Ping                              0x080042d8   Section        0  mqtt.o(i.mqtt_Ping)
    i.mqtt_PublishQs0                        0x080042f4   Section        0  mqtt.o(i.mqtt_PublishQs0)
    i.oled_Clear                             0x080043a4   Section        0  bsp_oled_iic.o(i.oled_Clear)
    i.oled_Init                              0x080043e4   Section        0  bsp_oled_iic.o(i.oled_Init)
    i.oled_ShowCHinese                       0x08004518   Section        0  bsp_oled_iic.o(i.oled_ShowCHinese)
    i.oled_ShowNum                           0x08004580   Section        0  bsp_oled_iic.o(i.oled_ShowNum)
    i.oled_ShowString                        0x08004608   Section        0  bsp_oled_iic.o(i.oled_ShowString)
    i.oled_pow                               0x08004642   Section        0  bsp_oled_iic.o(i.oled_pow)
    i.u1_printf                              0x08004658   Section        0  my_usart1.o(i.u1_printf)
    i.u2_TxData                              0x080046a8   Section        0  my_usart2.o(i.u2_TxData)
    i.u2_printf                              0x080046ec   Section        0  my_usart2.o(i.u2_printf)
    i.wifi_GPIO_Config                       0x0800473c   Section        0  led.o(i.wifi_GPIO_Config)
    .constdata                               0x0800478c   Section     7192  bsp_oled_iic.o(.constdata)
    F6x8                                     0x0800478c   Data         552  bsp_oled_iic.o(.constdata)
    F8X16                                    0x080049b4   Data        1520  bsp_oled_iic.o(.constdata)
    Hzk                                      0x08004fa4   Data        5120  bsp_oled_iic.o(.constdata)
    .conststring                             0x080063a4   Section       80  main.o(.conststring)
    .data                                    0x20000000   Section        6  main.o(.data)
    .data                                    0x20000006   Section        6  menu.o(.data)
    InterFace                                0x20000006   Data           1  menu.o(.data)
    IndexFlag                                0x20000008   Data           1  menu.o(.data)
    CursorFlag                               0x20000009   Data           1  menu.o(.data)
    IndexFlag1                               0x2000000a   Data           1  menu.o(.data)
    CursorFlag1                              0x2000000b   Data           1  menu.o(.data)
    .data                                    0x2000000c   Section        1  time2.o(.data)
    .data                                    0x2000000d   Section        2  time3.o(.data)
    .data                                    0x20000010   Section        2  my_usart2.o(.data)
    .data                                    0x20000012   Section        4  delay.o(.data)
    fac_us                                   0x20000012   Data           1  delay.o(.data)
    fac_ms                                   0x20000014   Data           2  delay.o(.data)
    .data                                    0x20000018   Section       16  key.o(.data)
    keyCount                                 0x20000020   Data           4  key.o(.data)
    keyState                                 0x20000024   Data           4  key.o(.data)
    .data                                    0x20000028   Section       80  mqtt.o(.data)
    .data                                    0x20000078   Section       11  dht11.o(.data)
    .data                                    0x20000084   Section       20  system_stm32f10x.o(.data)
    .data                                    0x20000098   Section       20  stm32f10x_rcc.o(.data)
    APBAHBPrescTable                         0x20000098   Data          16  stm32f10x_rcc.o(.data)
    ADCPrescTable                            0x200000a8   Data           4  stm32f10x_rcc.o(.data)
    .bss                                     0x200000ac   Section       25  main.o(.bss)
    .bss                                     0x200000c8   Section      256  my_usart1.o(.bss)
    .bss                                     0x200001c8   Section     1280  my_usart2.o(.bss)
    .bss                                     0x200006c8   Section     9588  mqtt.o(.bss)
    STACK                                    0x20002c40   Section     1024  startup_stm32f10x_md.o(STACK)

    Global Symbols

    Symbol Name                              Value     Ov Type        Size  Object(Section)

    BuildAttributes$$THM_ISAv4$P$D$K$B$S$PE$A:L22UL41UL21$X:L11$S22US41US21$IEEE1$IW$USESV6$~STKCKD$USESV7$~SHL$OSPACE$ROPI$EBA8$MICROLIB$REQ8$PRES8$EABIv2 0x00000000   Number         0  anon$$obj.o ABSOLUTE
    __ARM_use_no_argv                        0x00000000   Number         0  main.o ABSOLUTE
    _printf_a                                0x00000000   Number         0  stubs.o ABSOLUTE
    _printf_c                                0x00000000   Number         0  stubs.o ABSOLUTE
    _printf_charcount                        0x00000000   Number         0  stubs.o ABSOLUTE
    _printf_d                                0x00000000   Number         0  stubs.o ABSOLUTE
    _printf_e                                0x00000000   Number         0  stubs.o ABSOLUTE
    _printf_f                                0x00000000   Number         0  stubs.o ABSOLUTE
    _printf_flags                            0x00000000   Number         0  stubs.o ABSOLUTE
    _printf_fp_dec                           0x00000000   Number         0  stubs.o ABSOLUTE
    _printf_fp_hex                           0x00000000   Number         0  stubs.o ABSOLUTE
    _printf_g                                0x00000000   Number         0  stubs.o ABSOLUTE
    _printf_i                                0x00000000   Number         0  stubs.o ABSOLUTE
    _printf_int_dec                          0x00000000   Number         0  stubs.o ABSOLUTE
    _printf_l                                0x00000000   Number         0  stubs.o ABSOLUTE
    _printf_lc                               0x00000000   Number         0  stubs.o ABSOLUTE
    _printf_ll                               0x00000000   Number         0  stubs.o ABSOLUTE
    _printf_lld                              0x00000000   Number         0  stubs.o ABSOLUTE
    _printf_lli                              0x00000000   Number         0  stubs.o ABSOLUTE
    _printf_llo                              0x00000000   Number         0  stubs.o ABSOLUTE
    _printf_llu                              0x00000000   Number         0  stubs.o ABSOLUTE
    _printf_llx                              0x00000000   Number         0  stubs.o ABSOLUTE
    _printf_longlong_dec                     0x00000000   Number         0  stubs.o ABSOLUTE
    _printf_longlong_hex                     0x00000000   Number         0  stubs.o ABSOLUTE
    _printf_longlong_oct                     0x00000000   Number         0  stubs.o ABSOLUTE
    _printf_ls                               0x00000000   Number         0  stubs.o ABSOLUTE
    _printf_mbtowc                           0x00000000   Number         0  stubs.o ABSOLUTE
    _printf_n                                0x00000000   Number         0  stubs.o ABSOLUTE
    _printf_o                                0x00000000   Number         0  stubs.o ABSOLUTE
    _printf_p                                0x00000000   Number         0  stubs.o ABSOLUTE
    _printf_percent                          0x00000000   Number         0  stubs.o ABSOLUTE
    _printf_pre_padding                      0x00000000   Number         0  stubs.o ABSOLUTE
    _printf_return_value                     0x00000000   Number         0  stubs.o ABSOLUTE
    _printf_s                                0x00000000   Number         0  stubs.o ABSOLUTE
    _printf_sizespec                         0x00000000   Number         0  stubs.o ABSOLUTE
    _printf_str                              0x00000000   Number         0  stubs.o ABSOLUTE
    _printf_truncate_signed                  0x00000000   Number         0  stubs.o ABSOLUTE
    _printf_truncate_unsigned                0x00000000   Number         0  stubs.o ABSOLUTE
    _printf_u                                0x00000000   Number         0  stubs.o ABSOLUTE
    _printf_wc                               0x00000000   Number         0  stubs.o ABSOLUTE
    _printf_wctomb                           0x00000000   Number         0  stubs.o ABSOLUTE
    _printf_widthprec                        0x00000000   Number         0  stubs.o ABSOLUTE
    _printf_x                                0x00000000   Number         0  stubs.o ABSOLUTE
    __cpp_initialize__aeabi_                  - Undefined Weak Reference
    __cxa_finalize                            - Undefined Weak Reference
    __decompress                              - Undefined Weak Reference
    _clock_init                               - Undefined Weak Reference
    _microlib_exit                            - Undefined Weak Reference
    __Vectors_Size                           0x000000ec   Number         0  startup_stm32f10x_md.o ABSOLUTE
    __Vectors                                0x08000000   Data           4  startup_stm32f10x_md.o(RESET)
    __Vectors_End                            0x080000ec   Data           0  startup_stm32f10x_md.o(RESET)
    __main                                   0x080000ed   Thumb Code     0  entry.o(.ARM.Collect$$$$00000000)
    _main_stk                                0x080000ed   Thumb Code     0  entry2.o(.ARM.Collect$$$$00000001)
    _main_scatterload                        0x080000f1   Thumb Code     0  entry5.o(.ARM.Collect$$$$00000004)
    __main_after_scatterload                 0x080000f5   Thumb Code     0  entry5.o(.ARM.Collect$$$$00000004)
    _main_clock                              0x080000f5   Thumb Code     0  entry7b.o(.ARM.Collect$$$$00000008)
    _main_cpp_init                           0x080000f5   Thumb Code     0  entry8b.o(.ARM.Collect$$$$0000000A)
    _main_init                               0x080000f5   Thumb Code     0  entry9a.o(.ARM.Collect$$$$0000000B)
    __rt_final_cpp                           0x080000fd   Thumb Code     0  entry10a.o(.ARM.Collect$$$$0000000D)
    __rt_final_exit                          0x080000fd   Thumb Code     0  entry11a.o(.ARM.Collect$$$$0000000F)
    Reset_Handler                            0x08000101   Thumb Code     8  startup_stm32f10x_md.o(.text)
    ADC1_2_IRQHandler                        0x0800011b   Thumb Code     0  startup_stm32f10x_md.o(.text)
    CAN1_RX1_IRQHandler                      0x0800011b   Thumb Code     0  startup_stm32f10x_md.o(.text)
    CAN1_SCE_IRQHandler                      0x0800011b   Thumb Code     0  startup_stm32f10x_md.o(.text)
    DMA1_Channel1_IRQHandler                 0x0800011b   Thumb Code     0  startup_stm32f10x_md.o(.text)
    DMA1_Channel2_IRQHandler                 0x0800011b   Thumb Code     0  startup_stm32f10x_md.o(.text)
    DMA1_Channel3_IRQHandler                 0x0800011b   Thumb Code     0  startup_stm32f10x_md.o(.text)
    DMA1_Channel4_IRQHandler                 0x0800011b   Thumb Code     0  startup_stm32f10x_md.o(.text)
    DMA1_Channel5_IRQHandler                 0x0800011b   Thumb Code     0  startup_stm32f10x_md.o(.text)
    DMA1_Channel6_IRQHandler                 0x0800011b   Thumb Code     0  startup_stm32f10x_md.o(.text)
    DMA1_Channel7_IRQHandler                 0x0800011b   Thumb Code     0  startup_stm32f10x_md.o(.text)
    EXTI0_IRQHandler                         0x0800011b   Thumb Code     0  startup_stm32f10x_md.o(.text)
    EXTI15_10_IRQHandler                     0x0800011b   Thumb Code     0  startup_stm32f10x_md.o(.text)
    EXTI1_IRQHandler                         0x0800011b   Thumb Code     0  startup_stm32f10x_md.o(.text)
    EXTI2_IRQHandler                         0x0800011b   Thumb Code     0  startup_stm32f10x_md.o(.text)
    EXTI3_IRQHandler                         0x0800011b   Thumb Code     0  startup_stm32f10x_md.o(.text)
    EXTI4_IRQHandler                         0x0800011b   Thumb Code     0  startup_stm32f10x_md.o(.text)
    EXTI9_5_IRQHandler                       0x0800011b   Thumb Code     0  startup_stm32f10x_md.o(.text)
    FLASH_IRQHandler                         0x0800011b   Thumb Code     0  startup_stm32f10x_md.o(.text)
    I2C1_ER_IRQHandler                       0x0800011b   Thumb Code     0  startup_stm32f10x_md.o(.text)
    I2C1_EV_IRQHandler                       0x0800011b   Thumb Code     0  startup_stm32f10x_md.o(.text)
    I2C2_ER_IRQHandler                       0x0800011b   Thumb Code     0  startup_stm32f10x_md.o(.text)
    I2C2_EV_IRQHandler                       0x0800011b   Thumb Code     0  startup_stm32f10x_md.o(.text)
    PVD_IRQHandler                           0x0800011b   Thumb Code     0  startup_stm32f10x_md.o(.text)
    RCC_IRQHandler                           0x0800011b   Thumb Code     0  startup_stm32f10x_md.o(.text)
    RTCAlarm_IRQHandler                      0x0800011b   Thumb Code     0  startup_stm32f10x_md.o(.text)
    RTC_IRQHandler                           0x0800011b   Thumb Code     0  startup_stm32f10x_md.o(.text)
    SPI1_IRQHandler                          0x0800011b   Thumb Code     0  startup_stm32f10x_md.o(.text)
    SPI2_IRQHandler                          0x0800011b   Thumb Code     0  startup_stm32f10x_md.o(.text)
    TAMPER_IRQHandler                        0x0800011b   Thumb Code     0  startup_stm32f10x_md.o(.text)
    TIM1_BRK_IRQHandler                      0x0800011b   Thumb Code     0  startup_stm32f10x_md.o(.text)
    TIM1_CC_IRQHandler                       0x0800011b   Thumb Code     0  startup_stm32f10x_md.o(.text)
    TIM1_TRG_COM_IRQHandler                  0x0800011b   Thumb Code     0  startup_stm32f10x_md.o(.text)
    USART3_IRQHandler                        0x0800011b   Thumb Code     0  startup_stm32f10x_md.o(.text)
    USBWakeUp_IRQHandler                     0x0800011b   Thumb Code     0  startup_stm32f10x_md.o(.text)
    USB_HP_CAN1_TX_IRQHandler                0x0800011b   Thumb Code     0  startup_stm32f10x_md.o(.text)
    USB_LP_CAN1_RX0_IRQHandler               0x0800011b   Thumb Code     0  startup_stm32f10x_md.o(.text)
    WWDG_IRQHandler                          0x0800011b   Thumb Code     0  startup_stm32f10x_md.o(.text)
    __aeabi_memcpy                           0x08000125   Thumb Code    36  memcpya.o(.text)
    __aeabi_memcpy4                          0x08000125   Thumb Code     0  memcpya.o(.text)
    __aeabi_memcpy8                          0x08000125   Thumb Code     0  memcpya.o(.text)
    __aeabi_memset                           0x08000149   Thumb Code    14  memseta.o(.text)
    __aeabi_memset4                          0x08000149   Thumb Code     0  memseta.o(.text)
    __aeabi_memset8                          0x08000149   Thumb Code     0  memseta.o(.text)
    __aeabi_memclr                           0x08000157   Thumb Code     4  memseta.o(.text)
    __aeabi_memclr4                          0x08000157   Thumb Code     0  memseta.o(.text)
    __aeabi_memclr8                          0x08000157   Thumb Code     0  memseta.o(.text)
    _memset$wrapper                          0x0800015b   Thumb Code    18  memseta.o(.text)
    strstr                                   0x0800016d   Thumb Code    36  strstr.o(.text)
    strlen                                   0x08000191   Thumb Code    14  strlen.o(.text)
    __aeabi_uidiv                            0x0800019f   Thumb Code     0  uidiv.o(.text)
    __aeabi_uidivmod                         0x0800019f   Thumb Code    44  uidiv.o(.text)
    __aeabi_uldivmod                         0x080001cb   Thumb Code    98  uldiv.o(.text)
    __I$use$fp                               0x0800022d   Thumb Code     0  iusefp.o(.text)
    __aeabi_dadd                             0x0800022d   Thumb Code   322  dadd.o(.text)
    __aeabi_dsub                             0x0800036f   Thumb Code     6  dadd.o(.text)
    __aeabi_drsub                            0x08000375   Thumb Code     6  dadd.o(.text)
    __aeabi_dmul                             0x0800037b   Thumb Code   228  dmul.o(.text)
    __aeabi_ddiv                             0x0800045f   Thumb Code   222  ddiv.o(.text)
    __aeabi_d2ulz                            0x0800053d   Thumb Code    48  dfixul.o(.text)
    __aeabi_cdrcmple                         0x0800056d   Thumb Code    48  cdrcmple.o(.text)
    __scatterload                            0x0800059d   Thumb Code    28  init.o(.text)
    __scatterload_rt2                        0x0800059d   Thumb Code     0  init.o(.text)
    __aeabi_llsl                             0x080005c1   Thumb Code    30  llshl.o(.text)
    _ll_shift_l                              0x080005c1   Thumb Code     0  llshl.o(.text)
    __aeabi_llsr                             0x080005df   Thumb Code    32  llushr.o(.text)
    _ll_ushift_r                             0x080005df   Thumb Code     0  llushr.o(.text)
    __aeabi_lasr                             0x080005ff   Thumb Code    36  llsshr.o(.text)
    _ll_sshift_r                             0x080005ff   Thumb Code     0  llsshr.o(.text)
    _double_round                            0x08000623   Thumb Code    30  depilogue.o(.text)
    _double_epilogue                         0x08000641   Thumb Code   156  depilogue.o(.text)
    ADC_Cmd                                  0x080006dd   Thumb Code    22  stm32f10x_adc.o(i.ADC_Cmd)
    ADC_DeInit                               0x080006f5   Thumb Code    78  stm32f10x_adc.o(i.ADC_DeInit)
    ADC_GetCalibrationStatus                 0x08000751   Thumb Code    20  stm32f10x_adc.o(i.ADC_GetCalibrationStatus)
    ADC_GetConversionValue                   0x08000765   Thumb Code     8  stm32f10x_adc.o(i.ADC_GetConversionValue)
    ADC_GetFlagStatus                        0x0800076d   Thumb Code    18  stm32f10x_adc.o(i.ADC_GetFlagStatus)
    ADC_GetResetCalibrationStatus            0x0800077f   Thumb Code    20  stm32f10x_adc.o(i.ADC_GetResetCalibrationStatus)
    ADC_Init                                 0x08000795   Thumb Code    70  stm32f10x_adc.o(i.ADC_Init)
    ADC_RegularChannelConfig                 0x080007e5   Thumb Code   184  stm32f10x_adc.o(i.ADC_RegularChannelConfig)
    ADC_ResetCalibration                     0x0800089d   Thumb Code    10  stm32f10x_adc.o(i.ADC_ResetCalibration)
    ADC_SoftwareStartConvCmd                 0x080008a7   Thumb Code    22  stm32f10x_adc.o(i.ADC_SoftwareStartConvCmd)
    ADC_StartCalibration                     0x080008bd   Thumb Code    10  stm32f10x_adc.o(i.ADC_StartCalibration)
    Adc_Init                                 0x080008c9   Thumb Code   132  adc.o(i.Adc_Init)
    Ali_MsessageInit                         0x08000955   Thumb Code   122  mqtt.o(i.Ali_MsessageInit)
    AutoContrl                               0x08000a19   Thumb Code   114  menu.o(i.AutoContrl)
    Beep_Init                                0x08000aa1   Thumb Code    60  bsp_beep.o(i.Beep_Init)
    BusFault_Handler                         0x08000ae1   Thumb Code     4  stm32f10x_it.o(i.BusFault_Handler)
    DHT11_Init                               0x08000b0d   Thumb Code    16  dht11.o(i.DHT11_Init)
    DHT11_Read_TempAndHumidity               0x08000bbd   Thumb Code   154  dht11.o(i.DHT11_Read_TempAndHumidity)
    DebugMon_Handler                         0x08000c5d   Thumb Code     2  stm32f10x_it.o(i.DebugMon_Handler)
    Delay_1ms                                0x08000c5f   Thumb Code    26  bsp_oled_iic.o(i.Delay_1ms)
    GPIO_Init                                0x08000c79   Thumb Code   278  stm32f10x_gpio.o(i.GPIO_Init)
    GPIO_ReadInputDataBit                    0x08000d8f   Thumb Code    18  stm32f10x_gpio.o(i.GPIO_ReadInputDataBit)
    GPIO_ResetBits                           0x08000da1   Thumb Code     4  stm32f10x_gpio.o(i.GPIO_ResetBits)
    GPIO_SetBits                             0x08000da5   Thumb Code     4  stm32f10x_gpio.o(i.GPIO_SetBits)
    GPIO_WriteBit                            0x08000da9   Thumb Code    10  stm32f10x_gpio.o(i.GPIO_WriteBit)
    Get_Adc                                  0x08000db5   Thumb Code    46  adc.o(i.Get_Adc)
    Get_Adc_Average                          0x08000de9   Thumb Code    46  adc.o(i.Get_Adc_Average)
    HardFault_Handler                        0x08000e17   Thumb Code     4  stm32f10x_it.o(i.HardFault_Handler)
    Inform_Show                              0x08000e91   Thumb Code   270  menu.o(i.Inform_Show)
    KEY_Init                                 0x08000fb5   Thumb Code    66  key.o(i.KEY_Init)
    Key1Press                                0x08000ffd   Thumb Code    14  key.o(i.Key1Press)
    Key2Press                                0x08001011   Thumb Code    14  key.o(i.Key2Press)
    Key3Press                                0x08001025   Thumb Code    14  key.o(i.Key3Press)
    Key4Press                                0x08001039   Thumb Code    14  key.o(i.Key4Press)
    KeyScan                                  0x0800104d   Thumb Code   348  key.o(i.KeyScan)
    LED_GPIO_Config                          0x080011b5   Thumb Code    40  led.o(i.LED_GPIO_Config)
    MQTT_Buff_Init                           0x080011e1   Thumb Code    76  mqtt.o(i.MQTT_Buff_Init)
    Manual_Contrl                            0x08001279   Thumb Code   660  menu.o(i.Manual_Contrl)
    MemManage_Handler                        0x08001531   Thumb Code     4  stm32f10x_it.o(i.MemManage_Handler)
    Mode_Decide                              0x08001535   Thumb Code   144  menu.o(i.Mode_Decide)
    Mqtt_ConnectMessege                      0x080015dd   Thumb Code   408  mqtt.o(i.Mqtt_ConnectMessege)
    Mqtt_Subscribe                           0x08001791   Thumb Code   178  mqtt.o(i.Mqtt_Subscribe)
    My_USART1                                0x08001849   Thumb Code   132  my_usart1.o(i.My_USART1)
    My_USART2                                0x080018d5   Thumb Code   130  my_usart2.o(i.My_USART2)
    NMI_Handler                              0x08001961   Thumb Code     2  stm32f10x_it.o(i.NMI_Handler)
    NVIC_Config                              0x08001963   Thumb Code   208  sys.o(i.NVIC_Config)
    NVIC_Init                                0x08001a35   Thumb Code   100  misc.o(i.NVIC_Init)
    NVIC_PriorityGroupConfig                 0x08001aa5   Thumb Code    10  misc.o(i.NVIC_PriorityGroupConfig)
    OLED_Set_Pos                             0x08001ab9   Thumb Code    40  bsp_oled_iic.o(i.OLED_Set_Pos)
    OLED_ShowChar                            0x08001ae1   Thumb Code   154  bsp_oled_iic.o(i.OLED_ShowChar)
    OLED_WR_Byte                             0x08001b85   Thumb Code    24  bsp_oled_iic.o(i.OLED_WR_Byte)
    PendSV_Handler                           0x08001b9d   Thumb Code     2  stm32f10x_it.o(i.PendSV_Handler)
    RCC_ADCCLKConfig                         0x08001ba1   Thumb Code    18  stm32f10x_rcc.o(i.RCC_ADCCLKConfig)
    RCC_APB1PeriphClockCmd                   0x08001bb9   Thumb Code    26  stm32f10x_rcc.o(i.RCC_APB1PeriphClockCmd)
    RCC_APB2PeriphClockCmd                   0x08001bd9   Thumb Code    26  stm32f10x_rcc.o(i.RCC_APB2PeriphClockCmd)
    RCC_APB2PeriphResetCmd                   0x08001bf9   Thumb Code    26  stm32f10x_rcc.o(i.RCC_APB2PeriphResetCmd)
    RCC_GetClocksFreq                        0x08001c19   Thumb Code   192  stm32f10x_rcc.o(i.RCC_GetClocksFreq)
    RELAY_GPIO_Config                        0x08001ced   Thumb Code    68  relay.o(i.RELAY_GPIO_Config)
    SVC_Handler                              0x08001d35   Thumb Code     2  stm32f10x_it.o(i.SVC_Handler)
    SysTick_CLKSourceConfig                  0x08001e21   Thumb Code    40  misc.o(i.SysTick_CLKSourceConfig)
    SysTick_Handler                          0x08001e49   Thumb Code     2  stm32f10x_it.o(i.SysTick_Handler)
    SystemInit                               0x08001e4d   Thumb Code    78  system_stm32f10x.o(i.SystemInit)
    TIM1_UP_IRQHandler                       0x08001ead   Thumb Code    22  time1.o(i.TIM1_UP_IRQHandler)
    TIM2_IRQHandler                          0x08001ec9   Thumb Code    60  time2.o(i.TIM2_IRQHandler)
    TIM2_Init                                0x08001f0d   Thumb Code    66  time2.o(i.TIM2_Init)
    TIM3_IRQHandler                          0x08001f51   Thumb Code    98  time3.o(i.TIM3_IRQHandler)
    TIM3_Init                                0x08001fc9   Thumb Code    64  time3.o(i.TIM3_Init)
    TIM4_IRQHandler                          0x0800200d   Thumb Code   132  time4.o(i.TIM4_IRQHandler)
    TIM4_Init                                0x080020a9   Thumb Code    68  time4.o(i.TIM4_Init)
    TIM_ClearITPendingBit                    0x080020f1   Thumb Code     6  stm32f10x_tim.o(i.TIM_ClearITPendingBit)
    TIM_Cmd                                  0x080020f7   Thumb Code    24  stm32f10x_tim.o(i.TIM_Cmd)
    TIM_GetITStatus                          0x0800210f   Thumb Code    34  stm32f10x_tim.o(i.TIM_GetITStatus)
    TIM_ITConfig                             0x08002131   Thumb Code    18  stm32f10x_tim.o(i.TIM_ITConfig)
    TIM_SetCounter                           0x08002143   Thumb Code     4  stm32f10x_tim.o(i.TIM_SetCounter)
    TIM_TimeBaseInit                         0x08002149   Thumb Code   122  stm32f10x_tim.o(i.TIM_TimeBaseInit)
    ThresholdSet                             0x080021ed   Thumb Code   744  menu.o(i.ThresholdSet)
    Threshold_Init                           0x080024f1   Thumb Code    38  main.o(i.Threshold_Init)
    USART1_IRQHandler                        0x0800251d   Thumb Code    42  my_usart1.o(i.USART1_IRQHandler)
    USART2_IRQHandler                        0x0800254d   Thumb Code   104  my_usart2.o(i.USART2_IRQHandler)
    USART_ClearITPendingBit                  0x080025c9   Thumb Code    30  stm32f10x_usart.o(i.USART_ClearITPendingBit)
    USART_Cmd                                0x080025e7   Thumb Code    24  stm32f10x_usart.o(i.USART_Cmd)
    USART_GetFlagStatus                      0x080025ff   Thumb Code    26  stm32f10x_usart.o(i.USART_GetFlagStatus)
    USART_GetITStatus                        0x08002619   Thumb Code    84  stm32f10x_usart.o(i.USART_GetITStatus)
    USART_ITConfig                           0x0800266d   Thumb Code    74  stm32f10x_usart.o(i.USART_ITConfig)
    USART_Init                               0x080026b9   Thumb Code   210  stm32f10x_usart.o(i.USART_Init)
    USART_ReceiveData                        0x08002791   Thumb Code    10  stm32f10x_usart.o(i.USART_ReceiveData)
    USART_SendByte                           0x0800279b   Thumb Code    28  my_usart1.o(i.USART_SendByte)
    USART_SendData                           0x080027b7   Thumb Code     8  stm32f10x_usart.o(i.USART_SendData)
    UsageFault_Handler                       0x080027bf   Thumb Code     4  stm32f10x_it.o(i.UsageFault_Handler)
    WIFI_Config                              0x080027c5   Thumb Code    82  wifi.o(i.WIFI_Config)
    WIFI_Connect                             0x0800282d   Thumb Code   478  wifi.o(i.WIFI_Connect)
    WIFI_ConnectTCP                          0x08002c7d   Thumb Code    84  wifi.o(i.WIFI_ConnectTCP)
    WIFI_Router                              0x08002d05   Thumb Code    82  wifi.o(i.WIFI_Router)
    __0sprintf                               0x08002e49   Thumb Code    34  printfa.o(i.__0sprintf)
    __1sprintf                               0x08002e49   Thumb Code     0  printfa.o(i.__0sprintf)
    __2sprintf                               0x08002e49   Thumb Code     0  printfa.o(i.__0sprintf)
    __c89sprintf                             0x08002e49   Thumb Code     0  printfa.o(i.__0sprintf)
    sprintf                                  0x08002e49   Thumb Code     0  printfa.o(i.__0sprintf)
    __0vsprintf                              0x08002e71   Thumb Code    30  printfa.o(i.__0vsprintf)
    __1vsprintf                              0x08002e71   Thumb Code     0  printfa.o(i.__0vsprintf)
    __2vsprintf                              0x08002e71   Thumb Code     0  printfa.o(i.__0vsprintf)
    __c89vsprintf                            0x08002e71   Thumb Code     0  printfa.o(i.__0vsprintf)
    vsprintf                                 0x08002e71   Thumb Code     0  printfa.o(i.__0vsprintf)
    __scatterload_copy                       0x08002e95   Thumb Code    14  handlers.o(i.__scatterload_copy)
    __scatterload_null                       0x08002ea3   Thumb Code     2  handlers.o(i.__scatterload_null)
    __scatterload_zeroinit                   0x08002ea5   Thumb Code    14  handlers.o(i.__scatterload_zeroinit)
    delay_init                               0x08003771   Thumb Code    50  delay.o(i.delay_init)
    delay_ms                                 0x080037b5   Thumb Code    72  delay.o(i.delay_ms)
    delay_us                                 0x08003801   Thumb Code    72  delay.o(i.delay_us)
    main                                     0x0800384d   Thumb Code   186  main.o(i.main)
    mqttPublic                               0x08003929   Thumb Code    74  main.o(i.mqttPublic)
    mqtt_Content                             0x08003995   Thumb Code  1970  mqtt.o(i.mqtt_Content)
    mqtt_DealCmdSet                          0x080041a9   Thumb Code    96  mqtt.o(i.mqtt_DealCmdSet)
    mqtt_DealTxData                          0x08004215   Thumb Code    88  mqtt.o(i.mqtt_DealTxData)
    mqtt_Dealsetdata_Qs0                     0x08004279   Thumb Code    94  mqtt.o(i.mqtt_Dealsetdata_Qs0)
    mqtt_Ping                                0x080042d9   Thumb Code    22  mqtt.o(i.mqtt_Ping)
    mqtt_PublishQs0                          0x080042f5   Thumb Code   172  mqtt.o(i.mqtt_PublishQs0)
    oled_Clear                               0x080043a5   Thumb Code    62  bsp_oled_iic.o(i.oled_Clear)
    oled_Init                                0x080043e5   Thumb Code   304  bsp_oled_iic.o(i.oled_Init)
    oled_ShowCHinese                         0x08004519   Thumb Code    98  bsp_oled_iic.o(i.oled_ShowCHinese)
    oled_ShowNum                             0x08004581   Thumb Code   136  bsp_oled_iic.o(i.oled_ShowNum)
    oled_ShowString                          0x08004609   Thumb Code    58  bsp_oled_iic.o(i.oled_ShowString)
    oled_pow                                 0x08004643   Thumb Code    22  bsp_oled_iic.o(i.oled_pow)
    u1_printf                                0x08004659   Thumb Code    72  my_usart1.o(i.u1_printf)
    u2_TxData                                0x080046a9   Thumb Code    62  my_usart2.o(i.u2_TxData)
    u2_printf                                0x080046ed   Thumb Code    72  my_usart2.o(i.u2_printf)
    wifi_GPIO_Config                         0x0800473d   Thumb Code    76  led.o(i.wifi_GPIO_Config)
    Region$$Table$$Base                      0x080063f4   Number         0  anon$$obj.o(Region$$Table)
    Region$$Table$$Limit                     0x08006414   Number         0  anon$$obj.o(Region$$Table)
    Threshold                                0x20000000   Data           6  main.o(.data)
    OperateMode                              0x20000007   Data           1  menu.o(.data)
    Tim2Count                                0x2000000c   Data           1  time2.o(.data)
    Tim3Count                                0x2000000d   Data           1  time3.o(.data)
    PingCount                                0x2000000e   Data           1  time3.o(.data)
    USART2_RxCounter                         0x20000010   Data           2  my_usart2.o(.data)
    isKey1                                   0x20000018   Data           1  key.o(.data)
    isKey2                                   0x20000019   Data           1  key.o(.data)
    isKey3                                   0x2000001a   Data           1  key.o(.data)
    isKey4                                   0x2000001b   Data           1  key.o(.data)
    isKey5                                   0x2000001c   Data           1  key.o(.data)
    isKey6                                   0x2000001d   Data           1  key.o(.data)
    isKey7                                   0x2000001e   Data           1  key.o(.data)
    isKey8                                   0x2000001f   Data           1  key.o(.data)
    TEMIP_MAX                                0x20000028   Data           1  mqtt.o(.data)
    TEMIP_MIN                                0x20000029   Data           1  mqtt.o(.data)
    Connect_flag                             0x2000002a   Data           1  mqtt.o(.data)
    ConnectPack_flag                         0x2000002b   Data           1  mqtt.o(.data)
    SubscribePack_flag                       0x2000002c   Data           1  mqtt.o(.data)
    Ping_flag                                0x2000002d   Data           1  mqtt.o(.data)
    sensorMax                                0x20000030   Data           4  mqtt.o(.data)
    ReadData                                 0x20000034   Data           2  mqtt.o(.data)
    tempx                                    0x20000038   Data           4  mqtt.o(.data)
    mqtt_TxInPtr                             0x2000003c   Data           4  mqtt.o(.data)
    mqtt_TxOutPtr                            0x20000040   Data           4  mqtt.o(.data)
    mqtt_TxEndPtr                            0x20000044   Data           4  mqtt.o(.data)
    mqtt_RxInPtr                             0x20000048   Data           4  mqtt.o(.data)
    mqtt_RxOutPtr                            0x2000004c   Data           4  mqtt.o(.data)
    mqtt_RxEndPtr                            0x20000050   Data           4  mqtt.o(.data)
    dest                                     0x20000054   Data           5  mqtt.o(.data)
    mqtt_CMDInPtr                            0x2000005c   Data           4  mqtt.o(.data)
    mqtt_CMDOutPtr                           0x20000060   Data           4  mqtt.o(.data)
    mqtt_CMDEndPtr                           0x20000064   Data           4  mqtt.o(.data)
    clientid_size                            0x20000068   Data           4  mqtt.o(.data)
    username_size                            0x2000006c   Data           4  mqtt.o(.data)
    passward_size                            0x20000070   Data           4  mqtt.o(.data)
    ServerPort                               0x20000074   Data           4  mqtt.o(.data)
    tempInt                                  0x20000078   Data           1  dht11.o(.data)
    tempDeci                                 0x20000079   Data           1  dht11.o(.data)
    humiInt                                  0x2000007a   Data           1  dht11.o(.data)
    humiDeci                                 0x2000007b   Data           1  dht11.o(.data)
    x                                        0x2000007c   Data           1  dht11.o(.data)
    tscx                                     0x2000007d   Data           1  dht11.o(.data)
    dht11Data                                0x2000007e   Data           5  dht11.o(.data)
    SystemCoreClock                          0x20000084   Data           4  system_stm32f10x.o(.data)
    AHBPrescTable                            0x20000088   Data          16  system_stm32f10x.o(.data)
    SensorData                               0x200000ac   Data          16  main.o(.bss)
    System                                   0x200000bc   Data           9  main.o(.bss)
    USART1_TxBuff                            0x200000c8   Data         256  my_usart1.o(.bss)
    USART2_RxBuff                            0x200001c8   Data        1024  my_usart2.o(.bss)
    USART2_TxBuff                            0x200005c8   Data         256  my_usart2.o(.bss)
    mqtt_buff                                0x200006c8   Data         400  mqtt.o(.bss)
    mqtt_TxBuf                               0x20000858   Data        2800  mqtt.o(.bss)
    str                                      0x20001348   Data          20  mqtt.o(.bss)
    mqtt_RxBuf                               0x2000135c   Data        2800  mqtt.o(.bss)
    mqtt_CMDBuf                              0x20001e4c   Data        2800  mqtt.o(.bss)
    clientid                                 0x2000293c   Data         128  mqtt.o(.bss)
    lex                                      0x200029bc   Data         256  mqtt.o(.bss)
    username                                 0x20002abc   Data         128  mqtt.o(.bss)
    passward                                 0x20002b3c   Data         128  mqtt.o(.bss)
    ServerIP                                 0x20002bbc   Data         128  mqtt.o(.bss)
    __initial_sp                             0x20003040   Data           0  startup_stm32f10x_md.o(STACK)



==============================================================================

Memory Map of the image

  Image Entry point : 0x080000ed

  Load Region LR_IROM1 (Base: 0x08000000, Size: 0x000064c0, Max: 0x00010000, ABSOLUTE)

    Execution Region ER_IROM1 (Base: 0x08000000, Size: 0x00006414, Max: 0x00010000, ABSOLUTE)

    Base Addr    Size         Type   Attr      Idx    E Section Name        Object

    0x08000000   0x000000ec   Data   RO         1295    RESET               startup_stm32f10x_md.o
    0x080000ec   0x00000000   Code   RO         4312  * .ARM.Collect$$$$00000000  mc_w.l(entry.o)
    0x080000ec   0x00000004   Code   RO         4588    .ARM.Collect$$$$00000001  mc_w.l(entry2.o)
    0x080000f0   0x00000004   Code   RO         4591    .ARM.Collect$$$$00000004  mc_w.l(entry5.o)
    0x080000f4   0x00000000   Code   RO         4593    .ARM.Collect$$$$00000008  mc_w.l(entry7b.o)
    0x080000f4   0x00000000   Code   RO         4595    .ARM.Collect$$$$0000000A  mc_w.l(entry8b.o)
    0x080000f4   0x00000008   Code   RO         4596    .ARM.Collect$$$$0000000B  mc_w.l(entry9a.o)
    0x080000fc   0x00000000   Code   RO         4598    .ARM.Collect$$$$0000000D  mc_w.l(entry10a.o)
    0x080000fc   0x00000000   Code   RO         4600    .ARM.Collect$$$$0000000F  mc_w.l(entry11a.o)
    0x080000fc   0x00000004   Code   RO         4589    .ARM.Collect$$$$00002712  mc_w.l(entry2.o)
    0x08000100   0x00000024   Code   RO         1296    .text               startup_stm32f10x_md.o
    0x08000124   0x00000024   Code   RO         4315    .text               mc_w.l(memcpya.o)
    0x08000148   0x00000024   Code   RO         4317    .text               mc_w.l(memseta.o)
    0x0800016c   0x00000024   Code   RO         4319    .text               mc_w.l(strstr.o)
    0x08000190   0x0000000e   Code   RO         4321    .text               mc_w.l(strlen.o)
    0x0800019e   0x0000002c   Code   RO         4605    .text               mc_w.l(uidiv.o)
    0x080001ca   0x00000062   Code   RO         4607    .text               mc_w.l(uldiv.o)
    0x0800022c   0x00000000   Code   RO         4609    .text               mc_w.l(iusefp.o)
    0x0800022c   0x0000014e   Code   RO         4610    .text               mf_w.l(dadd.o)
    0x0800037a   0x000000e4   Code   RO         4612    .text               mf_w.l(dmul.o)
    0x0800045e   0x000000de   Code   RO         4614    .text               mf_w.l(ddiv.o)
    0x0800053c   0x00000030   Code   RO         4616    .text               mf_w.l(dfixul.o)
    0x0800056c   0x00000030   Code   RO         4618    .text               mf_w.l(cdrcmple.o)
    0x0800059c   0x00000024   Code   RO         4620    .text               mc_w.l(init.o)
    0x080005c0   0x0000001e   Code   RO         4623    .text               mc_w.l(llshl.o)
    0x080005de   0x00000020   Code   RO         4625    .text               mc_w.l(llushr.o)
    0x080005fe   0x00000024   Code   RO         4627    .text               mc_w.l(llsshr.o)
    0x08000622   0x000000ba   Code   RO         4630    .text               mf_w.l(depilogue.o)
    0x080006dc   0x00000016   Code   RO         1387    i.ADC_Cmd           stm32f10x_adc.o
    0x080006f2   0x00000002   PAD
    0x080006f4   0x0000005c   Code   RO         1389    i.ADC_DeInit        stm32f10x_adc.o
    0x08000750   0x00000014   Code   RO         1395    i.ADC_GetCalibrationStatus  stm32f10x_adc.o
    0x08000764   0x00000008   Code   RO         1396    i.ADC_GetConversionValue  stm32f10x_adc.o
    0x0800076c   0x00000012   Code   RO         1398    i.ADC_GetFlagStatus  stm32f10x_adc.o
    0x0800077e   0x00000014   Code   RO         1401    i.ADC_GetResetCalibrationStatus  stm32f10x_adc.o
    0x08000792   0x00000002   PAD
    0x08000794   0x00000050   Code   RO         1405    i.ADC_Init          stm32f10x_adc.o
    0x080007e4   0x000000b8   Code   RO         1409    i.ADC_RegularChannelConfig  stm32f10x_adc.o
    0x0800089c   0x0000000a   Code   RO         1410    i.ADC_ResetCalibration  stm32f10x_adc.o
    0x080008a6   0x00000016   Code   RO         1412    i.ADC_SoftwareStartConvCmd  stm32f10x_adc.o
    0x080008bc   0x0000000a   Code   RO         1414    i.ADC_StartCalibration  stm32f10x_adc.o
    0x080008c6   0x00000002   PAD
    0x080008c8   0x0000008c   Code   RO         1181    i.Adc_Init          adc.o
    0x08000954   0x000000c4   Code   RO          620    i.Ali_MsessageInit  mqtt.o
    0x08000a18   0x00000088   Code   RO          222    i.AutoContrl        menu.o
    0x08000aa0   0x00000040   Code   RO          489    i.Beep_Init         bsp_beep.o
    0x08000ae0   0x00000004   Code   RO          895    i.BusFault_Handler  stm32f10x_it.o
    0x08000ae4   0x00000028   Code   RO          958    i.DHT11_GPIO_Config  dht11.o
    0x08000b0c   0x00000014   Code   RO          959    i.DHT11_Init        dht11.o
    0x08000b20   0x0000001c   Code   RO          960    i.DHT11_Mode_IPU    dht11.o
    0x08000b3c   0x00000020   Code   RO          961    i.DHT11_Mode_Out_PP  dht11.o
    0x08000b5c   0x00000060   Code   RO          962    i.DHT11_ReadByte    dht11.o
    0x08000bbc   0x000000a0   Code   RO          963    i.DHT11_Read_TempAndHumidity  dht11.o
    0x08000c5c   0x00000002   Code   RO          896    i.DebugMon_Handler  stm32f10x_it.o
    0x08000c5e   0x0000001a   Code   RO         1023    i.Delay_1ms         bsp_oled_iic.o
    0x08000c78   0x00000116   Code   RO         2496    i.GPIO_Init         stm32f10x_gpio.o
    0x08000d8e   0x00000012   Code   RO         2500    i.GPIO_ReadInputDataBit  stm32f10x_gpio.o
    0x08000da0   0x00000004   Code   RO         2503    i.GPIO_ResetBits    stm32f10x_gpio.o
    0x08000da4   0x00000004   Code   RO         2504    i.GPIO_SetBits      stm32f10x_gpio.o
    0x08000da8   0x0000000a   Code   RO         2507    i.GPIO_WriteBit     stm32f10x_gpio.o
    0x08000db2   0x00000002   PAD
    0x08000db4   0x00000034   Code   RO         1182    i.Get_Adc           adc.o
    0x08000de8   0x0000002e   Code   RO         1183    i.Get_Adc_Average   adc.o
    0x08000e16   0x00000004   Code   RO          897    i.HardFault_Handler  stm32f10x_it.o
    0x08000e1a   0x00000002   PAD
    0x08000e1c   0x00000030   Code   RO         1025    i.IIC_Start         bsp_oled_iic.o
    0x08000e4c   0x00000028   Code   RO         1026    i.IIC_Stop          bsp_oled_iic.o
    0x08000e74   0x0000001c   Code   RO         1027    i.IIC_Wait_Ack      bsp_oled_iic.o
    0x08000e90   0x00000124   Code   RO          223    i.Inform_Show       menu.o
    0x08000fb4   0x00000048   Code   RO          513    i.KEY_Init          key.o
    0x08000ffc   0x00000014   Code   RO          514    i.Key1Press         key.o
    0x08001010   0x00000014   Code   RO          515    i.Key2Press         key.o
    0x08001024   0x00000014   Code   RO          516    i.Key3Press         key.o
    0x08001038   0x00000014   Code   RO          517    i.Key4Press         key.o
    0x0800104c   0x00000168   Code   RO          522    i.KeyScan           key.o
    0x080011b4   0x0000002c   Code   RO          586    i.LED_GPIO_Config   led.o
    0x080011e0   0x00000098   Code   RO          621    i.MQTT_Buff_Init    mqtt.o
    0x08001278   0x000002b8   Code   RO          224    i.Manual_Contrl     menu.o
    0x08001530   0x00000004   Code   RO          898    i.MemManage_Handler  stm32f10x_it.o
    0x08001534   0x000000a8   Code   RO          225    i.Mode_Decide       menu.o
    0x080015dc   0x000001b4   Code   RO          622    i.Mqtt_ConnectMessege  mqtt.o
    0x08001790   0x000000b8   Code   RO          623    i.Mqtt_Subscribe    mqtt.o
    0x08001848   0x0000008c   Code   RO          367    i.My_USART1         my_usart1.o
    0x080018d4   0x0000008c   Code   RO          408    i.My_USART2         my_usart2.o
    0x08001960   0x00000002   Code   RO          899    i.NMI_Handler       stm32f10x_it.o
    0x08001962   0x000000d0   Code   RO          446    i.NVIC_Config       sys.o
    0x08001a32   0x00000002   PAD
    0x08001a34   0x00000070   Code   RO         1345    i.NVIC_Init         misc.o
    0x08001aa4   0x00000014   Code   RO         1346    i.NVIC_PriorityGroupConfig  misc.o
    0x08001ab8   0x00000028   Code   RO         1028    i.OLED_Set_Pos      bsp_oled_iic.o
    0x08001ae0   0x000000a4   Code   RO         1029    i.OLED_ShowChar     bsp_oled_iic.o
    0x08001b84   0x00000018   Code   RO         1031    i.OLED_WR_Byte      bsp_oled_iic.o
    0x08001b9c   0x00000002   Code   RO          900    i.PendSV_Handler    stm32f10x_it.o
    0x08001b9e   0x00000002   PAD
    0x08001ba0   0x00000018   Code   RO         2910    i.RCC_ADCCLKConfig  stm32f10x_rcc.o
    0x08001bb8   0x00000020   Code   RO         2912    i.RCC_APB1PeriphClockCmd  stm32f10x_rcc.o
    0x08001bd8   0x00000020   Code   RO         2914    i.RCC_APB2PeriphClockCmd  stm32f10x_rcc.o
    0x08001bf8   0x00000020   Code   RO         2915    i.RCC_APB2PeriphResetCmd  stm32f10x_rcc.o
    0x08001c18   0x000000d4   Code   RO         2922    i.RCC_GetClocksFreq  stm32f10x_rcc.o
    0x08001cec   0x00000048   Code   RO         1009    i.RELAY_GPIO_Config  relay.o
    0x08001d34   0x00000002   Code   RO          901    i.SVC_Handler       stm32f10x_it.o
    0x08001d36   0x00000008   Code   RO         1311    i.SetSysClock       system_stm32f10x.o
    0x08001d3e   0x00000002   PAD
    0x08001d40   0x000000e0   Code   RO         1312    i.SetSysClockTo72   system_stm32f10x.o
    0x08001e20   0x00000028   Code   RO         1349    i.SysTick_CLKSourceConfig  misc.o
    0x08001e48   0x00000002   Code   RO          902    i.SysTick_Handler   stm32f10x_it.o
    0x08001e4a   0x00000002   PAD
    0x08001e4c   0x00000060   Code   RO         1314    i.SystemInit        system_stm32f10x.o
    0x08001eac   0x0000001c   Code   RO          272    i.TIM1_UP_IRQHandler  time1.o
    0x08001ec8   0x00000044   Code   RO          296    i.TIM2_IRQHandler   time2.o
    0x08001f0c   0x00000042   Code   RO          297    i.TIM2_Init         time2.o
    0x08001f4e   0x00000002   PAD
    0x08001f50   0x00000078   Code   RO          325    i.TIM3_IRQHandler   time3.o
    0x08001fc8   0x00000044   Code   RO          326    i.TIM3_Init         time3.o
    0x0800200c   0x0000009c   Code   RO          347    i.TIM4_IRQHandler   time4.o
    0x080020a8   0x00000048   Code   RO          348    i.TIM4_Init         time4.o
    0x080020f0   0x00000006   Code   RO         3541    i.TIM_ClearITPendingBit  stm32f10x_tim.o
    0x080020f6   0x00000018   Code   RO         3546    i.TIM_Cmd           stm32f10x_tim.o
    0x0800210e   0x00000022   Code   RO         3567    i.TIM_GetITStatus   stm32f10x_tim.o
    0x08002130   0x00000012   Code   RO         3571    i.TIM_ITConfig      stm32f10x_tim.o
    0x08002142   0x00000004   Code   RO         3611    i.TIM_SetCounter    stm32f10x_tim.o
    0x08002146   0x00000002   PAD
    0x08002148   0x000000a4   Code   RO         3617    i.TIM_TimeBaseInit  stm32f10x_tim.o
    0x080021ec   0x00000304   Code   RO          226    i.ThresholdSet      menu.o
    0x080024f0   0x0000002c   Code   RO            1    i.Threshold_Init    main.o
    0x0800251c   0x00000030   Code   RO          368    i.USART1_IRQHandler  my_usart1.o
    0x0800254c   0x0000007c   Code   RO          409    i.USART2_IRQHandler  my_usart2.o
    0x080025c8   0x0000001e   Code   RO         4079    i.USART_ClearITPendingBit  stm32f10x_usart.o
    0x080025e6   0x00000018   Code   RO         4082    i.USART_Cmd         stm32f10x_usart.o
    0x080025fe   0x0000001a   Code   RO         4085    i.USART_GetFlagStatus  stm32f10x_usart.o
    0x08002618   0x00000054   Code   RO         4086    i.USART_GetITStatus  stm32f10x_usart.o
    0x0800266c   0x0000004a   Code   RO         4088    i.USART_ITConfig    stm32f10x_usart.o
    0x080026b6   0x00000002   PAD
    0x080026b8   0x000000d8   Code   RO         4089    i.USART_Init        stm32f10x_usart.o
    0x08002790   0x0000000a   Code   RO         4096    i.USART_ReceiveData  stm32f10x_usart.o
    0x0800279a   0x0000001c   Code   RO          369    i.USART_SendByte    my_usart1.o
    0x080027b6   0x00000008   Code   RO         4099    i.USART_SendData    stm32f10x_usart.o
    0x080027be   0x00000004   Code   RO          903    i.UsageFault_Handler  stm32f10x_it.o
    0x080027c2   0x00000002   PAD
    0x080027c4   0x00000068   Code   RO          857    i.WIFI_Config       wifi.o
    0x0800282c   0x00000450   Code   RO          859    i.WIFI_Connect      wifi.o
    0x08002c7c   0x00000088   Code   RO          860    i.WIFI_ConnectTCP   wifi.o
    0x08002d04   0x00000090   Code   RO          861    i.WIFI_Router       wifi.o
    0x08002d94   0x0000005c   Code   RO         1032    i.Write_IIC_Byte    bsp_oled_iic.o
    0x08002df0   0x0000002c   Code   RO         1033    i.Write_IIC_Command  bsp_oled_iic.o
    0x08002e1c   0x0000002c   Code   RO         1034    i.Write_IIC_Data    bsp_oled_iic.o
    0x08002e48   0x00000028   Code   RO         4560    i.__0sprintf        mc_w.l(printfa.o)
    0x08002e70   0x00000024   Code   RO         4564    i.__0vsprintf       mc_w.l(printfa.o)
    0x08002e94   0x0000000e   Code   RO         4634    i.__scatterload_copy  mc_w.l(handlers.o)
    0x08002ea2   0x00000002   Code   RO         4635    i.__scatterload_null  mc_w.l(handlers.o)
    0x08002ea4   0x0000000e   Code   RO         4636    i.__scatterload_zeroinit  mc_w.l(handlers.o)
    0x08002eb2   0x00000002   PAD
    0x08002eb4   0x00000184   Code   RO         4565    i._fp_digits        mc_w.l(printfa.o)
    0x08003038   0x000006dc   Code   RO         4566    i._printf_core      mc_w.l(printfa.o)
    0x08003714   0x00000024   Code   RO         4567    i._printf_post_padding  mc_w.l(printfa.o)
    0x08003738   0x0000002e   Code   RO         4568    i._printf_pre_padding  mc_w.l(printfa.o)
    0x08003766   0x0000000a   Code   RO         4570    i._sputc            mc_w.l(printfa.o)
    0x08003770   0x00000044   Code   RO          460    i.delay_init        delay.o
    0x080037b4   0x0000004c   Code   RO          461    i.delay_ms          delay.o
    0x08003800   0x0000004c   Code   RO          462    i.delay_us          delay.o
    0x0800384c   0x000000dc   Code   RO            2    i.main              main.o
    0x08003928   0x0000006c   Code   RO            3    i.mqttPublic        main.o
    0x08003994   0x00000814   Code   RO          625    i.mqtt_Content      mqtt.o
    0x080041a8   0x0000006c   Code   RO          626    i.mqtt_DealCmdSet   mqtt.o
    0x08004214   0x00000064   Code   RO          627    i.mqtt_DealTxData   mqtt.o
    0x08004278   0x0000005e   Code   RO          628    i.mqtt_Dealsetdata_Qs0  mqtt.o
    0x080042d6   0x00000002   PAD
    0x080042d8   0x0000001c   Code   RO          629    i.mqtt_Ping         mqtt.o
    0x080042f4   0x000000b0   Code   RO          630    i.mqtt_PublishQs0   mqtt.o
    0x080043a4   0x0000003e   Code   RO         1036    i.oled_Clear        bsp_oled_iic.o
    0x080043e2   0x00000002   PAD
    0x080043e4   0x00000134   Code   RO         1042    i.oled_Init         bsp_oled_iic.o
    0x08004518   0x00000068   Code   RO         1044    i.oled_ShowCHinese  bsp_oled_iic.o
    0x08004580   0x00000088   Code   RO         1045    i.oled_ShowNum      bsp_oled_iic.o
    0x08004608   0x0000003a   Code   RO         1046    i.oled_ShowString   bsp_oled_iic.o
    0x08004642   0x00000016   Code   RO         1047    i.oled_pow          bsp_oled_iic.o
    0x08004658   0x00000050   Code   RO          370    i.u1_printf         my_usart1.o
    0x080046a8   0x00000044   Code   RO          410    i.u2_TxData         my_usart2.o
    0x080046ec   0x00000050   Code   RO          411    i.u2_printf         my_usart2.o
    0x0800473c   0x00000050   Code   RO          589    i.wifi_GPIO_Config  led.o
    0x0800478c   0x00001c18   Data   RO         1048    .constdata          bsp_oled_iic.o
    0x080063a4   0x00000050   Data   RO            6    .conststring        main.o
    0x080063f4   0x00000020   Data   RO         4632    Region$$Table       anon$$obj.o


    Execution Region RW_IRAM1 (Base: 0x20000000, Size: 0x00003040, Max: 0x00005000, ABSOLUTE)

    Base Addr    Size         Type   Attr      Idx    E Section Name        Object

    0x20000000   0x00000006   Data   RW            7    .data               main.o
    0x20000006   0x00000006   Data   RW          228    .data               menu.o
    0x2000000c   0x00000001   Data   RW          300    .data               time2.o
    0x2000000d   0x00000002   Data   RW          328    .data               time3.o
    0x2000000f   0x00000001   PAD
    0x20000010   0x00000002   Data   RW          414    .data               my_usart2.o
    0x20000012   0x00000004   Data   RW          463    .data               delay.o
    0x20000016   0x00000002   PAD
    0x20000018   0x00000010   Data   RW          524    .data               key.o
    0x20000028   0x00000050   Data   RW          633    .data               mqtt.o
    0x20000078   0x0000000b   Data   RW          966    .data               dht11.o
    0x20000083   0x00000001   PAD
    0x20000084   0x00000014   Data   RW         1315    .data               system_stm32f10x.o
    0x20000098   0x00000014   Data   RW         2942    .data               stm32f10x_rcc.o
    0x200000ac   0x00000019   Zero   RW            4    .bss                main.o
    0x200000c5   0x00000003   PAD
    0x200000c8   0x00000100   Zero   RW          371    .bss                my_usart1.o
    0x200001c8   0x00000500   Zero   RW          412    .bss                my_usart2.o
    0x200006c8   0x00002574   Zero   RW          631    .bss                mqtt.o
    0x20002c3c   0x00000004   PAD
    0x20002c40   0x00000400   Zero   RW         1293    STACK               startup_stm32f10x_md.o


==============================================================================

Image component sizes


      Code (inc. data)   RO Data    RW Data    ZI Data      Debug   Object Name

       238         14          0          0          0       1895   adc.o
        64          4          0          0          0        548   bsp_beep.o
      1240         38       7192          0          0      11814   bsp_oled_iic.o
       220         26          0          4          0       1899   delay.o
       376         28          0         11          0       5091   dht11.o
       512         42          0         16          0       3687   key.o
       124          8          0          0          0       1093   led.o
       372         74         80          6         25     266639   main.o
      2064        132          0          6          0       3854   menu.o
       172         22          0          0          0       2441   misc.o
      3542       1034          0         80       9588       9801   mqtt.o
       296         22          0          0        256       3797   my_usart1.o
       412         44          0          2       1280       3363   my_usart2.o
        72          4          0          0          0        560   relay.o
        36          8        236          0       1024        900   startup_stm32f10x_md.o
       486         24          0          0          0       9726   stm32f10x_adc.o
       314          0          0          0          0       4812   stm32f10x_gpio.o
        26          0          0          0          0       4314   stm32f10x_it.o
       332         44          0         20          0       6194   stm32f10x_rcc.o
       250         42          0          0          0       4751   stm32f10x_tim.o
       472          6          0          0          0       7667   stm32f10x_usart.o
       208          0          0          0          0        654   sys.o
       328         28          0         20          0       2533   system_stm32f10x.o
        28          6          0          0          0        513   time1.o
       134          8          0          1          0       1510   time2.o
       188         26          0          2          0       1560   time3.o
       228         28          0          0          0       1190   time4.o
      1488        762          0          0          0       2897   wifi.o

    ----------------------------------------------------------------------
     14252       2474       7540        172      12180     365703   Object Totals
         0          0         32          0          0          0   (incl. Generated)
        30          0          0          4          7          0   (incl. Padding)

    ----------------------------------------------------------------------

      Code (inc. data)   RO Data    RW Data    ZI Data      Debug   Library Member Name

         0          0          0          0          0          0   entry.o
         0          0          0          0          0          0   entry10a.o
         0          0          0          0          0          0   entry11a.o
         8          4          0          0          0          0   entry2.o
         4          0          0          0          0          0   entry5.o
         0          0          0          0          0          0   entry7b.o
         0          0          0          0          0          0   entry8b.o
         8          4          0          0          0          0   entry9a.o
        30          0          0          0          0          0   handlers.o
        36          8          0          0          0         68   init.o
         0          0          0          0          0          0   iusefp.o
        30          0          0          0          0         68   llshl.o
        36          0          0          0          0         68   llsshr.o
        32          0          0          0          0         68   llushr.o
        36          0          0          0          0         68   memcpya.o
        36          0          0          0          0        108   memseta.o
      2312         92          0          0          0        600   printfa.o
        14          0          0          0          0         68   strlen.o
        36          0          0          0          0         80   strstr.o
        44          0          0          0          0         80   uidiv.o
        98          0          0          0          0         92   uldiv.o
        48          0          0          0          0         68   cdrcmple.o
       334          0          0          0          0        148   dadd.o
       222          0          0          0          0        100   ddiv.o
       186          0          0          0          0        176   depilogue.o
        48          0          0          0          0         68   dfixul.o
       228          0          0          0          0         96   dmul.o

    ----------------------------------------------------------------------
      3828        108          0          0          0       2024   Library Totals
         2          0          0          0          0          0   (incl. Padding)

    ----------------------------------------------------------------------

      Code (inc. data)   RO Data    RW Data    ZI Data      Debug   Library Name

      2760        108          0          0          0       1368   mc_w.l
      1066          0          0          0          0        656   mf_w.l

    ----------------------------------------------------------------------
      3828        108          0          0          0       2024   Library Totals

    ----------------------------------------------------------------------

==============================================================================


      Code (inc. data)   RO Data    RW Data    ZI Data      Debug   

     18080       2582       7540        172      12180     360443   Grand Totals
     18080       2582       7540        172      12180     360443   ELF Image Totals
     18080       2582       7540        172          0          0   ROM Totals

==============================================================================

    Total RO  Size (Code + RO Data)                25620 (  25.02kB)
    Total RW  Size (RW Data + ZI Data)             12352 (  12.06kB)
    Total ROM Size (Code + RO Data + RW Data)      25792 (  25.19kB)

==============================================================================

